Archive member included to satisfy reference by file (symbol)

f:/work/arm-none-eabi-gcc/gcc-arm-none-eabi-10.3-2021.10-win32/gcc-arm-none-eabi-10.3-2021.10/bin/../lib/gcc/arm-none-eabi/10.3.1/thumb/v7e-m/nofp\libgcc.a(_arm_mulsf3.o)
                              CMakeFiles/H750_SPI_AD9268.elf.dir/Core/Src/system_stm32h7xx.c.obj (__aeabi_fmul)
f:/work/arm-none-eabi-gcc/gcc-arm-none-eabi-10.3-2021.10-win32/gcc-arm-none-eabi-10.3-2021.10/bin/../lib/gcc/arm-none-eabi/10.3.1/thumb/v7e-m/nofp\libgcc.a(_arm_addsubsf3.o)
                              CMakeFiles/H750_SPI_AD9268.elf.dir/Core/Src/system_stm32h7xx.c.obj (__aeabi_fadd)
f:/work/arm-none-eabi-gcc/gcc-arm-none-eabi-10.3-2021.10-win32/gcc-arm-none-eabi-10.3-2021.10/bin/../lib/gcc/arm-none-eabi/10.3.1/thumb/v7e-m/nofp\libgcc.a(_arm_muldivsf3.o)
                              CMakeFiles/H750_SPI_AD9268.elf.dir/Core/Src/system_stm32h7xx.c.obj (__aeabi_fdiv)
f:/work/arm-none-eabi-gcc/gcc-arm-none-eabi-10.3-2021.10-win32/gcc-arm-none-eabi-10.3-2021.10/bin/../lib/gcc/arm-none-eabi/10.3.1/thumb/v7e-m/nofp\libgcc.a(_arm_fixunssfsi.o)
                              CMakeFiles/H750_SPI_AD9268.elf.dir/Core/Src/system_stm32h7xx.c.obj (__aeabi_f2uiz)
f:/work/arm-none-eabi-gcc/gcc-arm-none-eabi-10.3-2021.10-win32/gcc-arm-none-eabi-10.3-2021.10/bin/../lib/gcc/arm-none-eabi/10.3.1/thumb/v7e-m/nofp\libgcc.a(_aeabi_uldivmod.o)
                              CMakeFiles/H750_SPI_AD9268.elf.dir/Drivers/STM32H7xx_HAL_Driver/Src/stm32h7xx_hal_uart.c.obj (__aeabi_uldivmod)
f:/work/arm-none-eabi-gcc/gcc-arm-none-eabi-10.3-2021.10-win32/gcc-arm-none-eabi-10.3-2021.10/bin/../lib/gcc/arm-none-eabi/10.3.1/thumb/v7e-m/nofp\libgcc.a(_udivmoddi4.o)
                              f:/work/arm-none-eabi-gcc/gcc-arm-none-eabi-10.3-2021.10-win32/gcc-arm-none-eabi-10.3-2021.10/bin/../lib/gcc/arm-none-eabi/10.3.1/thumb/v7e-m/nofp\libgcc.a(_aeabi_uldivmod.o) (__udivmoddi4)
f:/work/arm-none-eabi-gcc/gcc-arm-none-eabi-10.3-2021.10-win32/gcc-arm-none-eabi-10.3-2021.10/bin/../lib/gcc/arm-none-eabi/10.3.1/thumb/v7e-m/nofp\libgcc.a(_dvmd_tls.o)
                              f:/work/arm-none-eabi-gcc/gcc-arm-none-eabi-10.3-2021.10-win32/gcc-arm-none-eabi-10.3-2021.10/bin/../lib/gcc/arm-none-eabi/10.3.1/thumb/v7e-m/nofp\libgcc.a(_aeabi_uldivmod.o) (__aeabi_ldiv0)
f:/work/arm-none-eabi-gcc/gcc-arm-none-eabi-10.3-2021.10-win32/gcc-arm-none-eabi-10.3-2021.10/bin/../lib/gcc/arm-none-eabi/10.3.1/../../../../arm-none-eabi/lib/thumb/v7e-m/nofp\libg.a(lib_a-errno.o)
                              CMakeFiles/H750_SPI_AD9268.elf.dir/Core/Src/retarget.c.obj (__errno)
f:/work/arm-none-eabi-gcc/gcc-arm-none-eabi-10.3-2021.10-win32/gcc-arm-none-eabi-10.3-2021.10/bin/../lib/gcc/arm-none-eabi/10.3.1/../../../../arm-none-eabi/lib/thumb/v7e-m/nofp\libg.a(lib_a-exit.o)
                              f:/work/arm-none-eabi-gcc/gcc-arm-none-eabi-10.3-2021.10-win32/gcc-arm-none-eabi-10.3-2021.10/bin/../lib/gcc/arm-none-eabi/10.3.1/../../../../arm-none-eabi/lib/thumb/v7e-m/nofp/crt0.o (exit)
f:/work/arm-none-eabi-gcc/gcc-arm-none-eabi-10.3-2021.10-win32/gcc-arm-none-eabi-10.3-2021.10/bin/../lib/gcc/arm-none-eabi/10.3.1/../../../../arm-none-eabi/lib/thumb/v7e-m/nofp\libg.a(lib_a-impure.o)
                              f:/work/arm-none-eabi-gcc/gcc-arm-none-eabi-10.3-2021.10-win32/gcc-arm-none-eabi-10.3-2021.10/bin/../lib/gcc/arm-none-eabi/10.3.1/../../../../arm-none-eabi/lib/thumb/v7e-m/nofp\libg.a(lib_a-exit.o) (_global_impure_ptr)
f:/work/arm-none-eabi-gcc/gcc-arm-none-eabi-10.3-2021.10-win32/gcc-arm-none-eabi-10.3-2021.10/bin/../lib/gcc/arm-none-eabi/10.3.1/../../../../arm-none-eabi/lib/thumb/v7e-m/nofp\libg.a(lib_a-init.o)
                              f:/work/arm-none-eabi-gcc/gcc-arm-none-eabi-10.3-2021.10-win32/gcc-arm-none-eabi-10.3-2021.10/bin/../lib/gcc/arm-none-eabi/10.3.1/../../../../arm-none-eabi/lib/thumb/v7e-m/nofp/crt0.o (__libc_init_array)
f:/work/arm-none-eabi-gcc/gcc-arm-none-eabi-10.3-2021.10-win32/gcc-arm-none-eabi-10.3-2021.10/bin/../lib/gcc/arm-none-eabi/10.3.1/../../../../arm-none-eabi/lib/thumb/v7e-m/nofp\libg.a(lib_a-memset.o)
                              f:/work/arm-none-eabi-gcc/gcc-arm-none-eabi-10.3-2021.10-win32/gcc-arm-none-eabi-10.3-2021.10/bin/../lib/gcc/arm-none-eabi/10.3.1/../../../../arm-none-eabi/lib/thumb/v7e-m/nofp/crt0.o (memset)
f:/work/arm-none-eabi-gcc/gcc-arm-none-eabi-10.3-2021.10-win32/gcc-arm-none-eabi-10.3-2021.10/bin/../lib/gcc/arm-none-eabi/10.3.1/../../../../arm-none-eabi/lib/thumb/v7e-m/nofp\libg.a(lib_a-setvbuf.o)
                              CMakeFiles/H750_SPI_AD9268.elf.dir/Core/Src/retarget.c.obj (setvbuf)
f:/work/arm-none-eabi-gcc/gcc-arm-none-eabi-10.3-2021.10-win32/gcc-arm-none-eabi-10.3-2021.10/bin/../lib/gcc/arm-none-eabi/10.3.1/../../../../arm-none-eabi/lib/thumb/v7e-m/nofp\libg.a(lib_a-__call_atexit.o)
[...]
Memory Configuration

Name             Origin             Length             Attributes
FLASH            0x08000000         0x00020000         xr
DTCMRAM          0x20000000         0x00020000         xrw
RAM_D1           0x24000000         0x00080000         xrw
RAM_D2           0x30000000         0x00048000         xrw
RAM_D3           0x38000000         0x00010000         xrw
ITCMRAM          0x00000000         0x00010000         xrw
*default*        0x00000000         0xffffffff

Linker script and memory map

LOAD f:/work/arm-none-eabi-gcc/gcc-arm-none-eabi-10.3-2021.10-win32/gcc-arm-none-eabi-10.3-2021.10/bin/../lib/gcc/arm-none-eabi/10.3.1/thumb/v7e-m/nofp/crti.o
LOAD f:/work/arm-none-eabi-gcc/gcc-arm-none-eabi-10.3-2021.10-win32/gcc-arm-none-eabi-10.3-2021.10/bin/../lib/gcc/arm-none-eabi/10.3.1/thumb/v7e-m/nofp/crtbegin.o
LOAD f:/work/arm-none-eabi-gcc/gcc-arm-none-eabi-10.3-2021.10-win32/gcc-arm-none-eabi-10.3-2021.10/bin/../lib/gcc/arm-none-eabi/10.3.1/../../../../arm-none-eabi/lib/thumb/v7e-m/nofp/crt0.o
LOAD CMakeFiles/H750_SPI_AD9268.elf.dir/Core/Src/AD9268.c.obj
LOAD CMakeFiles/H750_SPI_AD9268.elf.dir/Core/Src/Parallel_to_Serial.c.obj
LOAD CMakeFiles/H750_SPI_AD9268.elf.dir/Core/Src/gpio.c.obj
LOAD CMakeFiles/H750_SPI_AD9268.elf.dir/Core/Src/main.c.obj
LOAD CMakeFiles/H750_SPI_AD9268.elf.dir/Core/Src/retarget.c.obj
LOAD CMakeFiles/H750_SPI_AD9268.elf.dir/Core/Src/spi.c.obj
LOAD CMakeFiles/H750_SPI_AD9268.elf.dir/Core/Src/stm32h7xx_hal_msp.c.obj
LOAD CMakeFiles/H750_SPI_AD9268.elf.dir/Core/Src/stm32h7xx_it.c.obj
LOAD CMakeFiles/H750_SPI_AD9268.elf.dir/Core/Src/syscalls.c.obj
LOAD CMakeFiles/H750_SPI_AD9268.elf.dir/Core/Src/sysmem.c.obj
LOAD CMakeFiles/H750_SPI_AD9268.elf.dir/Core/Src/system_stm32h7xx.c.obj
LOAD CMakeFiles/H750_SPI_AD9268.elf.dir/Core/Src/tim.c.obj
LOAD CMakeFiles/H750_SPI_AD9268.elf.dir/Core/Src/usart.c.obj
LOAD CMakeFiles/H750_SPI_AD9268.elf.dir/Core/Startup/startup_stm32h750vbtx.s.obj
LOAD CMakeFiles/H750_SPI_AD9268.elf.dir/Drivers/STM32H7xx_HAL_Driver/Src/stm32h7xx_hal.c.obj
LOAD CMakeFiles/H750_SPI_AD9268.elf.dir/Drivers/STM32H7xx_HAL_Driver/Src/stm32h7xx_hal_cortex.c.obj
LOAD CMakeFiles/H750_SPI_AD9268.elf.dir/Drivers/STM32H7xx_HAL_Driver/Src/stm32h7xx_hal_dma.c.obj
LOAD CMakeFiles/H750_SPI_AD9268.elf.dir/Drivers/STM32H7xx_HAL_Driver/Src/stm32h7xx_hal_dma_ex.c.obj
LOAD CMakeFiles/H750_SPI_AD9268.elf.dir/Drivers/STM32H7xx_HAL_Driver/Src/stm32h7xx_hal_exti.c.obj
LOAD CMakeFiles/H750_SPI_AD9268.elf.dir/Drivers/STM32H7xx_HAL_Driver/Src/stm32h7xx_hal_flash.c.obj
LOAD CMakeFiles/H750_SPI_AD9268.elf.dir/Drivers/STM32H7xx_HAL_Driver/Src/stm32h7xx_hal_flash_ex.c.obj
LOAD CMakeFiles/H750_SPI_AD9268.elf.dir/Drivers/STM32H7xx_HAL_Driver/Src/stm32h7xx_hal_gpio.c.obj
LOAD CMakeFiles/H750_SPI_AD9268.elf.dir/Drivers/STM32H7xx_HAL_Driver/Src/stm32h7xx_hal_hsem.c.obj
LOAD CMakeFiles/H750_SPI_AD9268.elf.dir/Drivers/STM32H7xx_HAL_Driver/Src/stm32h7xx_hal_i2c.c.obj
LOAD CMakeFiles/H750_SPI_AD9268.elf.dir/Drivers/STM32H7xx_HAL_Driver/Src/stm32h7xx_hal_i2c_ex.c.obj
LOAD CMakeFiles/H750_SPI_AD9268.elf.dir/Drivers/STM32H7xx_HAL_Driver/Src/stm32h7xx_hal_mdma.c.obj
LOAD CMakeFiles/H750_SPI_AD9268.elf.dir/Drivers/STM32H7xx_HAL_Driver/Src/stm32h7xx_hal_pwr.c.obj
LOAD CMakeFiles/H750_SPI_AD9268.elf.dir/Drivers/STM32H7xx_HAL_Driver/Src/stm32h7xx_hal_pwr_ex.c.obj
LOAD CMakeFiles/H750_SPI_AD9268.elf.dir/Drivers/STM32H7xx_HAL_Driver/Src/stm32h7xx_hal_rcc.c.obj
LOAD CMakeFiles/H750_SPI_AD9268.elf.dir/Drivers/STM32H7xx_HAL_Driver/Src/stm32h7xx_hal_rcc_ex.c.obj
LOAD CMakeFiles/H750_SPI_AD9268.elf.dir/Drivers/STM32H7xx_HAL_Driver/Src/stm32h7xx_hal_spi.c.obj
LOAD CMakeFiles/H750_SPI_AD9268.elf.dir/Drivers/STM32H7xx_HAL_Driver/Src/stm32h7xx_hal_spi_ex.c.obj
LOAD CMakeFiles/H750_SPI_AD9268.elf.dir/Drivers/STM32H7xx_HAL_Driver/Src/stm32h7xx_hal_tim.c.obj
LOAD CMakeFiles/H750_SPI_AD9268.elf.dir/Drivers/STM32H7xx_HAL_Driver/Src/stm32h7xx_hal_tim_ex.c.obj
LOAD CMakeFiles/H750_SPI_AD9268.elf.dir/Drivers/STM32H7xx_HAL_Driver/Src/stm32h7xx_hal_uart.c.obj
LOAD CMakeFiles/H750_SPI_AD9268.elf.dir/Drivers/STM32H7xx_HAL_Driver/Src/stm32h7xx_hal_uart_ex.c.obj
START GROUP
LOAD f:/work/arm-none-eabi-gcc/gcc-arm-none-eabi-10.3-2021.10-win32/gcc-arm-none-eabi-10.3-2021.10/bin/../lib/gcc/arm-none-eabi/10.3.1/thumb/v7e-m/nofp\libgcc.a
LOAD f:/work/arm-none-eabi-gcc/gcc-arm-none-eabi-10.3-2021.10-win32/gcc-arm-none-eabi-10.3-2021.10/bin/../lib/gcc/arm-none-eabi/10.3.1/../../../../arm-none-eabi/lib/thumb/v7e-m/nofp\libg.a
LOAD f:/work/arm-none-eabi-gcc/gcc-arm-none-eabi-10.3-2021.10-win32/gcc-arm-none-eabi-10.3-2021.10/bin/../lib/gcc/arm-none-eabi/10.3.1/../../../../arm-none-eabi/lib/thumb/v7e-m/nofp\libc.a
END GROUP
LOAD f:/work/arm-none-eabi-gcc/gcc-arm-none-eabi-10.3-2021.10-win32/gcc-arm-none-eabi-10.3-2021.10/bin/../lib/gcc/arm-none-eabi/10.3.1/thumb/v7e-m/nofp/crtend.o
LOAD f:/work/arm-none-eabi-gcc/gcc-arm-none-eabi-10.3-2021.10-win32/gcc-arm-none-eabi-10.3-2021.10/bin/../lib/gcc/arm-none-eabi/10.3.1/thumb/v7e-m/nofp/crtn.o
                0x24080000                _estack = (ORIGIN (RAM_D1) + LENGTH (RAM_D1))
                0x00000400                _Min_Heap_Size = 0x400
                0x00000400                _Min_Stack_Size = 0x400

.isr_vector     0x08000000      0x298
                0x08000000                . = ALIGN (0x4)
 *(.isr_vector)
 .isr_vector    0x08000000      0x298 CMakeFiles/H750_SPI_AD9268.elf.dir/Core/Startup/startup_stm32h750vbtx.s.obj
                0x08000000                g_pfnVectors
                0x08000298                . = ALIGN (0x4)

.text           0x08000298     0x677c
                0x08000298                . = ALIGN (0x4)
 *(.text)
 .text          0x08000298       0x40 f:/work/arm-none-eabi-gcc/gcc-arm-none-eabi-10.3-2021.10-win32/gcc-arm-none-eabi-10.3-2021.10/bin/../lib/gcc/arm-none-eabi/10.3.1/thumb/v7e-m/nofp/crtbegin.o
 .text          0x080002d8      0x21c f:/work/arm-none-eabi-gcc/gcc-arm-none-eabi-10.3-2021.10-win32/gcc-arm-none-eabi-10.3-2021.10/bin/../lib/gcc/arm-none-eabi/10.3.1/thumb/v7e-m/nofp\libgcc.a(_arm_addsubsf3.o)
                0x080002d8                __aeabi_frsub
                0x080002e0                __subsf3
                0x080002e0                __aeabi_fsub
                0x080002e4                __aeabi_fadd
                0x080002e4                __addsf3
                0x08000444                __aeabi_ui2f
                0x08000444                __floatunsisf
                0x0800044c                __aeabi_i2f
                0x0800044c                __floatsisf
                0x08000468                __aeabi_ul2f
                0x08000468                __floatundisf
                0x08000478                __aeabi_l2f
                0x08000478                __floatdisf
 .text          0x080004f4      0x2a0 f:/work/arm-none-eabi-gcc/gcc-arm-none-eabi-10.3-2021.10-win32/gcc-arm-none-eabi-10.3-2021.10/bin/../lib/gcc/arm-none-eabi/10.3.1/thumb/v7e-m/nofp\libgcc.a(_arm_muldivsf3.o)
                0x080004f4                __mulsf3
                0x080004f4                __aeabi_fmul
                0x0800065c                __aeabi_fdiv
                0x0800065c                __divsf3
 .text          0x08000794       0x40 f:/work/arm-none-eabi-gcc/gcc-arm-none-eabi-10.3-2021.10-win32/gcc-arm-none-eabi-10.3-2021.10/bin/../lib/gcc/arm-none-eabi/10.3.1/thumb/v7e-m/nofp\libgcc.a(_arm_fixunssfsi.o)
                0x08000794                __fixunssfsi
                0x08000794                __aeabi_f2uiz
 .text          0x080007d4       0x30 f:/work/arm-none-eabi-gcc/gcc-arm-none-eabi-10.3-2021.10-win32/gcc-arm-none-eabi-10.3-2021.10/bin/../lib/gcc/arm-none-eabi/10.3.1/thumb/v7e-m/nofp\libgcc.a(_aeabi_uldivmod.o)
                0x080007d4                __aeabi_uldivmod
 .text          0x08000804      0x2d0 f:/work/arm-none-eabi-gcc/gcc-arm-none-eabi-10.3-2021.10-win32/gcc-arm-none-eabi-10.3-2021.10/bin/../lib/gcc/arm-none-eabi/10.3.1/thumb/v7e-m/nofp\libgcc.a(_udivmoddi4.o)
                0x08000804                __udivmoddi4
 .text          0x08000ad4        0x4 f:/work/arm-none-eabi-gcc/gcc-arm-none-eabi-10.3-2021.10-win32/gcc-arm-none-eabi-10.3-2021.10/bin/../lib/gcc/arm-none-eabi/10.3.1/thumb/v7e-m/nofp\libgcc.a(_dvmd_tls.o)
                0x08000ad4                __aeabi_idiv0
                0x08000ad4                __aeabi_ldiv0
 *(.text*)
 .text.SPI1_WriteBytes
                0x08000ad8       0x54 CMakeFiles/H750_SPI_AD9268.elf.dir/Core/Src/AD9268.c.obj
                0x08000ad8                SPI1_WriteBytes
 .text.delay_us
                0x08000b2c       0x74 CMakeFiles/H750_SPI_AD9268.elf.dir/Core/Src/AD9268.c.obj
                0x08000b2c                delay_us
 .text.AD9268_WriteByte
                0x08000ba0       0x3c CMakeFiles/H750_SPI_AD9268.elf.dir/Core/Src/AD9268.c.obj
                0x08000ba0                AD9268_WriteByte
 .text.Init_AD9268
                0x08000bdc       0x90 CMakeFiles/H750_SPI_AD9268.elf.dir/Core/Src/AD9268.c.obj
                0x08000bdc                Init_AD9268
 .text.MX_GPIO_Init
                0x08000c6c      0x134 CMakeFiles/H750_SPI_AD9268.elf.dir/Core/Src/gpio.c.obj
                0x08000c6c                MX_GPIO_Init
 .text.Error_Handler
                0x08000da0        0x4 CMakeFiles/H750_SPI_AD9268.elf.dir/Core/Src/main.c.obj
                0x08000da0                Error_Handler
 .text.SystemClock_Config
                0x08000da4      0x118 CMakeFiles/H750_SPI_AD9268.elf.dir/Core/Src/main.c.obj
                0x08000da4                SystemClock_Config
 .text.PeriphCommonClock_Config
                0x08000ebc       0x2a CMakeFiles/H750_SPI_AD9268.elf.dir/Core/Src/main.c.obj
                0x08000ebc                PeriphCommonClock_Config
 *fill*         0x08000ee6        0x2 
 .text.main     0x08000ee8      0x108 CMakeFiles/H750_SPI_AD9268.elf.dir/Core/Src/main.c.obj
                0x08000ee8                main
 .text.MX_SPI1_Init
                0x08000ff0       0x5c CMakeFiles/H750_SPI_AD9268.elf.dir/Core/Src/spi.c.obj
                0x08000ff0                MX_SPI1_Init
 .text.HAL_SPI_MspInit
                0x0800104c       0xb0 CMakeFiles/H750_SPI_AD9268.elf.dir/Core/Src/spi.c.obj
                0x0800104c                HAL_SPI_MspInit
 .text.HAL_MspInit
                0x080010fc       0x24 CMakeFiles/H750_SPI_AD9268.elf.dir/Core/Src/stm32h7xx_hal_msp.c.obj
                0x080010fc                HAL_MspInit
 .text.NMI_Handler
                0x08001120        0x2 CMakeFiles/H750_SPI_AD9268.elf.dir/Core/Src/stm32h7xx_it.c.obj
                0x08001120                NMI_Handler
 .text.HardFault_Handler
                0x08001122        0x2 CMakeFiles/H750_SPI_AD9268.elf.dir/Core/Src/stm32h7xx_it.c.obj
                0x08001122                HardFault_Handler
 .text.MemManage_Handler
                0x08001124        0x2 CMakeFiles/H750_SPI_AD9268.elf.dir/Core/Src/stm32h7xx_it.c.obj
                0x08001124                MemManage_Handler
 .text.BusFault_Handler
                0x08001126        0x2 CMakeFiles/H750_SPI_AD9268.elf.dir/Core/Src/stm32h7xx_it.c.obj
                0x08001126                BusFault_Handler
 .text.UsageFault_Handler
                0x08001128        0x2 CMakeFiles/H750_SPI_AD9268.elf.dir/Core/Src/stm32h7xx_it.c.obj
                0x08001128                UsageFault_Handler
 .text.SVC_Handler
                0x0800112a        0x2 CMakeFiles/H750_SPI_AD9268.elf.dir/Core/Src/stm32h7xx_it.c.obj
                0x0800112a                SVC_Handler
 .text.DebugMon_Handler
                0x0800112c        0x2 CMakeFiles/H750_SPI_AD9268.elf.dir/Core/Src/stm32h7xx_it.c.obj
                0x0800112c                DebugMon_Handler
 .text.PendSV_Handler
                0x0800112e        0x2 CMakeFiles/H750_SPI_AD9268.elf.dir/Core/Src/stm32h7xx_it.c.obj
                0x0800112e                PendSV_Handler
 .text.SysTick_Handler
                0x08001130        0x8 CMakeFiles/H750_SPI_AD9268.elf.dir/Core/Src/stm32h7xx_it.c.obj
                0x08001130                SysTick_Handler
 .text.EXTI4_IRQHandler
                0x08001138        0xa CMakeFiles/H750_SPI_AD9268.elf.dir/Core/Src/stm32h7xx_it.c.obj
                0x08001138                EXTI4_IRQHandler
 *fill*         0x08001142        0x2 
 .text.TIM1_BRK_IRQHandler
                0x08001144       0x10 CMakeFiles/H750_SPI_AD9268.elf.dir/Core/Src/stm32h7xx_it.c.obj
                0x08001144                TIM1_BRK_IRQHandler
 .text.TIM1_UP_IRQHandler
                0x08001154       0x10 CMakeFiles/H750_SPI_AD9268.elf.dir/Core/Src/stm32h7xx_it.c.obj
                0x08001154                TIM1_UP_IRQHandler
 .text.TIM2_IRQHandler
                0x08001164       0x10 CMakeFiles/H750_SPI_AD9268.elf.dir/Core/Src/stm32h7xx_it.c.obj
                0x08001164                TIM2_IRQHandler
 .text.TIM3_IRQHandler
                0x08001174       0x10 CMakeFiles/H750_SPI_AD9268.elf.dir/Core/Src/stm32h7xx_it.c.obj
                0x08001174                TIM3_IRQHandler
 .text.TIM4_IRQHandler
                0x08001184       0x10 CMakeFiles/H750_SPI_AD9268.elf.dir/Core/Src/stm32h7xx_it.c.obj
                0x08001184                TIM4_IRQHandler
 .text.SPI1_IRQHandler
                0x08001194       0x10 CMakeFiles/H750_SPI_AD9268.elf.dir/Core/Src/stm32h7xx_it.c.obj
                0x08001194                SPI1_IRQHandler
 .text.USART1_IRQHandler
                0x080011a4       0x10 CMakeFiles/H750_SPI_AD9268.elf.dir/Core/Src/stm32h7xx_it.c.obj
                0x080011a4                USART1_IRQHandler
 .text.TIM5_IRQHandler
                0x080011b4       0x10 CMakeFiles/H750_SPI_AD9268.elf.dir/Core/Src/stm32h7xx_it.c.obj
                0x080011b4                TIM5_IRQHandler
 .text.SystemInit
                0x080011c4       0xbc CMakeFiles/H750_SPI_AD9268.elf.dir/Core/Src/system_stm32h7xx.c.obj
                0x080011c4                SystemInit
 .text.MX_TIM2_Init
                0x08001280       0x6c CMakeFiles/H750_SPI_AD9268.elf.dir/Core/Src/tim.c.obj
                0x08001280                MX_TIM2_Init
 .text.MX_TIM3_Init
                0x080012ec       0xb4 CMakeFiles/H750_SPI_AD9268.elf.dir/Core/Src/tim.c.obj
                0x080012ec                MX_TIM3_Init
 .text.MX_TIM4_Init
                0x080013a0       0xb4 CMakeFiles/H750_SPI_AD9268.elf.dir/Core/Src/tim.c.obj
                0x080013a0                MX_TIM4_Init
 .text.HAL_TIM_PWM_MspInit
                0x08001454       0x8c CMakeFiles/H750_SPI_AD9268.elf.dir/Core/Src/tim.c.obj
                0x08001454                HAL_TIM_PWM_MspInit
 .text.HAL_TIM_Encoder_MspInit
                0x080014e0       0x80 CMakeFiles/H750_SPI_AD9268.elf.dir/Core/Src/tim.c.obj
                0x080014e0                HAL_TIM_Encoder_MspInit
 .text.HAL_TIM_Base_MspInit
                0x08001560       0xf0 CMakeFiles/H750_SPI_AD9268.elf.dir/Core/Src/tim.c.obj
                0x08001560                HAL_TIM_Base_MspInit
 .text.HAL_TIM_MspPostInit
                0x08001650       0x9c CMakeFiles/H750_SPI_AD9268.elf.dir/Core/Src/tim.c.obj
                0x08001650                HAL_TIM_MspPostInit
 .text.MX_TIM1_Init
                0x080016ec       0xc8 CMakeFiles/H750_SPI_AD9268.elf.dir/Core/Src/tim.c.obj
                0x080016ec                MX_TIM1_Init
 .text.MX_TIM5_Init
                0x080017b4       0x88 CMakeFiles/H750_SPI_AD9268.elf.dir/Core/Src/tim.c.obj
                0x080017b4                MX_TIM5_Init
 .text.HAL_TIM_IC_CaptureCallback
                0x0800183c        0x2 CMakeFiles/H750_SPI_AD9268.elf.dir/Core/Src/tim.c.obj
                0x0800183c                HAL_TIM_IC_CaptureCallback
 *fill*         0x0800183e        0x2 
 .text.MX_USART1_UART_Init
                0x08001840       0x68 CMakeFiles/H750_SPI_AD9268.elf.dir/Core/Src/usart.c.obj
                0x08001840                MX_USART1_UART_Init
 .text.HAL_UART_MspInit
                0x080018a8       0xa8 CMakeFiles/H750_SPI_AD9268.elf.dir/Core/Src/usart.c.obj
                0x080018a8                HAL_UART_MspInit
 .text.Reset_Handler
                0x08001950       0x50 CMakeFiles/H750_SPI_AD9268.elf.dir/Core/Startup/startup_stm32h750vbtx.s.obj
                0x08001950                Reset_Handler
 .text.Default_Handler
                0x080019a0        0x2 CMakeFiles/H750_SPI_AD9268.elf.dir/Core/Startup/startup_stm32h750vbtx.s.obj
                0x080019a0                RTC_Alarm_IRQHandler
                0x080019a0                HASH_RNG_IRQHandler
                0x080019a0                EXTI2_IRQHandler
                0x080019a0                TIM8_CC_IRQHandler
                0x080019a0                HRTIM1_Master_IRQHandler
                0x080019a0                UART8_IRQHandler
                0x080019a0                SPI4_IRQHandler
                0x080019a0                TIM1_CC_IRQHandler
                0x080019a0                BDMA_Channel6_IRQHandler
                0x080019a0                DMA2_Stream5_IRQHandler
                0x080019a0                HRTIM1_FLT_IRQHandler
                0x080019a0                JPEG_IRQHandler
                0x080019a0                DMA1_Stream5_IRQHandler
                0x080019a0                BDMA_Channel1_IRQHandler
                0x080019a0                HRTIM1_TIMD_IRQHandler
                0x080019a0                TAMP_STAMP_IRQHandler
                0x080019a0                EXTI3_IRQHandler
                0x080019a0                LPTIM4_IRQHandler
                0x080019a0                TIM8_TRG_COM_TIM14_IRQHandler
                0x080019a0                LPTIM2_IRQHandler
                0x080019a0                DFSDM1_FLT1_IRQHandler
                0x080019a0                DMAMUX2_OVR_IRQHandler
                0x080019a0                TIM8_UP_TIM13_IRQHandler
                0x080019a0                I2C3_ER_IRQHandler
                0x080019a0                DFSDM1_FLT2_IRQHandler
                0x080019a0                MDMA_IRQHandler
                0x080019a0                LPTIM3_IRQHandler
                0x080019a0                HSEM1_IRQHandler
                0x080019a0                EXTI0_IRQHandler
                0x080019a0                I2C2_EV_IRQHandler
                0x080019a0                DMA1_Stream2_IRQHandler
                0x080019a0                FPU_IRQHandler
                0x080019a0                OTG_HS_WKUP_IRQHandler
                0x080019a0                FDCAN1_IT1_IRQHandler
                0x080019a0                LTDC_ER_IRQHandler
                0x080019a0                DMA2_Stream2_IRQHandler
                0x080019a0                HRTIM1_TIME_IRQHandler
                0x080019a0                TIM6_DAC_IRQHandler
                0x080019a0                DCMI_IRQHandler
                0x080019a0                HRTIM1_TIMC_IRQHandler
                0x080019a0                DMA2_Stream3_IRQHandler
                0x080019a0                SAI2_IRQHandler
                0x080019a0                DFSDM1_FLT3_IRQHandler
                0x080019a0                USART6_IRQHandler
                0x080019a0                TIM17_IRQHandler
                0x080019a0                USART3_IRQHandler
                0x080019a0                BDMA_Channel7_IRQHandler
                0x080019a0                CRYP_IRQHandler
                0x080019a0                LPTIM5_IRQHandler
                0x080019a0                UART5_IRQHandler
                0x080019a0                ADC3_IRQHandler
                0x080019a0                DMA2_Stream0_IRQHandler
                0x080019a0                BDMA_Channel2_IRQHandler
                0x080019a0                QUADSPI_IRQHandler
                0x080019a0                I2C1_EV_IRQHandler
                0x080019a0                DMA1_Stream6_IRQHandler
                0x080019a0                DMAMUX1_OVR_IRQHandler
                0x080019a0                DMA1_Stream1_IRQHandler
                0x080019a0                TIM16_IRQHandler
                0x080019a0                UART4_IRQHandler
                0x080019a0                BDMA_Channel5_IRQHandler
                0x080019a0                RCC_IRQHandler
                0x080019a0                TIM8_BRK_TIM12_IRQHandler
                0x080019a0                TIM1_TRG_COM_IRQHandler
                0x080019a0                Default_Handler
                0x080019a0                ECC_IRQHandler
                0x080019a0                CEC_IRQHandler
                0x080019a0                EXTI15_10_IRQHandler
                0x080019a0                BDMA_Channel0_IRQHandler
                0x080019a0                ADC_IRQHandler
                0x080019a0                DMA1_Stream7_IRQHandler
                0x080019a0                HRTIM1_TIMA_IRQHandler
                0x080019a0                SPI5_IRQHandler
                0x080019a0                TIM7_IRQHandler
                0x080019a0                SDMMC1_IRQHandler
                0x080019a0                DMA2_Stream7_IRQHandler
                0x080019a0                TIM15_IRQHandler
                0x080019a0                PVD_AVD_IRQHandler
                0x080019a0                I2C3_EV_IRQHandler
                0x080019a0                EXTI9_5_IRQHandler
                0x080019a0                RTC_WKUP_IRQHandler
                0x080019a0                LTDC_IRQHandler
                0x080019a0                SAI3_IRQHandler
                0x080019a0                ETH_WKUP_IRQHandler
                0x080019a0                SPDIF_RX_IRQHandler
                0x080019a0                SPI2_IRQHandler
                0x080019a0                OTG_HS_EP1_IN_IRQHandler
                0x080019a0                DMA1_Stream0_IRQHandler
                0x080019a0                CRS_IRQHandler
                0x080019a0                HRTIM1_TIMB_IRQHandler
                0x080019a0                FDCAN2_IT1_IRQHandler
                0x080019a0                ETH_IRQHandler
                0x080019a0                BDMA_Channel4_IRQHandler
                0x080019a0                OTG_HS_EP1_OUT_IRQHandler
                0x080019a0                WWDG_IRQHandler
                0x080019a0                SPI6_IRQHandler
                0x080019a0                MDIOS_IRQHandler
                0x080019a0                I2C4_EV_IRQHandler
                0x080019a0                FDCAN2_IT0_IRQHandler
                0x080019a0                LPUART1_IRQHandler
                0x080019a0                FDCAN1_IT0_IRQHandler
                0x080019a0                OTG_FS_WKUP_IRQHandler
                0x080019a0                OTG_HS_IRQHandler
                0x080019a0                DMA2D_IRQHandler
                0x080019a0                EXTI1_IRQHandler
                0x080019a0                SDMMC2_IRQHandler
                0x080019a0                OTG_FS_EP1_OUT_IRQHandler
                0x080019a0                BDMA_Channel3_IRQHandler
                0x080019a0                UART7_IRQHandler
                0x080019a0                MDIOS_WKUP_IRQHandler
                0x080019a0                USART2_IRQHandler
                0x080019a0                DFSDM1_FLT0_IRQHandler
                0x080019a0                SAI4_IRQHandler
                0x080019a0                I2C2_ER_IRQHandler
                0x080019a0                DMA2_Stream1_IRQHandler
                0x080019a0                FLASH_IRQHandler
                0x080019a0                DMA2_Stream4_IRQHandler
                0x080019a0                OTG_FS_IRQHandler
                0x080019a0                SPI3_IRQHandler
                0x080019a0                WAKEUP_PIN_IRQHandler
                0x080019a0                DMA1_Stream4_IRQHandler
                0x080019a0                OTG_FS_EP1_IN_IRQHandler
                0x080019a0                I2C1_ER_IRQHandler
                0x080019a0                FMC_IRQHandler
                0x080019a0                FDCAN_CAL_IRQHandler
                0x080019a0                SWPMI1_IRQHandler
                0x080019a0                COMP1_IRQHandler
                0x080019a0                LPTIM1_IRQHandler
                0x080019a0                I2C4_ER_IRQHandler
                0x080019a0                DMA2_Stream6_IRQHandler
                0x080019a0                SAI1_IRQHandler
                0x080019a0                DMA1_Stream3_IRQHandler
 *fill*         0x080019a2        0x2 
 .text.HAL_InitTick
                0x080019a4       0x50 CMakeFiles/H750_SPI_AD9268.elf.dir/Drivers/STM32H7xx_HAL_Driver/Src/stm32h7xx_hal.c.obj
                0x080019a4                HAL_InitTick
 .text.HAL_Init
                0x080019f4       0x5c CMakeFiles/H750_SPI_AD9268.elf.dir/Drivers/STM32H7xx_HAL_Driver/Src/stm32h7xx_hal.c.obj
                0x080019f4                HAL_Init
 .text.HAL_IncTick
                0x08001a50       0x18 CMakeFiles/H750_SPI_AD9268.elf.dir/Drivers/STM32H7xx_HAL_Driver/Src/stm32h7xx_hal.c.obj
                0x08001a50                HAL_IncTick
 .text.HAL_GetTick
                0x08001a68        0xc CMakeFiles/H750_SPI_AD9268.elf.dir/Drivers/STM32H7xx_HAL_Driver/Src/stm32h7xx_hal.c.obj
                0x08001a68                HAL_GetTick
 .text.HAL_Delay
                0x08001a74       0x28 CMakeFiles/H750_SPI_AD9268.elf.dir/Drivers/STM32H7xx_HAL_Driver/Src/stm32h7xx_hal.c.obj
                0x08001a74                HAL_Delay
 .text.HAL_GetREVID
                0x08001a9c        0xc CMakeFiles/H750_SPI_AD9268.elf.dir/Drivers/STM32H7xx_HAL_Driver/Src/stm32h7xx_hal.c.obj
                0x08001a9c                HAL_GetREVID
 .text.HAL_NVIC_SetPriorityGrouping
                0x08001aa8       0x24 CMakeFiles/H750_SPI_AD9268.elf.dir/Drivers/STM32H7xx_HAL_Driver/Src/stm32h7xx_hal_cortex.c.obj
                0x08001aa8                HAL_NVIC_SetPriorityGrouping
 .text.HAL_NVIC_SetPriority
                0x08001acc       0x6c CMakeFiles/H750_SPI_AD9268.elf.dir/Drivers/STM32H7xx_HAL_Driver/Src/stm32h7xx_hal_cortex.c.obj
                0x08001acc                HAL_NVIC_SetPriority
 .text.HAL_NVIC_EnableIRQ
                0x08001b38       0x1c CMakeFiles/H750_SPI_AD9268.elf.dir/Drivers/STM32H7xx_HAL_Driver/Src/stm32h7xx_hal_cortex.c.obj
                0x08001b38                HAL_NVIC_EnableIRQ
 .text.HAL_SYSTICK_Config
                0x08001b54       0x28 CMakeFiles/H750_SPI_AD9268.elf.dir/Drivers/STM32H7xx_HAL_Driver/Src/stm32h7xx_hal_cortex.c.obj
                0x08001b54                HAL_SYSTICK_Config
 .text.HAL_DMA_Abort
                0x08001b7c      0x340 CMakeFiles/H750_SPI_AD9268.elf.dir/Drivers/STM32H7xx_HAL_Driver/Src/stm32h7xx_hal_dma.c.obj
                0x08001b7c                HAL_DMA_Abort
 .text.HAL_DMA_Abort_IT
                0x08001ebc      0x270 CMakeFiles/H750_SPI_AD9268.elf.dir/Drivers/STM32H7xx_HAL_Driver/Src/stm32h7xx_hal_dma.c.obj
                0x08001ebc                HAL_DMA_Abort_IT
 .text.HAL_GPIO_Init
                0x0800212c      0x228 CMakeFiles/H750_SPI_AD9268.elf.dir/Drivers/STM32H7xx_HAL_Driver/Src/stm32h7xx_hal_gpio.c.obj
                0x0800212c                HAL_GPIO_Init
 .text.HAL_GPIO_WritePin
                0x08002354        0xc CMakeFiles/H750_SPI_AD9268.elf.dir/Drivers/STM32H7xx_HAL_Driver/Src/stm32h7xx_hal_gpio.c.obj
                0x08002354                HAL_GPIO_WritePin
 .text.HAL_GPIO_EXTI_Callback
                0x08002360        0x2 CMakeFiles/H750_SPI_AD9268.elf.dir/Drivers/STM32H7xx_HAL_Driver/Src/stm32h7xx_hal_gpio.c.obj
                0x08002360                HAL_GPIO_EXTI_Callback
 .text.HAL_GPIO_EXTI_IRQHandler
                0x08002362       0x1e CMakeFiles/H750_SPI_AD9268.elf.dir/Drivers/STM32H7xx_HAL_Driver/Src/stm32h7xx_hal_gpio.c.obj
                0x08002362                HAL_GPIO_EXTI_IRQHandler
 .text.HAL_PWREx_ConfigSupply
                0x08002380       0x54 CMakeFiles/H750_SPI_AD9268.elf.dir/Drivers/STM32H7xx_HAL_Driver/Src/stm32h7xx_hal_pwr_ex.c.obj
                0x08002380                HAL_PWREx_ConfigSupply
 .text.HAL_RCC_OscConfig
                0x080023d4      0x6b4 CMakeFiles/H750_SPI_AD9268.elf.dir/Drivers/STM32H7xx_HAL_Driver/Src/stm32h7xx_hal_rcc.c.obj
                0x080023d4                HAL_RCC_OscConfig
 .text.HAL_RCC_GetSysClockFreq
                0x08002a88      0x218 CMakeFiles/H750_SPI_AD9268.elf.dir/Drivers/STM32H7xx_HAL_Driver/Src/stm32h7xx_hal_rcc.c.obj
                0x08002a88                HAL_RCC_GetSysClockFreq
 .text.HAL_RCC_ClockConfig
                0x08002ca0      0x294 CMakeFiles/H750_SPI_AD9268.elf.dir/Drivers/STM32H7xx_HAL_Driver/Src/stm32h7xx_hal_rcc.c.obj
                0x08002ca0                HAL_RCC_ClockConfig
 .text.HAL_RCC_GetHCLKFreq
                0x08002f34       0x44 CMakeFiles/H750_SPI_AD9268.elf.dir/Drivers/STM32H7xx_HAL_Driver/Src/stm32h7xx_hal_rcc.c.obj
                0x08002f34                HAL_RCC_GetHCLKFreq
 .text.HAL_RCC_GetPCLK1Freq
                0x08002f78       0x24 CMakeFiles/H750_SPI_AD9268.elf.dir/Drivers/STM32H7xx_HAL_Driver/Src/stm32h7xx_hal_rcc.c.obj
                0x08002f78                HAL_RCC_GetPCLK1Freq
 .text.HAL_RCC_GetPCLK2Freq
                0x08002f9c       0x24 CMakeFiles/H750_SPI_AD9268.elf.dir/Drivers/STM32H7xx_HAL_Driver/Src/stm32h7xx_hal_rcc.c.obj
                0x08002f9c                HAL_RCC_GetPCLK2Freq
 .text.RCCEx_PLL2_Config
                0x08002fc0      0x10c CMakeFiles/H750_SPI_AD9268.elf.dir/Drivers/STM32H7xx_HAL_Driver/Src/stm32h7xx_hal_rcc_ex.c.obj
 .text.RCCEx_PLL3_Config
                0x080030cc      0x10c CMakeFiles/H750_SPI_AD9268.elf.dir/Drivers/STM32H7xx_HAL_Driver/Src/stm32h7xx_hal_rcc_ex.c.obj
 .text.HAL_RCCEx_PeriphCLKConfig
                0x080031d8      0xa8c CMakeFiles/H750_SPI_AD9268.elf.dir/Drivers/STM32H7xx_HAL_Driver/Src/stm32h7xx_hal_rcc_ex.c.obj
                0x080031d8                HAL_RCCEx_PeriphCLKConfig
 .text.HAL_RCCEx_GetD3PCLK1Freq
                0x08003c64       0x24 CMakeFiles/H750_SPI_AD9268.elf.dir/Drivers/STM32H7xx_HAL_Driver/Src/stm32h7xx_hal_rcc_ex.c.obj
                0x08003c64                HAL_RCCEx_GetD3PCLK1Freq
 .text.HAL_RCCEx_GetPLL2ClockFreq
                0x08003c88      0x234 CMakeFiles/H750_SPI_AD9268.elf.dir/Drivers/STM32H7xx_HAL_Driver/Src/stm32h7xx_hal_rcc_ex.c.obj
                0x08003c88                HAL_RCCEx_GetPLL2ClockFreq
 .text.HAL_RCCEx_GetPLL3ClockFreq
                0x08003ebc      0x234 CMakeFiles/H750_SPI_AD9268.elf.dir/Drivers/STM32H7xx_HAL_Driver/Src/stm32h7xx_hal_rcc_ex.c.obj
                0x08003ebc                HAL_RCCEx_GetPLL3ClockFreq
 .text.SPI_CloseTransfer
                0x080040f0       0xcc CMakeFiles/H750_SPI_AD9268.elf.dir/Drivers/STM32H7xx_HAL_Driver/Src/stm32h7xx_hal_spi.c.obj
 .text.SPI_GetPacketSize
                0x080041bc       0x10 CMakeFiles/H750_SPI_AD9268.elf.dir/Drivers/STM32H7xx_HAL_Driver/Src/stm32h7xx_hal_spi.c.obj
 .text.SPI_WaitOnFlagUntilTimeout
                0x080041cc       0x46 CMakeFiles/H750_SPI_AD9268.elf.dir/Drivers/STM32H7xx_HAL_Driver/Src/stm32h7xx_hal_spi.c.obj
 *fill*         0x08004212        0x2 
 .text.HAL_SPI_Init
                0x08004214      0x190 CMakeFiles/H750_SPI_AD9268.elf.dir/Drivers/STM32H7xx_HAL_Driver/Src/stm32h7xx_hal_spi.c.obj
                0x08004214                HAL_SPI_Init
 .text.HAL_SPI_Transmit
                0x080043a4      0x2d4 CMakeFiles/H750_SPI_AD9268.elf.dir/Drivers/STM32H7xx_HAL_Driver/Src/stm32h7xx_hal_spi.c.obj
                0x080043a4                HAL_SPI_Transmit
 .text.HAL_SPI_TxCpltCallback
                0x08004678        0x2 CMakeFiles/H750_SPI_AD9268.elf.dir/Drivers/STM32H7xx_HAL_Driver/Src/stm32h7xx_hal_spi.c.obj
                0x08004678                HAL_SPI_TxCpltCallback
 .text.HAL_SPI_RxCpltCallback
                0x0800467a        0x2 CMakeFiles/H750_SPI_AD9268.elf.dir/Drivers/STM32H7xx_HAL_Driver/Src/stm32h7xx_hal_spi.c.obj
                0x0800467a                HAL_SPI_RxCpltCallback
 .text.HAL_SPI_TxRxCpltCallback
                0x0800467c        0x2 CMakeFiles/H750_SPI_AD9268.elf.dir/Drivers/STM32H7xx_HAL_Driver/Src/stm32h7xx_hal_spi.c.obj
                0x0800467c                HAL_SPI_TxRxCpltCallback
 .text.HAL_SPI_ErrorCallback
                0x0800467e        0x2 CMakeFiles/H750_SPI_AD9268.elf.dir/Drivers/STM32H7xx_HAL_Driver/Src/stm32h7xx_hal_spi.c.obj
                0x0800467e                HAL_SPI_ErrorCallback
 .text.SPI_DMAAbortOnError
                0x08004680       0x1a CMakeFiles/H750_SPI_AD9268.elf.dir/Drivers/STM32H7xx_HAL_Driver/Src/stm32h7xx_hal_spi.c.obj
 .text.HAL_SPI_SuspendCallback
                0x0800469a        0x2 CMakeFiles/H750_SPI_AD9268.elf.dir/Drivers/STM32H7xx_HAL_Driver/Src/stm32h7xx_hal_spi.c.obj
                0x0800469a                HAL_SPI_SuspendCallback
 .text.HAL_SPI_IRQHandler
                0x0800469c      0x240 CMakeFiles/H750_SPI_AD9268.elf.dir/Drivers/STM32H7xx_HAL_Driver/Src/stm32h7xx_hal_spi.c.obj
                0x0800469c                HAL_SPI_IRQHandler
 .text.TIM_OC1_SetConfig
                0x080048dc       0xa8 CMakeFiles/H750_SPI_AD9268.elf.dir/Drivers/STM32H7xx_HAL_Driver/Src/stm32h7xx_hal_tim.c.obj
 .text.TIM_OC3_SetConfig
                0x08004984       0x94 CMakeFiles/H750_SPI_AD9268.elf.dir/Drivers/STM32H7xx_HAL_Driver/Src/stm32h7xx_hal_tim.c.obj
 .text.TIM_OC4_SetConfig
                0x08004a18       0x74 CMakeFiles/H750_SPI_AD9268.elf.dir/Drivers/STM32H7xx_HAL_Driver/Src/stm32h7xx_hal_tim.c.obj
 .text.TIM_OC5_SetConfig
                0x08004a8c       0x74 CMakeFiles/H750_SPI_AD9268.elf.dir/Drivers/STM32H7xx_HAL_Driver/Src/stm32h7xx_hal_tim.c.obj
 .text.TIM_OC6_SetConfig
                0x08004b00       0x74 CMakeFiles/H750_SPI_AD9268.elf.dir/Drivers/STM32H7xx_HAL_Driver/Src/stm32h7xx_hal_tim.c.obj
 .text.TIM_TI1_ConfigInputStage
                0x08004b74       0x24 CMakeFiles/H750_SPI_AD9268.elf.dir/Drivers/STM32H7xx_HAL_Driver/Src/stm32h7xx_hal_tim.c.obj
 .text.TIM_TI2_SetConfig
                0x08004b98       0x36 CMakeFiles/H750_SPI_AD9268.elf.dir/Drivers/STM32H7xx_HAL_Driver/Src/stm32h7xx_hal_tim.c.obj
 .text.TIM_TI2_ConfigInputStage
                0x08004bce       0x26 CMakeFiles/H750_SPI_AD9268.elf.dir/Drivers/STM32H7xx_HAL_Driver/Src/stm32h7xx_hal_tim.c.obj
 .text.TIM_TI3_SetConfig
                0x08004bf4       0x36 CMakeFiles/H750_SPI_AD9268.elf.dir/Drivers/STM32H7xx_HAL_Driver/Src/stm32h7xx_hal_tim.c.obj
 .text.TIM_TI4_SetConfig
                0x08004c2a       0x36 CMakeFiles/H750_SPI_AD9268.elf.dir/Drivers/STM32H7xx_HAL_Driver/Src/stm32h7xx_hal_tim.c.obj
 .text.HAL_TIM_IC_MspInit
                0x08004c60        0x2 CMakeFiles/H750_SPI_AD9268.elf.dir/Drivers/STM32H7xx_HAL_Driver/Src/stm32h7xx_hal_tim.c.obj
                0x08004c60                HAL_TIM_IC_MspInit
 .text.HAL_TIM_PeriodElapsedCallback
                0x08004c62        0x2 CMakeFiles/H750_SPI_AD9268.elf.dir/Drivers/STM32H7xx_HAL_Driver/Src/stm32h7xx_hal_tim.c.obj
                0x08004c62                HAL_TIM_PeriodElapsedCallback
 .text.HAL_TIM_OC_DelayElapsedCallback
                0x08004c64        0x2 CMakeFiles/H750_SPI_AD9268.elf.dir/Drivers/STM32H7xx_HAL_Driver/Src/stm32h7xx_hal_tim.c.obj
                0x08004c64                HAL_TIM_OC_DelayElapsedCallback
 .text.HAL_TIM_PWM_PulseFinishedCallback
                0x08004c66        0x2 CMakeFiles/H750_SPI_AD9268.elf.dir/Drivers/STM32H7xx_HAL_Driver/Src/stm32h7xx_hal_tim.c.obj
                0x08004c66                HAL_TIM_PWM_PulseFinishedCallback
 .text.HAL_TIM_TriggerCallback
                0x08004c68        0x2 CMakeFiles/H750_SPI_AD9268.elf.dir/Drivers/STM32H7xx_HAL_Driver/Src/stm32h7xx_hal_tim.c.obj
                0x08004c68                HAL_TIM_TriggerCallback
 .text.HAL_TIM_IRQHandler
                0x08004c6a      0x19a CMakeFiles/H750_SPI_AD9268.elf.dir/Drivers/STM32H7xx_HAL_Driver/Src/stm32h7xx_hal_tim.c.obj
                0x08004c6a                HAL_TIM_IRQHandler
 .text.TIM_Base_SetConfig
                0x08004e04      0x104 CMakeFiles/H750_SPI_AD9268.elf.dir/Drivers/STM32H7xx_HAL_Driver/Src/stm32h7xx_hal_tim.c.obj
                0x08004e04                TIM_Base_SetConfig
 .text.HAL_TIM_Base_Init
                0x08004f08       0x60 CMakeFiles/H750_SPI_AD9268.elf.dir/Drivers/STM32H7xx_HAL_Driver/Src/stm32h7xx_hal_tim.c.obj
                0x08004f08                HAL_TIM_Base_Init
 .text.HAL_TIM_PWM_Init
                0x08004f68       0x60 CMakeFiles/H750_SPI_AD9268.elf.dir/Drivers/STM32H7xx_HAL_Driver/Src/stm32h7xx_hal_tim.c.obj
                0x08004f68                HAL_TIM_PWM_Init
 .text.HAL_TIM_IC_Init
                0x08004fc8       0x60 CMakeFiles/H750_SPI_AD9268.elf.dir/Drivers/STM32H7xx_HAL_Driver/Src/stm32h7xx_hal_tim.c.obj
                0x08004fc8                HAL_TIM_IC_Init
 .text.HAL_TIM_Encoder_Init
                0x08005028       0xbc CMakeFiles/H750_SPI_AD9268.elf.dir/Drivers/STM32H7xx_HAL_Driver/Src/stm32h7xx_hal_tim.c.obj
                0x08005028                HAL_TIM_Encoder_Init
 .text.TIM_OC2_SetConfig
                0x080050e4       0x94 CMakeFiles/H750_SPI_AD9268.elf.dir/Drivers/STM32H7xx_HAL_Driver/Src/stm32h7xx_hal_tim.c.obj
                0x080050e4                TIM_OC2_SetConfig
 .text.HAL_TIM_PWM_ConfigChannel
                0x08005178      0x13a CMakeFiles/H750_SPI_AD9268.elf.dir/Drivers/STM32H7xx_HAL_Driver/Src/stm32h7xx_hal_tim.c.obj
                0x08005178                HAL_TIM_PWM_ConfigChannel
 *fill*         0x080052b2        0x2 
 .text.TIM_TI1_SetConfig
                0x080052b4       0x94 CMakeFiles/H750_SPI_AD9268.elf.dir/Drivers/STM32H7xx_HAL_Driver/Src/stm32h7xx_hal_tim.c.obj
                0x080052b4                TIM_TI1_SetConfig
 .text.HAL_TIM_IC_ConfigChannel
                0x08005348       0xc4 CMakeFiles/H750_SPI_AD9268.elf.dir/Drivers/STM32H7xx_HAL_Driver/Src/stm32h7xx_hal_tim.c.obj
                0x08005348                HAL_TIM_IC_ConfigChannel
 .text.TIM_ETR_SetConfig
                0x0800540c       0x18 CMakeFiles/H750_SPI_AD9268.elf.dir/Drivers/STM32H7xx_HAL_Driver/Src/stm32h7xx_hal_tim.c.obj
                0x0800540c                TIM_ETR_SetConfig
 .text.TIM_SlaveTimer_SetConfig
                0x08005424      0x150 CMakeFiles/H750_SPI_AD9268.elf.dir/Drivers/STM32H7xx_HAL_Driver/Src/stm32h7xx_hal_tim.c.obj
 .text.HAL_TIM_SlaveConfigSynchro
                0x08005574       0x52 CMakeFiles/H750_SPI_AD9268.elf.dir/Drivers/STM32H7xx_HAL_Driver/Src/stm32h7xx_hal_tim.c.obj
                0x08005574                HAL_TIM_SlaveConfigSynchro
 .text.TIM_CCxChannelCmd
                0x080055c6       0x1e CMakeFiles/H750_SPI_AD9268.elf.dir/Drivers/STM32H7xx_HAL_Driver/Src/stm32h7xx_hal_tim.c.obj
                0x080055c6                TIM_CCxChannelCmd
 .text.HAL_TIM_PWM_Start
                0x080055e4      0x168 CMakeFiles/H750_SPI_AD9268.elf.dir/Drivers/STM32H7xx_HAL_Driver/Src/stm32h7xx_hal_tim.c.obj
                0x080055e4                HAL_TIM_PWM_Start
 .text.HAL_TIM_IC_Start_IT
                0x0800574c      0x1b0 CMakeFiles/H750_SPI_AD9268.elf.dir/Drivers/STM32H7xx_HAL_Driver/Src/stm32h7xx_hal_tim.c.obj
                0x0800574c                HAL_TIM_IC_Start_IT
 .text.HAL_TIMEx_MasterConfigSynchronization
                0x080058fc       0xa0 CMakeFiles/H750_SPI_AD9268.elf.dir/Drivers/STM32H7xx_HAL_Driver/Src/stm32h7xx_hal_tim_ex.c.obj
                0x080058fc                HAL_TIMEx_MasterConfigSynchronization
 .text.HAL_TIMEx_ConfigBreakDeadTime
                0x0800599c       0x90 CMakeFiles/H750_SPI_AD9268.elf.dir/Drivers/STM32H7xx_HAL_Driver/Src/stm32h7xx_hal_tim_ex.c.obj
                0x0800599c                HAL_TIMEx_ConfigBreakDeadTime
 .text.HAL_TIMEx_CommutCallback
                0x08005a2c        0x2 CMakeFiles/H750_SPI_AD9268.elf.dir/Drivers/STM32H7xx_HAL_Driver/Src/stm32h7xx_hal_tim_ex.c.obj
                0x08005a2c                HAL_TIMEx_CommutCallback
 .text.HAL_TIMEx_BreakCallback
                0x08005a2e        0x2 CMakeFiles/H750_SPI_AD9268.elf.dir/Drivers/STM32H7xx_HAL_Driver/Src/stm32h7xx_hal_tim_ex.c.obj
                0x08005a2e                HAL_TIMEx_BreakCallback
 .text.HAL_TIMEx_Break2Callback
                0x08005a30        0x2 CMakeFiles/H750_SPI_AD9268.elf.dir/Drivers/STM32H7xx_HAL_Driver/Src/stm32h7xx_hal_tim_ex.c.obj
                0x08005a30                HAL_TIMEx_Break2Callback
 *fill*         0x08005a32        0x2 
 .text.UART_EndRxTransfer
                0x08005a34       0x58 CMakeFiles/H750_SPI_AD9268.elf.dir/Drivers/STM32H7xx_HAL_Driver/Src/stm32h7xx_hal_uart.c.obj
 .text.HAL_UART_TxCpltCallback
                0x08005a8c        0x2 CMakeFiles/H750_SPI_AD9268.elf.dir/Drivers/STM32H7xx_HAL_Driver/Src/stm32h7xx_hal_uart.c.obj
                0x08005a8c                HAL_UART_TxCpltCallback
 .text.UART_EndTransmit_IT
                0x08005a8e       0x24 CMakeFiles/H750_SPI_AD9268.elf.dir/Drivers/STM32H7xx_HAL_Driver/Src/stm32h7xx_hal_uart.c.obj
 .text.HAL_UART_ErrorCallback
                0x08005ab2        0x2 CMakeFiles/H750_SPI_AD9268.elf.dir/Drivers/STM32H7xx_HAL_Driver/Src/stm32h7xx_hal_uart.c.obj
                0x08005ab2                HAL_UART_ErrorCallback
 .text.UART_DMAAbortOnError
                0x08005ab4       0x14 CMakeFiles/H750_SPI_AD9268.elf.dir/Drivers/STM32H7xx_HAL_Driver/Src/stm32h7xx_hal_uart.c.obj
 .text.HAL_UARTEx_RxEventCallback
                0x08005ac8        0x2 CMakeFiles/H750_SPI_AD9268.elf.dir/Drivers/STM32H7xx_HAL_Driver/Src/stm32h7xx_hal_uart.c.obj
                0x08005ac8                HAL_UARTEx_RxEventCallback
 *fill*         0x08005aca        0x2 
 .text.HAL_UART_IRQHandler
                0x08005acc      0x3b8 CMakeFiles/H750_SPI_AD9268.elf.dir/Drivers/STM32H7xx_HAL_Driver/Src/stm32h7xx_hal_uart.c.obj
                0x08005acc                HAL_UART_IRQHandler
 .text.UART_SetConfig
                0x08005e84      0x5f4 CMakeFiles/H750_SPI_AD9268.elf.dir/Drivers/STM32H7xx_HAL_Driver/Src/stm32h7xx_hal_uart.c.obj
                0x08005e84                UART_SetConfig
 .text.UART_AdvFeatureConfig
                0x08006478       0xca CMakeFiles/H750_SPI_AD9268.elf.dir/Drivers/STM32H7xx_HAL_Driver/Src/stm32h7xx_hal_uart.c.obj
                0x08006478                UART_AdvFeatureConfig
 .text.UART_WaitOnFlagUntilTimeout
                0x08006542       0x9a CMakeFiles/H750_SPI_AD9268.elf.dir/Drivers/STM32H7xx_HAL_Driver/Src/stm32h7xx_hal_uart.c.obj
                0x08006542                UART_WaitOnFlagUntilTimeout
 .text.UART_CheckIdleState
                0x080065dc       0xca CMakeFiles/H750_SPI_AD9268.elf.dir/Drivers/STM32H7xx_HAL_Driver/Src/stm32h7xx_hal_uart.c.obj
                0x080065dc                UART_CheckIdleState
 .text.HAL_UART_Init
                0x080066a6       0x66 CMakeFiles/H750_SPI_AD9268.elf.dir/Drivers/STM32H7xx_HAL_Driver/Src/stm32h7xx_hal_uart.c.obj
                0x080066a6                HAL_UART_Init
 .text.UARTEx_SetNbDataToProcess
                0x0800670c       0x4c CMakeFiles/H750_SPI_AD9268.elf.dir/Drivers/STM32H7xx_HAL_Driver/Src/stm32h7xx_hal_uart_ex.c.obj
 .text.HAL_UARTEx_WakeupCallback
                0x08006758        0x2 CMakeFiles/H750_SPI_AD9268.elf.dir/Drivers/STM32H7xx_HAL_Driver/Src/stm32h7xx_hal_uart_ex.c.obj
                0x08006758                HAL_UARTEx_WakeupCallback
 .text.HAL_UARTEx_RxFifoFullCallback
                0x0800675a        0x2 CMakeFiles/H750_SPI_AD9268.elf.dir/Drivers/STM32H7xx_HAL_Driver/Src/stm32h7xx_hal_uart_ex.c.obj
                0x0800675a                HAL_UARTEx_RxFifoFullCallback
 .text.HAL_UARTEx_TxFifoEmptyCallback
                0x0800675c        0x2 CMakeFiles/H750_SPI_AD9268.elf.dir/Drivers/STM32H7xx_HAL_Driver/Src/stm32h7xx_hal_uart_ex.c.obj
                0x0800675c                HAL_UARTEx_TxFifoEmptyCallback
 .text.HAL_UARTEx_DisableFifoMode
                0x0800675e       0x3e CMakeFiles/H750_SPI_AD9268.elf.dir/Drivers/STM32H7xx_HAL_Driver/Src/stm32h7xx_hal_uart_ex.c.obj
                0x0800675e                HAL_UARTEx_DisableFifoMode
 .text.HAL_UARTEx_SetTxFifoThreshold
                0x0800679c       0x4a CMakeFiles/H750_SPI_AD9268.elf.dir/Drivers/STM32H7xx_HAL_Driver/Src/stm32h7xx_hal_uart_ex.c.obj
                0x0800679c                HAL_UARTEx_SetTxFifoThreshold
 .text.HAL_UARTEx_SetRxFifoThreshold
                0x080067e6       0x4a CMakeFiles/H750_SPI_AD9268.elf.dir/Drivers/STM32H7xx_HAL_Driver/Src/stm32h7xx_hal_uart_ex.c.obj
                0x080067e6                HAL_UARTEx_SetRxFifoThreshold
 .text.__libc_init_array
                0x08006830       0x48 f:/work/arm-none-eabi-gcc/gcc-arm-none-eabi-10.3-2021.10-win32/gcc-arm-none-eabi-10.3-2021.10/bin/../lib/gcc/arm-none-eabi/10.3.1/../../../../arm-none-eabi/lib/thumb/v7e-m/nofp\libg.a(lib_a-init.o)
                0x08006830                __libc_init_array
 .text.memset   0x08006878       0xa4 f:/work/arm-none-eabi-gcc/gcc-arm-none-eabi-10.3-2021.10-win32/gcc-arm-none-eabi-10.3-2021.10/bin/../lib/gcc/arm-none-eabi/10.3.1/../../../../arm-none-eabi/lib/thumb/v7e-m/nofp\libg.a(lib_a-memset.o)
                0x08006878                memset
 .text.startup.register_fini
                0x0800691c       0x14 f:/work/arm-none-eabi-gcc/gcc-arm-none-eabi-10.3-2021.10-win32/gcc-arm-none-eabi-10.3-2021.10/bin/../lib/gcc/arm-none-eabi/10.3.1/../../../../arm-none-eabi/lib/thumb/v7e-m/nofp\libg.a(lib_a-__call_atexit.o)
 .text.atexit   0x08006930        0xc f:/work/arm-none-eabi-gcc/gcc-arm-none-eabi-10.3-2021.10-win32/gcc-arm-none-eabi-10.3-2021.10/bin/../lib/gcc/arm-none-eabi/10.3.1/../../../../arm-none-eabi/lib/thumb/v7e-m/nofp\libg.a(lib_a-atexit.o)
                0x08006930                atexit
 .text.__libc_fini_array
                0x0800693c       0x2c f:/work/arm-none-eabi-gcc/gcc-arm-none-eabi-10.3-2021.10-win32/gcc-arm-none-eabi-10.3-2021.10/bin/../lib/gcc/arm-none-eabi/10.3.1/../../../../arm-none-eabi/lib/thumb/v7e-m/nofp\libg.a(lib_a-fini.o)
                0x0800693c                __libc_fini_array
 .text.__retarget_lock_acquire_recursive
                0x08006968        0x4 f:/work/arm-none-eabi-gcc/gcc-arm-none-eabi-10.3-2021.10-win32/gcc-arm-none-eabi-10.3-2021.10/bin/../lib/gcc/arm-none-eabi/10.3.1/../../../../arm-none-eabi/lib/thumb/v7e-m/nofp\libg.a(lib_a-lock.o)
                0x08006968                __retarget_lock_acquire_recursive
 .text.__retarget_lock_release_recursive
                0x0800696c        0x4 f:/work/arm-none-eabi-gcc/gcc-arm-none-eabi-10.3-2021.10-win32/gcc-arm-none-eabi-10.3-2021.10/bin/../lib/gcc/arm-none-eabi/10.3.1/../../../../arm-none-eabi/lib/thumb/v7e-m/nofp\libg.a(lib_a-lock.o)
                0x0800696c                __retarget_lock_release_recursive
 .text.__register_exitproc
                0x08006970       0x8c f:/work/arm-none-eabi-gcc/gcc-arm-none-eabi-10.3-2021.10-win32/gcc-arm-none-eabi-10.3-2021.10/bin/../lib/gcc/arm-none-eabi/10.3.1/../../../../arm-none-eabi/lib/thumb/v7e-m/nofp\libg.a(lib_a-__atexit.o)
                0x08006970                __register_exitproc
 *(.glue_7)
 .glue_7        0x080069fc        0x0 linker stubs
 *(.glue_7t)
 .glue_7t       0x080069fc        0x0 linker stubs
 *(.eh_frame)
 .eh_frame      0x080069fc        0x0 f:/work/arm-none-eabi-gcc/gcc-arm-none-eabi-10.3-2021.10-win32/gcc-arm-none-eabi-10.3-2021.10/bin/../lib/gcc/arm-none-eabi/10.3.1/thumb/v7e-m/nofp/crtbegin.o
 *(.init)
 .init          0x080069fc        0x4 f:/work/arm-none-eabi-gcc/gcc-arm-none-eabi-10.3-2021.10-win32/gcc-arm-none-eabi-10.3-2021.10/bin/../lib/gcc/arm-none-eabi/10.3.1/thumb/v7e-m/nofp/crti.o
                0x080069fc                _init
 .init          0x08006a00        0x8 f:/work/arm-none-eabi-gcc/gcc-arm-none-eabi-10.3-2021.10-win32/gcc-arm-none-eabi-10.3-2021.10/bin/../lib/gcc/arm-none-eabi/10.3.1/thumb/v7e-m/nofp/crtn.o
 *(.fini)
 .fini          0x08006a08        0x4 f:/work/arm-none-eabi-gcc/gcc-arm-none-eabi-10.3-2021.10-win32/gcc-arm-none-eabi-10.3-2021.10/bin/../lib/gcc/arm-none-eabi/10.3.1/thumb/v7e-m/nofp/crti.o
                0x08006a08                _fini
 .fini          0x08006a0c        0x8 f:/work/arm-none-eabi-gcc/gcc-arm-none-eabi-10.3-2021.10-win32/gcc-arm-none-eabi-10.3-2021.10/bin/../lib/gcc/arm-none-eabi/10.3.1/thumb/v7e-m/nofp/crtn.o
                0x08006a14                . = ALIGN (0x4)
                0x08006a14                _etext = .

.vfp11_veneer   0x08006a14        0x0
 .vfp11_veneer  0x08006a14        0x0 linker stubs

.v4_bx          0x08006a14        0x0
 .v4_bx         0x08006a14        0x0 linker stubs

.iplt           0x08006a14        0x0
 .iplt          0x08006a14        0x0 f:/work/arm-none-eabi-gcc/gcc-arm-none-eabi-10.3-2021.10-win32/gcc-arm-none-eabi-10.3-2021.10/bin/../lib/gcc/arm-none-eabi/10.3.1/thumb/v7e-m/nofp/crtbegin.o

.rodata         0x08006a14       0x3c
                0x08006a14                . = ALIGN (0x4)
 *(.rodata)
 *(.rodata*)
 .rodata.D1CorePrescTable
                0x08006a14       0x10 CMakeFiles/H750_SPI_AD9268.elf.dir/Core/Src/system_stm32h7xx.c.obj
                0x08006a14                D1CorePrescTable
 .rodata.UARTPrescTable
                0x08006a24       0x18 CMakeFiles/H750_SPI_AD9268.elf.dir/Drivers/STM32H7xx_HAL_Driver/Src/stm32h7xx_hal_uart.c.obj
                0x08006a24                UARTPrescTable
 .rodata.denominator.0
                0x08006a3c        0x8 CMakeFiles/H750_SPI_AD9268.elf.dir/Drivers/STM32H7xx_HAL_Driver/Src/stm32h7xx_hal_uart_ex.c.obj
 .rodata.numerator.1
                0x08006a44        0x8 CMakeFiles/H750_SPI_AD9268.elf.dir/Drivers/STM32H7xx_HAL_Driver/Src/stm32h7xx_hal_uart_ex.c.obj
 .rodata._global_impure_ptr
                0x08006a4c        0x4 f:/work/arm-none-eabi-gcc/gcc-arm-none-eabi-10.3-2021.10-win32/gcc-arm-none-eabi-10.3-2021.10/bin/../lib/gcc/arm-none-eabi/10.3.1/../../../../arm-none-eabi/lib/thumb/v7e-m/nofp\libg.a(lib_a-impure.o)
                0x08006a4c                _global_impure_ptr
                0x08006a50                . = ALIGN (0x4)

.ARM.extab
 *(.ARM.extab* .gnu.linkonce.armextab.*)

.ARM            0x08006a50        0x8
                0x08006a50                __exidx_start = .
 *(.ARM.exidx*)
 .ARM.exidx     0x08006a50        0x8 f:/work/arm-none-eabi-gcc/gcc-arm-none-eabi-10.3-2021.10-win32/gcc-arm-none-eabi-10.3-2021.10/bin/../lib/gcc/arm-none-eabi/10.3.1/thumb/v7e-m/nofp\libgcc.a(_udivmoddi4.o)
                0x08006a58                __exidx_end = .

.rel.dyn        0x08006a58        0x0
 .rel.iplt      0x08006a58        0x0 f:/work/arm-none-eabi-gcc/gcc-arm-none-eabi-10.3-2021.10-win32/gcc-arm-none-eabi-10.3-2021.10/bin/../lib/gcc/arm-none-eabi/10.3.1/thumb/v7e-m/nofp/crtbegin.o

.preinit_array  0x08006a58        0x0
                0x08006a58                PROVIDE (__preinit_array_start = .)
 *(.preinit_array*)
                0x08006a58                PROVIDE (__preinit_array_end = .)

.init_array     0x08006a58        0x8
                0x08006a58                PROVIDE (__init_array_start = .)
 *(SORT_BY_NAME(.init_array.*))
 .init_array.00000
                0x08006a58        0x4 f:/work/arm-none-eabi-gcc/gcc-arm-none-eabi-10.3-2021.10-win32/gcc-arm-none-eabi-10.3-2021.10/bin/../lib/gcc/arm-none-eabi/10.3.1/../../../../arm-none-eabi/lib/thumb/v7e-m/nofp\libg.a(lib_a-__call_atexit.o)
 *(.init_array*)
 .init_array    0x08006a5c        0x4 f:/work/arm-none-eabi-gcc/gcc-arm-none-eabi-10.3-2021.10-win32/gcc-arm-none-eabi-10.3-2021.10/bin/../lib/gcc/arm-none-eabi/10.3.1/thumb/v7e-m/nofp/crtbegin.o
                0x08006a60                PROVIDE (__init_array_end = .)

.fini_array     0x08006a60        0x4
                0x08006a60                PROVIDE (__fini_array_start = .)
 *(SORT_BY_NAME(.fini_array.*))
 *(.fini_array*)
 .fini_array    0x08006a60        0x4 f:/work/arm-none-eabi-gcc/gcc-arm-none-eabi-10.3-2021.10-win32/gcc-arm-none-eabi-10.3-2021.10/bin/../lib/gcc/arm-none-eabi/10.3.1/thumb/v7e-m/nofp/crtbegin.o
                0x08006a64                PROVIDE (__fini_array_end = .)
                0x08006a64                _sidata = LOADADDR (.data)

.data           0x24000000      0x43c load address 0x08006a64
                0x24000000                . = ALIGN (0x4)
                0x24000000                _sdata = .
 *(.data)
 *(.data*)
 .data.SystemCoreClock
                0x24000000        0x4 CMakeFiles/H750_SPI_AD9268.elf.dir/Core/Src/system_stm32h7xx.c.obj
                0x24000000                SystemCoreClock
 .data.SystemD2Clock
                0x24000004        0x4 CMakeFiles/H750_SPI_AD9268.elf.dir/Core/Src/system_stm32h7xx.c.obj
                0x24000004                SystemD2Clock
 .data.uwTickFreq
                0x24000008        0x1 CMakeFiles/H750_SPI_AD9268.elf.dir/Drivers/STM32H7xx_HAL_Driver/Src/stm32h7xx_hal.c.obj
                0x24000008                uwTickFreq
 *fill*         0x24000009        0x3 
 .data.uwTickPrio
                0x2400000c        0x4 CMakeFiles/H750_SPI_AD9268.elf.dir/Drivers/STM32H7xx_HAL_Driver/Src/stm32h7xx_hal.c.obj
                0x2400000c                uwTickPrio
 .data.impure_data
                0x24000010      0x428 f:/work/arm-none-eabi-gcc/gcc-arm-none-eabi-10.3-2021.10-win32/gcc-arm-none-eabi-10.3-2021.10/bin/../lib/gcc/arm-none-eabi/10.3.1/../../../../arm-none-eabi/lib/thumb/v7e-m/nofp\libg.a(lib_a-impure.o)
 .data.__atexit_recursive_mutex
                0x24000438        0x4 f:/work/arm-none-eabi-gcc/gcc-arm-none-eabi-10.3-2021.10-win32/gcc-arm-none-eabi-10.3-2021.10/bin/../lib/gcc/arm-none-eabi/10.3.1/../../../../arm-none-eabi/lib/thumb/v7e-m/nofp\libg.a(lib_a-__call_atexit.o)
                0x24000438                __atexit_recursive_mutex
 *(.RamFunc)
 *(.RamFunc*)
                0x2400043c                . = ALIGN (0x4)
                0x2400043c                _edata = .

.igot.plt       0x2400043c        0x0 load address 0x08006ea0
 .igot.plt      0x2400043c        0x0 f:/work/arm-none-eabi-gcc/gcc-arm-none-eabi-10.3-2021.10-win32/gcc-arm-none-eabi-10.3-2021.10/bin/../lib/gcc/arm-none-eabi/10.3.1/thumb/v7e-m/nofp/crtbegin.o
                0x2400043c                . = ALIGN (0x4)

.bss            0x2400043c      0x3bc load address 0x08006ea0
                0x2400043c                _sbss = .
                0x2400043c                __bss_start__ = _sbss
 *(.bss)
 .bss           0x2400043c       0x1c f:/work/arm-none-eabi-gcc/gcc-arm-none-eabi-10.3-2021.10-win32/gcc-arm-none-eabi-10.3-2021.10/bin/../lib/gcc/arm-none-eabi/10.3.1/thumb/v7e-m/nofp/crtbegin.o
 *(.bss*)
 .bss.SPI_TxBuf
                0x24000458      0x100 CMakeFiles/H750_SPI_AD9268.elf.dir/Core/Src/AD9268.c.obj
                0x24000458                SPI_TxBuf
 .bss.hspi1     0x24000558       0x88 CMakeFiles/H750_SPI_AD9268.elf.dir/Core/Src/spi.c.obj
                0x24000558                hspi1
 .bss.htim1     0x240005e0       0x4c CMakeFiles/H750_SPI_AD9268.elf.dir/Core/Src/tim.c.obj
                0x240005e0                htim1
 .bss.htim2     0x2400062c       0x4c CMakeFiles/H750_SPI_AD9268.elf.dir/Core/Src/tim.c.obj
                0x2400062c                htim2
 .bss.htim3     0x24000678       0x4c CMakeFiles/H750_SPI_AD9268.elf.dir/Core/Src/tim.c.obj
                0x24000678                htim3
 .bss.htim4     0x240006c4       0x4c CMakeFiles/H750_SPI_AD9268.elf.dir/Core/Src/tim.c.obj
                0x240006c4                htim4
 .bss.htim5     0x24000710       0x4c CMakeFiles/H750_SPI_AD9268.elf.dir/Core/Src/tim.c.obj
                0x24000710                htim5
 .bss.huart1    0x2400075c       0x94 CMakeFiles/H750_SPI_AD9268.elf.dir/Core/Src/usart.c.obj
                0x2400075c                huart1
 .bss.uwTick    0x240007f0        0x4 CMakeFiles/H750_SPI_AD9268.elf.dir/Drivers/STM32H7xx_HAL_Driver/Src/stm32h7xx_hal.c.obj
                0x240007f0                uwTick
 .bss.__lock___atexit_recursive_mutex
                0x240007f4        0x1 f:/work/arm-none-eabi-gcc/gcc-arm-none-eabi-10.3-2021.10-win32/gcc-arm-none-eabi-10.3-2021.10/bin/../lib/gcc/arm-none-eabi/10.3.1/../../../../arm-none-eabi/lib/thumb/v7e-m/nofp\libg.a(lib_a-lock.o)
                0x240007f4                __lock___atexit_recursive_mutex
 *(COMMON)
                0x240007f8                . = ALIGN (0x4)
 *fill*         0x240007f5        0x3 
                0x240007f8                _ebss = .
                0x240007f8                __bss_end__ = _ebss

._user_heap_stack
                0x240007f8      0x800 load address 0x08006ea0
                0x240007f8                . = ALIGN (0x8)
                [!provide]                PROVIDE (end = .)
                0x240007f8                PROVIDE (_end = .)
                0x24000bf8                . = (. + _Min_Heap_Size)
 *fill*         0x240007f8      0x400 
                0x24000ff8                . = (. + _Min_Stack_Size)
 *fill*         0x24000bf8      0x400 
                0x24000ff8                . = ALIGN (0x8)

/DISCARD/
 libc.a(*)
 libm.a(*)
 libgcc.a(*)

.ARM.attributes
                0x00000000       0x2a
 *(.ARM.attributes)
 .ARM.attributes
                0x00000000       0x1e f:/work/arm-none-eabi-gcc/gcc-arm-none-eabi-10.3-2021.10-win32/gcc-arm-none-eabi-10.3-2021.10/bin/../lib/gcc/arm-none-eabi/10.3.1/thumb/v7e-m/nofp/crti.o
 .ARM.attributes
                0x0000001e       0x2e f:/work/arm-none-eabi-gcc/gcc-arm-none-eabi-10.3-2021.10-win32/gcc-arm-none-eabi-10.3-2021.10/bin/../lib/gcc/arm-none-eabi/10.3.1/thumb/v7e-m/nofp/crtbegin.o
 .ARM.attributes
                0x0000004c       0x2e CMakeFiles/H750_SPI_AD9268.elf.dir/Core/Src/AD9268.c.obj
 .ARM.attributes
                0x0000007a       0x2e CMakeFiles/H750_SPI_AD9268.elf.dir/Core/Src/gpio.c.obj
 .ARM.attributes
                0x000000a8       0x2e CMakeFiles/H750_SPI_AD9268.elf.dir/Core/Src/main.c.obj
 .ARM.attributes
                0x000000d6       0x2e CMakeFiles/H750_SPI_AD9268.elf.dir/Core/Src/spi.c.obj
 .ARM.attributes
                0x00000104       0x2e CMakeFiles/H750_SPI_AD9268.elf.dir/Core/Src/stm32h7xx_hal_msp.c.obj
 .ARM.attributes
                0x00000132       0x2e CMakeFiles/H750_SPI_AD9268.elf.dir/Core/Src/stm32h7xx_it.c.obj
 .ARM.attributes
                0x00000160       0x2e CMakeFiles/H750_SPI_AD9268.elf.dir/Core/Src/system_stm32h7xx.c.obj
 .ARM.attributes
                0x0000018e       0x2e CMakeFiles/H750_SPI_AD9268.elf.dir/Core/Src/tim.c.obj
 .ARM.attributes
                0x000001bc       0x2e CMakeFiles/H750_SPI_AD9268.elf.dir/Core/Src/usart.c.obj
 .ARM.attributes
                0x000001ea       0x21 CMakeFiles/H750_SPI_AD9268.elf.dir/Core/Startup/startup_stm32h750vbtx.s.obj
 .ARM.attributes
                0x0000020b       0x2e CMakeFiles/H750_SPI_AD9268.elf.dir/Drivers/STM32H7xx_HAL_Driver/Src/stm32h7xx_hal.c.obj
 .ARM.attributes
                0x00000239       0x2e CMakeFiles/H750_SPI_AD9268.elf.dir/Drivers/STM32H7xx_HAL_Driver/Src/stm32h7xx_hal_cortex.c.obj
 .ARM.attributes
                0x00000267       0x2e CMakeFiles/H750_SPI_AD9268.elf.dir/Drivers/STM32H7xx_HAL_Driver/Src/stm32h7xx_hal_dma.c.obj
 .ARM.attributes
                0x00000295       0x2e CMakeFiles/H750_SPI_AD9268.elf.dir/Drivers/STM32H7xx_HAL_Driver/Src/stm32h7xx_hal_gpio.c.obj
 .ARM.attributes
                0x000002c3       0x2e CMakeFiles/H750_SPI_AD9268.elf.dir/Drivers/STM32H7xx_HAL_Driver/Src/stm32h7xx_hal_pwr_ex.c.obj
 .ARM.attributes
                0x000002f1       0x2e CMakeFiles/H750_SPI_AD9268.elf.dir/Drivers/STM32H7xx_HAL_Driver/Src/stm32h7xx_hal_rcc.c.obj
 .ARM.attributes
                0x0000031f       0x2e CMakeFiles/H750_SPI_AD9268.elf.dir/Drivers/STM32H7xx_HAL_Driver/Src/stm32h7xx_hal_rcc_ex.c.obj
 .ARM.attributes
                0x0000034d       0x2e CMakeFiles/H750_SPI_AD9268.elf.dir/Drivers/STM32H7xx_HAL_Driver/Src/stm32h7xx_hal_spi.c.obj
 .ARM.attributes
                0x0000037b       0x2e CMakeFiles/H750_SPI_AD9268.elf.dir/Drivers/STM32H7xx_HAL_Driver/Src/stm32h7xx_hal_tim.c.obj
 .ARM.attributes
                0x000003a9       0x2e CMakeFiles/H750_SPI_AD9268.elf.dir/Drivers/STM32H7xx_HAL_Driver/Src/stm32h7xx_hal_tim_ex.c.obj
 .ARM.attributes
                0x000003d7       0x2e CMakeFiles/H750_SPI_AD9268.elf.dir/Drivers/STM32H7xx_HAL_Driver/Src/stm32h7xx_hal_uart.c.obj
 .ARM.attributes
                0x00000405       0x2e CMakeFiles/H750_SPI_AD9268.elf.dir/Drivers/STM32H7xx_HAL_Driver/Src/stm32h7xx_hal_uart_ex.c.obj
 .ARM.attributes
                0x00000433       0x1e f:/work/arm-none-eabi-gcc/gcc-arm-none-eabi-10.3-2021.10-win32/gcc-arm-none-eabi-10.3-2021.10/bin/../lib/gcc/arm-none-eabi/10.3.1/thumb/v7e-m/nofp\libgcc.a(_arm_addsubsf3.o)
 .ARM.attributes
                0x00000451       0x1e f:/work/arm-none-eabi-gcc/gcc-arm-none-eabi-10.3-2021.10-win32/gcc-arm-none-eabi-10.3-2021.10/bin/../lib/gcc/arm-none-eabi/10.3.1/thumb/v7e-m/nofp\libgcc.a(_arm_muldivsf3.o)
 .ARM.attributes
                0x0000046f       0x1e f:/work/arm-none-eabi-gcc/gcc-arm-none-eabi-10.3-2021.10-win32/gcc-arm-none-eabi-10.3-2021.10/bin/../lib/gcc/arm-none-eabi/10.3.1/thumb/v7e-m/nofp\libgcc.a(_arm_fixunssfsi.o)
 .ARM.attributes
                0x0000048d       0x1e f:/work/arm-none-eabi-gcc/gcc-arm-none-eabi-10.3-2021.10-win32/gcc-arm-none-eabi-10.3-2021.10/bin/../lib/gcc/arm-none-eabi/10.3.1/thumb/v7e-m/nofp\libgcc.a(_aeabi_uldivmod.o)
 .ARM.attributes
                0x000004ab       0x2e f:/work/arm-none-eabi-gcc/gcc-arm-none-eabi-10.3-2021.10-win32/gcc-arm-none-eabi-10.3-2021.10/bin/../lib/gcc/arm-none-eabi/10.3.1/thumb/v7e-m/nofp\libgcc.a(_udivmoddi4.o)
 .ARM.attributes
                0x000004d9       0x1e f:/work/arm-none-eabi-gcc/gcc-arm-none-eabi-10.3-2021.10-win32/gcc-arm-none-eabi-10.3-2021.10/bin/../lib/gcc/arm-none-eabi/10.3.1/thumb/v7e-m/nofp\libgcc.a(_dvmd_tls.o)
 .ARM.attributes
                0x000004f7       0x2e f:/work/arm-none-eabi-gcc/gcc-arm-none-eabi-10.3-2021.10-win32/gcc-arm-none-eabi-10.3-2021.10/bin/../lib/gcc/arm-none-eabi/10.3.1/../../../../arm-none-eabi/lib/thumb/v7e-m/nofp\libg.a(lib_a-impure.o)
 .ARM.attributes
                0x00000525       0x2e f:/work/arm-none-eabi-gcc/gcc-arm-none-eabi-10.3-2021.10-win32/gcc-arm-none-eabi-10.3-2021.10/bin/../lib/gcc/arm-none-eabi/10.3.1/../../../../arm-none-eabi/lib/thumb/v7e-m/nofp\libg.a(lib_a-init.o)
 .ARM.attributes
                0x00000553       0x2e f:/work/arm-none-eabi-gcc/gcc-arm-none-eabi-10.3-2021.10-win32/gcc-arm-none-eabi-10.3-2021.10/bin/../lib/gcc/arm-none-eabi/10.3.1/../../../../arm-none-eabi/lib/thumb/v7e-m/nofp\libg.a(lib_a-memset.o)
 .ARM.attributes
                0x00000581       0x2e f:/work/arm-none-eabi-gcc/gcc-arm-none-eabi-10.3-2021.10-win32/gcc-arm-none-eabi-10.3-2021.10/bin/../lib/gcc/arm-none-eabi/10.3.1/../../../../arm-none-eabi/lib/thumb/v7e-m/nofp\libg.a(lib_a-__call_atexit.o)
 .ARM.attributes
                0x000005af       0x2e f:/work/arm-none-eabi-gcc/gcc-arm-none-eabi-10.3-2021.10-win32/gcc-arm-none-eabi-10.3-2021.10/bin/../lib/gcc/arm-none-eabi/10.3.1/../../../../arm-none-eabi/lib/thumb/v7e-m/nofp\libg.a(lib_a-atexit.o)
 .ARM.attributes
                0x000005dd       0x2e f:/work/arm-none-eabi-gcc/gcc-arm-none-eabi-10.3-2021.10-win32/gcc-arm-none-eabi-10.3-2021.10/bin/../lib/gcc/arm-none-eabi/10.3.1/../../../../arm-none-eabi/lib/thumb/v7e-m/nofp\libg.a(lib_a-fini.o)
 .ARM.attributes
                0x0000060b       0x2e f:/work/arm-none-eabi-gcc/gcc-arm-none-eabi-10.3-2021.10-win32/gcc-arm-none-eabi-10.3-2021.10/bin/../lib/gcc/arm-none-eabi/10.3.1/../../../../arm-none-eabi/lib/thumb/v7e-m/nofp\libg.a(lib_a-lock.o)
 .ARM.attributes
                0x00000639       0x2e f:/work/arm-none-eabi-gcc/gcc-arm-none-eabi-10.3-2021.10-win32/gcc-arm-none-eabi-10.3-2021.10/bin/../lib/gcc/arm-none-eabi/10.3.1/../../../../arm-none-eabi/lib/thumb/v7e-m/nofp\libg.a(lib_a-__atexit.o)
 .ARM.attributes
                0x00000667       0x1e f:/work/arm-none-eabi-gcc/gcc-arm-none-eabi-10.3-2021.10-win32/gcc-arm-none-eabi-10.3-2021.10/bin/../lib/gcc/arm-none-eabi/10.3.1/thumb/v7e-m/nofp/crtn.o
OUTPUT(H750_SPI_AD9268.elf elf32-littlearm)
LOAD linker stubs
LOAD f:/work/arm-none-eabi-gcc/gcc-arm-none-eabi-10.3-2021.10-win32/gcc-arm-none-eabi-10.3-2021.10/bin/../lib/gcc/arm-none-eabi/10.3.1/../../../../arm-none-eabi/lib/thumb/v7e-m/nofp\libc.a
LOAD f:/work/arm-none-eabi-gcc/gcc-arm-none-eabi-10.3-2021.10-win32/gcc-arm-none-eabi-10.3-2021.10/bin/../lib/gcc/arm-none-eabi/10.3.1/../../../../arm-none-eabi/lib/thumb/v7e-m/nofp\libm.a
LOAD f:/work/arm-none-eabi-gcc/gcc-arm-none-eabi-10.3-2021.10-win32/gcc-arm-none-eabi-10.3-2021.10/bin/../lib/gcc/arm-none-eabi/10.3.1/thumb/v7e-m/nofp\libgcc.a

.debug_info     0x00000000    0x22da3
 .debug_info    0x00000000      0xd1b CMakeFiles/H750_SPI_AD9268.elf.dir/Core/Src/AD9268.c.obj
 .debug_info    0x00000d1b      0xb17 CMakeFiles/H750_SPI_AD9268.elf.dir/Core/Src/gpio.c.obj
 .debug_info    0x00001832     0x2994 CMakeFiles/H750_SPI_AD9268.elf.dir/Core/Src/main.c.obj
 .debug_info    0x000041c6     0x1544 CMakeFiles/H750_SPI_AD9268.elf.dir/Core/Src/spi.c.obj
 .debug_info    0x0000570a      0x4a0 CMakeFiles/H750_SPI_AD9268.elf.dir/Core/Src/stm32h7xx_hal_msp.c.obj
 .debug_info    0x00005baa     0x1155 CMakeFiles/H750_SPI_AD9268.elf.dir/Core/Src/stm32h7xx_it.c.obj
 .debug_info    0x00006cff      0xaf5 CMakeFiles/H750_SPI_AD9268.elf.dir/Core/Src/system_stm32h7xx.c.obj
 .debug_info    0x000077f4     0x1e30 CMakeFiles/H750_SPI_AD9268.elf.dir/Core/Src/tim.c.obj
 .debug_info    0x00009624     0x15b3 CMakeFiles/H750_SPI_AD9268.elf.dir/Core/Src/usart.c.obj
 .debug_info    0x0000abd7       0x22 CMakeFiles/H750_SPI_AD9268.elf.dir/Core/Startup/startup_stm32h750vbtx.s.obj
 .debug_info    0x0000abf9     0x16a6 CMakeFiles/H750_SPI_AD9268.elf.dir/Drivers/STM32H7xx_HAL_Driver/Src/stm32h7xx_hal.c.obj
 .debug_info    0x0000c29f     0x13f0 CMakeFiles/H750_SPI_AD9268.elf.dir/Drivers/STM32H7xx_HAL_Driver/Src/stm32h7xx_hal_cortex.c.obj
 .debug_info    0x0000d68f      0xfeb CMakeFiles/H750_SPI_AD9268.elf.dir/Drivers/STM32H7xx_HAL_Driver/Src/stm32h7xx_hal_dma.c.obj
 .debug_info    0x0000e67a      0xd66 CMakeFiles/H750_SPI_AD9268.elf.dir/Drivers/STM32H7xx_HAL_Driver/Src/stm32h7xx_hal_gpio.c.obj
 .debug_info    0x0000f3e0     0x122e CMakeFiles/H750_SPI_AD9268.elf.dir/Drivers/STM32H7xx_HAL_Driver/Src/stm32h7xx_hal_pwr_ex.c.obj
 .debug_info    0x0001060e     0x13c5 CMakeFiles/H750_SPI_AD9268.elf.dir/Drivers/STM32H7xx_HAL_Driver/Src/stm32h7xx_hal_rcc.c.obj
 .debug_info    0x000119d3     0x2034 CMakeFiles/H750_SPI_AD9268.elf.dir/Drivers/STM32H7xx_HAL_Driver/Src/stm32h7xx_hal_rcc_ex.c.obj
 .debug_info    0x00013a07     0x1b7f CMakeFiles/H750_SPI_AD9268.elf.dir/Drivers/STM32H7xx_HAL_Driver/Src/stm32h7xx_hal_spi.c.obj
 .debug_info    0x00015586     0x4003 CMakeFiles/H750_SPI_AD9268.elf.dir/Drivers/STM32H7xx_HAL_Driver/Src/stm32h7xx_hal_tim.c.obj
 .debug_info    0x00019589     0x1e7d CMakeFiles/H750_SPI_AD9268.elf.dir/Drivers/STM32H7xx_HAL_Driver/Src/stm32h7xx_hal_tim_ex.c.obj
 .debug_info    0x0001b406     0x674e CMakeFiles/H750_SPI_AD9268.elf.dir/Drivers/STM32H7xx_HAL_Driver/Src/stm32h7xx_hal_uart.c.obj
 .debug_info    0x00021b54     0x124f CMakeFiles/H750_SPI_AD9268.elf.dir/Drivers/STM32H7xx_HAL_Driver/Src/stm32h7xx_hal_uart_ex.c.obj

.debug_abbrev   0x00000000     0x3164
 .debug_abbrev  0x00000000      0x22e CMakeFiles/H750_SPI_AD9268.elf.dir/Core/Src/AD9268.c.obj
 .debug_abbrev  0x0000022e      0x18a CMakeFiles/H750_SPI_AD9268.elf.dir/Core/Src/gpio.c.obj
 .debug_abbrev  0x000003b8      0x368 CMakeFiles/H750_SPI_AD9268.elf.dir/Core/Src/main.c.obj
 .debug_abbrev  0x00000720      0x214 CMakeFiles/H750_SPI_AD9268.elf.dir/Core/Src/spi.c.obj
 .debug_abbrev  0x00000934       0xd7 CMakeFiles/H750_SPI_AD9268.elf.dir/Core/Src/stm32h7xx_hal_msp.c.obj
 .debug_abbrev  0x00000a0b      0x1c4 CMakeFiles/H750_SPI_AD9268.elf.dir/Core/Src/stm32h7xx_it.c.obj
 .debug_abbrev  0x00000bcf      0x162 CMakeFiles/H750_SPI_AD9268.elf.dir/Core/Src/system_stm32h7xx.c.obj
 .debug_abbrev  0x00000d31      0x297 CMakeFiles/H750_SPI_AD9268.elf.dir/Core/Src/tim.c.obj
 .debug_abbrev  0x00000fc8      0x214 CMakeFiles/H750_SPI_AD9268.elf.dir/Core/Src/usart.c.obj
 .debug_abbrev  0x000011dc       0x12 CMakeFiles/H750_SPI_AD9268.elf.dir/Core/Startup/startup_stm32h750vbtx.s.obj
 .debug_abbrev  0x000011ee      0x264 CMakeFiles/H750_SPI_AD9268.elf.dir/Drivers/STM32H7xx_HAL_Driver/Src/stm32h7xx_hal.c.obj
 .debug_abbrev  0x00001452      0x37d CMakeFiles/H750_SPI_AD9268.elf.dir/Drivers/STM32H7xx_HAL_Driver/Src/stm32h7xx_hal_cortex.c.obj
 .debug_abbrev  0x000017cf      0x298 CMakeFiles/H750_SPI_AD9268.elf.dir/Drivers/STM32H7xx_HAL_Driver/Src/stm32h7xx_hal_dma.c.obj
 .debug_abbrev  0x00001a67      0x239 CMakeFiles/H750_SPI_AD9268.elf.dir/Drivers/STM32H7xx_HAL_Driver/Src/stm32h7xx_hal_gpio.c.obj
 .debug_abbrev  0x00001ca0      0x29b CMakeFiles/H750_SPI_AD9268.elf.dir/Drivers/STM32H7xx_HAL_Driver/Src/stm32h7xx_hal_pwr_ex.c.obj
 .debug_abbrev  0x00001f3b      0x28c CMakeFiles/H750_SPI_AD9268.elf.dir/Drivers/STM32H7xx_HAL_Driver/Src/stm32h7xx_hal_rcc.c.obj
 .debug_abbrev  0x000021c7      0x285 CMakeFiles/H750_SPI_AD9268.elf.dir/Drivers/STM32H7xx_HAL_Driver/Src/stm32h7xx_hal_rcc_ex.c.obj
 .debug_abbrev  0x0000244c      0x280 CMakeFiles/H750_SPI_AD9268.elf.dir/Drivers/STM32H7xx_HAL_Driver/Src/stm32h7xx_hal_spi.c.obj
 .debug_abbrev  0x000026cc      0x232 CMakeFiles/H750_SPI_AD9268.elf.dir/Drivers/STM32H7xx_HAL_Driver/Src/stm32h7xx_hal_tim.c.obj
 .debug_abbrev  0x000028fe      0x248 CMakeFiles/H750_SPI_AD9268.elf.dir/Drivers/STM32H7xx_HAL_Driver/Src/stm32h7xx_hal_tim_ex.c.obj
 .debug_abbrev  0x00002b46      0x337 CMakeFiles/H750_SPI_AD9268.elf.dir/Drivers/STM32H7xx_HAL_Driver/Src/stm32h7xx_hal_uart.c.obj
 .debug_abbrev  0x00002e7d      0x2e7 CMakeFiles/H750_SPI_AD9268.elf.dir/Drivers/STM32H7xx_HAL_Driver/Src/stm32h7xx_hal_uart_ex.c.obj

.debug_loc      0x00000000    0x153f3
 .debug_loc     0x00000000      0x219 CMakeFiles/H750_SPI_AD9268.elf.dir/Core/Src/AD9268.c.obj
 .debug_loc     0x00000219       0xef CMakeFiles/H750_SPI_AD9268.elf.dir/Core/Src/main.c.obj
 .debug_loc     0x00000308       0x9e CMakeFiles/H750_SPI_AD9268.elf.dir/Core/Src/spi.c.obj
 .debug_loc     0x000003a6      0x21e CMakeFiles/H750_SPI_AD9268.elf.dir/Core/Src/system_stm32h7xx.c.obj
 .debug_loc     0x000005c4      0x25f CMakeFiles/H750_SPI_AD9268.elf.dir/Core/Src/tim.c.obj
 .debug_loc     0x00000823       0x9e CMakeFiles/H750_SPI_AD9268.elf.dir/Core/Src/usart.c.obj
 .debug_loc     0x000008c1      0x3fa CMakeFiles/H750_SPI_AD9268.elf.dir/Drivers/STM32H7xx_HAL_Driver/Src/stm32h7xx_hal.c.obj
 .debug_loc     0x00000cbb      0x726 CMakeFiles/H750_SPI_AD9268.elf.dir/Drivers/STM32H7xx_HAL_Driver/Src/stm32h7xx_hal_cortex.c.obj
 .debug_loc     0x000013e1      0xe96 CMakeFiles/H750_SPI_AD9268.elf.dir/Drivers/STM32H7xx_HAL_Driver/Src/stm32h7xx_hal_dma.c.obj
 .debug_loc     0x00002277      0x3c6 CMakeFiles/H750_SPI_AD9268.elf.dir/Drivers/STM32H7xx_HAL_Driver/Src/stm32h7xx_hal_gpio.c.obj
 .debug_loc     0x0000263d      0x4df CMakeFiles/H750_SPI_AD9268.elf.dir/Drivers/STM32H7xx_HAL_Driver/Src/stm32h7xx_hal_pwr_ex.c.obj
 .debug_loc     0x00002b1c      0x996 CMakeFiles/H750_SPI_AD9268.elf.dir/Drivers/STM32H7xx_HAL_Driver/Src/stm32h7xx_hal_rcc.c.obj
 .debug_loc     0x000034b2     0x1fbe CMakeFiles/H750_SPI_AD9268.elf.dir/Drivers/STM32H7xx_HAL_Driver/Src/stm32h7xx_hal_rcc_ex.c.obj
 .debug_loc     0x00005470     0x1a45 CMakeFiles/H750_SPI_AD9268.elf.dir/Drivers/STM32H7xx_HAL_Driver/Src/stm32h7xx_hal_spi.c.obj
 .debug_loc     0x00006eb5     0x56cc CMakeFiles/H750_SPI_AD9268.elf.dir/Drivers/STM32H7xx_HAL_Driver/Src/stm32h7xx_hal_tim.c.obj
 .debug_loc     0x0000c581     0x257f CMakeFiles/H750_SPI_AD9268.elf.dir/Drivers/STM32H7xx_HAL_Driver/Src/stm32h7xx_hal_tim_ex.c.obj
 .debug_loc     0x0000eb00     0x5d4e CMakeFiles/H750_SPI_AD9268.elf.dir/Drivers/STM32H7xx_HAL_Driver/Src/stm32h7xx_hal_uart.c.obj
 .debug_loc     0x0001484e      0xba5 CMakeFiles/H750_SPI_AD9268.elf.dir/Drivers/STM32H7xx_HAL_Driver/Src/stm32h7xx_hal_uart_ex.c.obj

.debug_aranges  0x00000000     0x12b8
 .debug_aranges
                0x00000000       0x40 CMakeFiles/H750_SPI_AD9268.elf.dir/Core/Src/AD9268.c.obj
 .debug_aranges
                0x00000040       0x20 CMakeFiles/H750_SPI_AD9268.elf.dir/Core/Src/gpio.c.obj
 .debug_aranges
                0x00000060       0x48 CMakeFiles/H750_SPI_AD9268.elf.dir/Core/Src/main.c.obj
 .debug_aranges
                0x000000a8       0x30 CMakeFiles/H750_SPI_AD9268.elf.dir/Core/Src/spi.c.obj
 .debug_aranges
                0x000000d8       0x20 CMakeFiles/H750_SPI_AD9268.elf.dir/Core/Src/stm32h7xx_hal_msp.c.obj
 .debug_aranges
                0x000000f8       0xa8 CMakeFiles/H750_SPI_AD9268.elf.dir/Core/Src/stm32h7xx_it.c.obj
 .debug_aranges
                0x000001a0       0x28 CMakeFiles/H750_SPI_AD9268.elf.dir/Core/Src/system_stm32h7xx.c.obj
 .debug_aranges
                0x000001c8       0x80 CMakeFiles/H750_SPI_AD9268.elf.dir/Core/Src/tim.c.obj
 .debug_aranges
                0x00000248       0x30 CMakeFiles/H750_SPI_AD9268.elf.dir/Core/Src/usart.c.obj
 .debug_aranges
                0x00000278       0x28 CMakeFiles/H750_SPI_AD9268.elf.dir/Core/Startup/startup_stm32h750vbtx.s.obj
 .debug_aranges
                0x000002a0      0x198 CMakeFiles/H750_SPI_AD9268.elf.dir/Drivers/STM32H7xx_HAL_Driver/Src/stm32h7xx_hal.c.obj
 .debug_aranges
                0x00000438       0xb0 CMakeFiles/H750_SPI_AD9268.elf.dir/Drivers/STM32H7xx_HAL_Driver/Src/stm32h7xx_hal_cortex.c.obj
 .debug_aranges
                0x000004e8       0xa0 CMakeFiles/H750_SPI_AD9268.elf.dir/Drivers/STM32H7xx_HAL_Driver/Src/stm32h7xx_hal_dma.c.obj
 .debug_aranges
                0x00000588       0x58 CMakeFiles/H750_SPI_AD9268.elf.dir/Drivers/STM32H7xx_HAL_Driver/Src/stm32h7xx_hal_gpio.c.obj
 .debug_aranges
                0x000005e0      0x158 CMakeFiles/H750_SPI_AD9268.elf.dir/Drivers/STM32H7xx_HAL_Driver/Src/stm32h7xx_hal_pwr_ex.c.obj
 .debug_aranges
                0x00000738       0x88 CMakeFiles/H750_SPI_AD9268.elf.dir/Drivers/STM32H7xx_HAL_Driver/Src/stm32h7xx_hal_rcc.c.obj
 .debug_aranges
                0x000007c0       0xf8 CMakeFiles/H750_SPI_AD9268.elf.dir/Drivers/STM32H7xx_HAL_Driver/Src/stm32h7xx_hal_rcc_ex.c.obj
 .debug_aranges
                0x000008b8      0x1a8 CMakeFiles/H750_SPI_AD9268.elf.dir/Drivers/STM32H7xx_HAL_Driver/Src/stm32h7xx_hal_spi.c.obj
 .debug_aranges
                0x00000a60      0x3e0 CMakeFiles/H750_SPI_AD9268.elf.dir/Drivers/STM32H7xx_HAL_Driver/Src/stm32h7xx_hal_tim.c.obj
 .debug_aranges
                0x00000e40      0x188 CMakeFiles/H750_SPI_AD9268.elf.dir/Drivers/STM32H7xx_HAL_Driver/Src/stm32h7xx_hal_tim_ex.c.obj
 .debug_aranges
                0x00000fc8      0x248 CMakeFiles/H750_SPI_AD9268.elf.dir/Drivers/STM32H7xx_HAL_Driver/Src/stm32h7xx_hal_uart.c.obj
 .debug_aranges
                0x00001210       0xa8 CMakeFiles/H750_SPI_AD9268.elf.dir/Drivers/STM32H7xx_HAL_Driver/Src/stm32h7xx_hal_uart_ex.c.obj

.debug_ranges   0x00000000     0x12a8
 .debug_ranges  0x00000000       0x30 CMakeFiles/H750_SPI_AD9268.elf.dir/Core/Src/AD9268.c.obj
 .debug_ranges  0x00000030       0x10 CMakeFiles/H750_SPI_AD9268.elf.dir/Core/Src/gpio.c.obj
 .debug_ranges  0x00000040       0x38 CMakeFiles/H750_SPI_AD9268.elf.dir/Core/Src/main.c.obj
 .debug_ranges  0x00000078       0x20 CMakeFiles/H750_SPI_AD9268.elf.dir/Core/Src/spi.c.obj
 .debug_ranges  0x00000098       0x10 CMakeFiles/H750_SPI_AD9268.elf.dir/Core/Src/stm32h7xx_hal_msp.c.obj
 .debug_ranges  0x000000a8       0x98 CMakeFiles/H750_SPI_AD9268.elf.dir/Core/Src/stm32h7xx_it.c.obj
 .debug_ranges  0x00000140       0x18 CMakeFiles/H750_SPI_AD9268.elf.dir/Core/Src/system_stm32h7xx.c.obj
 .debug_ranges  0x00000158       0x70 CMakeFiles/H750_SPI_AD9268.elf.dir/Core/Src/tim.c.obj
 .debug_ranges  0x000001c8       0x20 CMakeFiles/H750_SPI_AD9268.elf.dir/Core/Src/usart.c.obj
 .debug_ranges  0x000001e8       0x20 CMakeFiles/H750_SPI_AD9268.elf.dir/Core/Startup/startup_stm32h750vbtx.s.obj
 .debug_ranges  0x00000208      0x188 CMakeFiles/H750_SPI_AD9268.elf.dir/Drivers/STM32H7xx_HAL_Driver/Src/stm32h7xx_hal.c.obj
 .debug_ranges  0x00000390      0x100 CMakeFiles/H750_SPI_AD9268.elf.dir/Drivers/STM32H7xx_HAL_Driver/Src/stm32h7xx_hal_cortex.c.obj
 .debug_ranges  0x00000490       0xa8 CMakeFiles/H750_SPI_AD9268.elf.dir/Drivers/STM32H7xx_HAL_Driver/Src/stm32h7xx_hal_dma.c.obj
 .debug_ranges  0x00000538       0x48 CMakeFiles/H750_SPI_AD9268.elf.dir/Drivers/STM32H7xx_HAL_Driver/Src/stm32h7xx_hal_gpio.c.obj
 .debug_ranges  0x00000580      0x1a8 CMakeFiles/H750_SPI_AD9268.elf.dir/Drivers/STM32H7xx_HAL_Driver/Src/stm32h7xx_hal_pwr_ex.c.obj
 .debug_ranges  0x00000728       0xe8 CMakeFiles/H750_SPI_AD9268.elf.dir/Drivers/STM32H7xx_HAL_Driver/Src/stm32h7xx_hal_rcc.c.obj
 .debug_ranges  0x00000810       0xe8 CMakeFiles/H750_SPI_AD9268.elf.dir/Drivers/STM32H7xx_HAL_Driver/Src/stm32h7xx_hal_rcc_ex.c.obj
 .debug_ranges  0x000008f8      0x198 CMakeFiles/H750_SPI_AD9268.elf.dir/Drivers/STM32H7xx_HAL_Driver/Src/stm32h7xx_hal_spi.c.obj
 .debug_ranges  0x00000a90      0x3d0 CMakeFiles/H750_SPI_AD9268.elf.dir/Drivers/STM32H7xx_HAL_Driver/Src/stm32h7xx_hal_tim.c.obj
 .debug_ranges  0x00000e60      0x178 CMakeFiles/H750_SPI_AD9268.elf.dir/Drivers/STM32H7xx_HAL_Driver/Src/stm32h7xx_hal_tim_ex.c.obj
 .debug_ranges  0x00000fd8      0x238 CMakeFiles/H750_SPI_AD9268.elf.dir/Drivers/STM32H7xx_HAL_Driver/Src/stm32h7xx_hal_uart.c.obj
 .debug_ranges  0x00001210       0x98 CMakeFiles/H750_SPI_AD9268.elf.dir/Drivers/STM32H7xx_HAL_Driver/Src/stm32h7xx_hal_uart_ex.c.obj

.debug_line     0x00000000    0x1b5e0
 .debug_line    0x00000000      0x4d0 CMakeFiles/H750_SPI_AD9268.elf.dir/Core/Src/AD9268.c.obj
 .debug_line    0x000004d0      0x2e2 CMakeFiles/H750_SPI_AD9268.elf.dir/Core/Src/gpio.c.obj
 .debug_line    0x000007b2      0x84a CMakeFiles/H750_SPI_AD9268.elf.dir/Core/Src/main.c.obj
 .debug_line    0x00000ffc      0x46f CMakeFiles/H750_SPI_AD9268.elf.dir/Core/Src/spi.c.obj
 .debug_line    0x0000146b      0x1e2 CMakeFiles/H750_SPI_AD9268.elf.dir/Core/Src/stm32h7xx_hal_msp.c.obj
 .debug_line    0x0000164d      0x488 CMakeFiles/H750_SPI_AD9268.elf.dir/Core/Src/stm32h7xx_it.c.obj
 .debug_line    0x00001ad5      0x4b9 CMakeFiles/H750_SPI_AD9268.elf.dir/Core/Src/system_stm32h7xx.c.obj
 .debug_line    0x00001f8e      0xa11 CMakeFiles/H750_SPI_AD9268.elf.dir/Core/Src/tim.c.obj
 .debug_line    0x0000299f      0x454 CMakeFiles/H750_SPI_AD9268.elf.dir/Core/Src/usart.c.obj
 .debug_line    0x00002df3       0xa1 CMakeFiles/H750_SPI_AD9268.elf.dir/Core/Startup/startup_stm32h750vbtx.s.obj
 .debug_line    0x00002e94      0x982 CMakeFiles/H750_SPI_AD9268.elf.dir/Drivers/STM32H7xx_HAL_Driver/Src/stm32h7xx_hal.c.obj
 .debug_line    0x00003816      0x84d CMakeFiles/H750_SPI_AD9268.elf.dir/Drivers/STM32H7xx_HAL_Driver/Src/stm32h7xx_hal_cortex.c.obj
 .debug_line    0x00004063     0x24e1 CMakeFiles/H750_SPI_AD9268.elf.dir/Drivers/STM32H7xx_HAL_Driver/Src/stm32h7xx_hal_dma.c.obj
 .debug_line    0x00006544      0x75d CMakeFiles/H750_SPI_AD9268.elf.dir/Drivers/STM32H7xx_HAL_Driver/Src/stm32h7xx_hal_gpio.c.obj
 .debug_line    0x00006ca1      0xb42 CMakeFiles/H750_SPI_AD9268.elf.dir/Drivers/STM32H7xx_HAL_Driver/Src/stm32h7xx_hal_pwr_ex.c.obj
 .debug_line    0x000077e3     0x1374 CMakeFiles/H750_SPI_AD9268.elf.dir/Drivers/STM32H7xx_HAL_Driver/Src/stm32h7xx_hal_rcc.c.obj
 .debug_line    0x00008b57     0x202e CMakeFiles/H750_SPI_AD9268.elf.dir/Drivers/STM32H7xx_HAL_Driver/Src/stm32h7xx_hal_rcc_ex.c.obj
 .debug_line    0x0000ab85     0x24d2 CMakeFiles/H750_SPI_AD9268.elf.dir/Drivers/STM32H7xx_HAL_Driver/Src/stm32h7xx_hal_spi.c.obj
 .debug_line    0x0000d057     0x510f CMakeFiles/H750_SPI_AD9268.elf.dir/Drivers/STM32H7xx_HAL_Driver/Src/stm32h7xx_hal_tim.c.obj
 .debug_line    0x00012166     0x1fcf CMakeFiles/H750_SPI_AD9268.elf.dir/Drivers/STM32H7xx_HAL_Driver/Src/stm32h7xx_hal_tim_ex.c.obj
 .debug_line    0x00014135     0x6779 CMakeFiles/H750_SPI_AD9268.elf.dir/Drivers/STM32H7xx_HAL_Driver/Src/stm32h7xx_hal_uart.c.obj
 .debug_line    0x0001a8ae      0xd32 CMakeFiles/H750_SPI_AD9268.elf.dir/Drivers/STM32H7xx_HAL_Driver/Src/stm32h7xx_hal_uart_ex.c.obj

.debug_str      0x00000000     0x6daf
 .debug_str     0x00000000      0x84a CMakeFiles/H750_SPI_AD9268.elf.dir/Core/Src/AD9268.c.obj
                                0x91b (size before relaxing)
 .debug_str     0x0000084a      0xab5 CMakeFiles/H750_SPI_AD9268.elf.dir/Core/Src/gpio.c.obj
                                0xd1d (size before relaxing)
 .debug_str     0x000012ff     0x10c7 CMakeFiles/H750_SPI_AD9268.elf.dir/Core/Src/main.c.obj
                               0x1970 (size before relaxing)
 .debug_str     0x000023c6       0x7b CMakeFiles/H750_SPI_AD9268.elf.dir/Core/Src/spi.c.obj
                               0x16ef (size before relaxing)
 .debug_str     0x00002441       0x45 CMakeFiles/H750_SPI_AD9268.elf.dir/Core/Src/stm32h7xx_hal_msp.c.obj
                                0x418 (size before relaxing)
 .debug_str     0x00002486      0x1cf CMakeFiles/H750_SPI_AD9268.elf.dir/Core/Src/stm32h7xx_it.c.obj
                                0xecf (size before relaxing)
 .debug_str     0x00002655      0x292 CMakeFiles/H750_SPI_AD9268.elf.dir/Core/Src/system_stm32h7xx.c.obj
                                0x68e (size before relaxing)
 .debug_str     0x000028e7      0x4be CMakeFiles/H750_SPI_AD9268.elf.dir/Core/Src/tim.c.obj
                               0x18bf (size before relaxing)
 .debug_str     0x00002da5       0xc1 CMakeFiles/H750_SPI_AD9268.elf.dir/Core/Src/usart.c.obj
                               0x16fc (size before relaxing)
 .debug_str     0x00002e66       0x4f CMakeFiles/H750_SPI_AD9268.elf.dir/Core/Startup/startup_stm32h750vbtx.s.obj
                                 0x7d (size before relaxing)
 .debug_str     0x00002eb5      0x730 CMakeFiles/H750_SPI_AD9268.elf.dir/Drivers/STM32H7xx_HAL_Driver/Src/stm32h7xx_hal.c.obj
                               0x14e5 (size before relaxing)
 .debug_str     0x000035e5      0x44a CMakeFiles/H750_SPI_AD9268.elf.dir/Drivers/STM32H7xx_HAL_Driver/Src/stm32h7xx_hal_cortex.c.obj
                               0x107d (size before relaxing)
 .debug_str     0x00003a2f      0x40c CMakeFiles/H750_SPI_AD9268.elf.dir/Drivers/STM32H7xx_HAL_Driver/Src/stm32h7xx_hal_dma.c.obj
                                0x9f1 (size before relaxing)
 .debug_str     0x00003e3b       0xe8 CMakeFiles/H750_SPI_AD9268.elf.dir/Drivers/STM32H7xx_HAL_Driver/Src/stm32h7xx_hal_gpio.c.obj
                                0x6fa (size before relaxing)
 .debug_str     0x00003f23      0x566 CMakeFiles/H750_SPI_AD9268.elf.dir/Drivers/STM32H7xx_HAL_Driver/Src/stm32h7xx_hal_pwr_ex.c.obj
                                0xa6f (size before relaxing)
 .debug_str     0x00004489      0x1ab CMakeFiles/H750_SPI_AD9268.elf.dir/Drivers/STM32H7xx_HAL_Driver/Src/stm32h7xx_hal_rcc.c.obj
                                0xa82 (size before relaxing)
 .debug_str     0x00004634      0x5de CMakeFiles/H750_SPI_AD9268.elf.dir/Drivers/STM32H7xx_HAL_Driver/Src/stm32h7xx_hal_rcc_ex.c.obj
                                0xf8d (size before relaxing)
 .debug_str     0x00004c12      0x4eb CMakeFiles/H750_SPI_AD9268.elf.dir/Drivers/STM32H7xx_HAL_Driver/Src/stm32h7xx_hal_spi.c.obj
                                0xdcc (size before relaxing)
 .debug_str     0x000050fd      0xc78 CMakeFiles/H750_SPI_AD9268.elf.dir/Drivers/STM32H7xx_HAL_Driver/Src/stm32h7xx_hal_tim.c.obj
                               0x1849 (size before relaxing)
 .debug_str     0x00005d75      0x560 CMakeFiles/H750_SPI_AD9268.elf.dir/Drivers/STM32H7xx_HAL_Driver/Src/stm32h7xx_hal_tim_ex.c.obj
                               0x1166 (size before relaxing)
 .debug_str     0x000062d5      0x87f CMakeFiles/H750_SPI_AD9268.elf.dir/Drivers/STM32H7xx_HAL_Driver/Src/stm32h7xx_hal_uart.c.obj
                               0x14d9 (size before relaxing)
 .debug_str     0x00006b54      0x25b CMakeFiles/H750_SPI_AD9268.elf.dir/Drivers/STM32H7xx_HAL_Driver/Src/stm32h7xx_hal_uart_ex.c.obj
                                0xbc2 (size before relaxing)

.comment        0x00000000       0x49
 .comment       0x00000000       0x49 CMakeFiles/H750_SPI_AD9268.elf.dir/Core/Src/AD9268.c.obj
                                 0x4a (size before relaxing)
 .comment       0x00000049       0x4a CMakeFiles/H750_SPI_AD9268.elf.dir/Core/Src/gpio.c.obj
 .comment       0x00000049       0x4a CMakeFiles/H750_SPI_AD9268.elf.dir/Core/Src/main.c.obj
 .comment       0x00000049       0x4a CMakeFiles/H750_SPI_AD9268.elf.dir/Core/Src/spi.c.obj
 .comment       0x00000049       0x4a CMakeFiles/H750_SPI_AD9268.elf.dir/Core/Src/stm32h7xx_hal_msp.c.obj
 .comment       0x00000049       0x4a CMakeFiles/H750_SPI_AD9268.elf.dir/Core/Src/stm32h7xx_it.c.obj
 .comment       0x00000049       0x4a CMakeFiles/H750_SPI_AD9268.elf.dir/Core/Src/system_stm32h7xx.c.obj
 .comment       0x00000049       0x4a CMakeFiles/H750_SPI_AD9268.elf.dir/Core/Src/tim.c.obj
 .comment       0x00000049       0x4a CMakeFiles/H750_SPI_AD9268.elf.dir/Core/Src/usart.c.obj
 .comment       0x00000049       0x4a CMakeFiles/H750_SPI_AD9268.elf.dir/Drivers/STM32H7xx_HAL_Driver/Src/stm32h7xx_hal.c.obj
 .comment       0x00000049       0x4a CMakeFiles/H750_SPI_AD9268.elf.dir/Drivers/STM32H7xx_HAL_Driver/Src/stm32h7xx_hal_cortex.c.obj
 .comment       0x00000049       0x4a CMakeFiles/H750_SPI_AD9268.elf.dir/Drivers/STM32H7xx_HAL_Driver/Src/stm32h7xx_hal_dma.c.obj
 .comment       0x00000049       0x4a CMakeFiles/H750_SPI_AD9268.elf.dir/Drivers/STM32H7xx_HAL_Driver/Src/stm32h7xx_hal_gpio.c.obj
 .comment       0x00000049       0x4a CMakeFiles/H750_SPI_AD9268.elf.dir/Drivers/STM32H7xx_HAL_Driver/Src/stm32h7xx_hal_pwr_ex.c.obj
 .comment       0x00000049       0x4a CMakeFiles/H750_SPI_AD9268.elf.dir/Drivers/STM32H7xx_HAL_Driver/Src/stm32h7xx_hal_rcc.c.obj
 .comment       0x00000049       0x4a CMakeFiles/H750_SPI_AD9268.elf.dir/Drivers/STM32H7xx_HAL_Driver/Src/stm32h7xx_hal_rcc_ex.c.obj
 .comment       0x00000049       0x4a CMakeFiles/H750_SPI_AD9268.elf.dir/Drivers/STM32H7xx_HAL_Driver/Src/stm32h7xx_hal_spi.c.obj
 .comment       0x00000049       0x4a CMakeFiles/H750_SPI_AD9268.elf.dir/Drivers/STM32H7xx_HAL_Driver/Src/stm32h7xx_hal_tim.c.obj
 .comment       0x00000049       0x4a CMakeFiles/H750_SPI_AD9268.elf.dir/Drivers/STM32H7xx_HAL_Driver/Src/stm32h7xx_hal_tim_ex.c.obj
 .comment       0x00000049       0x4a CMakeFiles/H750_SPI_AD9268.elf.dir/Drivers/STM32H7xx_HAL_Driver/Src/stm32h7xx_hal_uart.c.obj
 .comment       0x00000049       0x4a CMakeFiles/H750_SPI_AD9268.elf.dir/Drivers/STM32H7xx_HAL_Driver/Src/stm32h7xx_hal_uart_ex.c.obj

.debug_frame    0x00000000     0x3428
 .debug_frame   0x00000000       0xa8 CMakeFiles/H750_SPI_AD9268.elf.dir/Core/Src/AD9268.c.obj
 .debug_frame   0x000000a8       0x38 CMakeFiles/H750_SPI_AD9268.elf.dir/Core/Src/gpio.c.obj
 .debug_frame   0x000000e0       0xb0 CMakeFiles/H750_SPI_AD9268.elf.dir/Core/Src/main.c.obj
 .debug_frame   0x00000190       0x64 CMakeFiles/H750_SPI_AD9268.elf.dir/Core/Src/spi.c.obj
 .debug_frame   0x000001f4       0x28 CMakeFiles/H750_SPI_AD9268.elf.dir/Core/Src/stm32h7xx_hal_msp.c.obj
 .debug_frame   0x0000021c      0x180 CMakeFiles/H750_SPI_AD9268.elf.dir/Core/Src/stm32h7xx_it.c.obj
 .debug_frame   0x0000039c       0x40 CMakeFiles/H750_SPI_AD9268.elf.dir/Core/Src/system_stm32h7xx.c.obj
 .debug_frame   0x000003dc      0x18c CMakeFiles/H750_SPI_AD9268.elf.dir/Core/Src/tim.c.obj
 .debug_frame   0x00000568       0x64 CMakeFiles/H750_SPI_AD9268.elf.dir/Core/Src/usart.c.obj
 .debug_frame   0x000005cc      0x360 CMakeFiles/H750_SPI_AD9268.elf.dir/Drivers/STM32H7xx_HAL_Driver/Src/stm32h7xx_hal.c.obj
 .debug_frame   0x0000092c      0x158 CMakeFiles/H750_SPI_AD9268.elf.dir/Drivers/STM32H7xx_HAL_Driver/Src/stm32h7xx_hal_cortex.c.obj
 .debug_frame   0x00000a84      0x1fc CMakeFiles/H750_SPI_AD9268.elf.dir/Drivers/STM32H7xx_HAL_Driver/Src/stm32h7xx_hal_dma.c.obj
 .debug_frame   0x00000c80       0xd0 CMakeFiles/H750_SPI_AD9268.elf.dir/Drivers/STM32H7xx_HAL_Driver/Src/stm32h7xx_hal_gpio.c.obj
 .debug_frame   0x00000d50      0x2f4 CMakeFiles/H750_SPI_AD9268.elf.dir/Drivers/STM32H7xx_HAL_Driver/Src/stm32h7xx_hal_pwr_ex.c.obj
 .debug_frame   0x00001044      0x188 CMakeFiles/H750_SPI_AD9268.elf.dir/Drivers/STM32H7xx_HAL_Driver/Src/stm32h7xx_hal_rcc.c.obj
 .debug_frame   0x000011cc      0x284 CMakeFiles/H750_SPI_AD9268.elf.dir/Drivers/STM32H7xx_HAL_Driver/Src/stm32h7xx_hal_rcc_ex.c.obj
 .debug_frame   0x00001450      0x4b8 CMakeFiles/H750_SPI_AD9268.elf.dir/Drivers/STM32H7xx_HAL_Driver/Src/stm32h7xx_hal_spi.c.obj
 .debug_frame   0x00001908      0xb64 CMakeFiles/H750_SPI_AD9268.elf.dir/Drivers/STM32H7xx_HAL_Driver/Src/stm32h7xx_hal_tim.c.obj
 .debug_frame   0x0000246c      0x480 CMakeFiles/H750_SPI_AD9268.elf.dir/Drivers/STM32H7xx_HAL_Driver/Src/stm32h7xx_hal_tim_ex.c.obj
 .debug_frame   0x000028ec      0x680 CMakeFiles/H750_SPI_AD9268.elf.dir/Drivers/STM32H7xx_HAL_Driver/Src/stm32h7xx_hal_uart.c.obj
 .debug_frame   0x00002f6c      0x1c8 CMakeFiles/H750_SPI_AD9268.elf.dir/Drivers/STM32H7xx_HAL_Driver/Src/stm32h7xx_hal_uart_ex.c.obj
 .debug_frame   0x00003134       0x4c f:/work/arm-none-eabi-gcc/gcc-arm-none-eabi-10.3-2021.10-win32/gcc-arm-none-eabi-10.3-2021.10/bin/../lib/gcc/arm-none-eabi/10.3.1/thumb/v7e-m/nofp\libgcc.a(_arm_addsubsf3.o)
 .debug_frame   0x00003180       0x38 f:/work/arm-none-eabi-gcc/gcc-arm-none-eabi-10.3-2021.10-win32/gcc-arm-none-eabi-10.3-2021.10/bin/../lib/gcc/arm-none-eabi/10.3.1/thumb/v7e-m/nofp\libgcc.a(_arm_muldivsf3.o)
 .debug_frame   0x000031b8       0x24 f:/work/arm-none-eabi-gcc/gcc-arm-none-eabi-10.3-2021.10-win32/gcc-arm-none-eabi-10.3-2021.10/bin/../lib/gcc/arm-none-eabi/10.3.1/thumb/v7e-m/nofp\libgcc.a(_arm_fixunssfsi.o)
 .debug_frame   0x000031dc       0x2c f:/work/arm-none-eabi-gcc/gcc-arm-none-eabi-10.3-2021.10-win32/gcc-arm-none-eabi-10.3-2021.10/bin/../lib/gcc/arm-none-eabi/10.3.1/thumb/v7e-m/nofp\libgcc.a(_aeabi_uldivmod.o)
 .debug_frame   0x00003208       0x34 f:/work/arm-none-eabi-gcc/gcc-arm-none-eabi-10.3-2021.10-win32/gcc-arm-none-eabi-10.3-2021.10/bin/../lib/gcc/arm-none-eabi/10.3.1/thumb/v7e-m/nofp\libgcc.a(_udivmoddi4.o)
 .debug_frame   0x0000323c       0x2c f:/work/arm-none-eabi-gcc/gcc-arm-none-eabi-10.3-2021.10-win32/gcc-arm-none-eabi-10.3-2021.10/bin/../lib/gcc/arm-none-eabi/10.3.1/../../../../arm-none-eabi/lib/thumb/v7e-m/nofp\libg.a(lib_a-init.o)
 .debug_frame   0x00003268       0x2c f:/work/arm-none-eabi-gcc/gcc-arm-none-eabi-10.3-2021.10-win32/gcc-arm-none-eabi-10.3-2021.10/bin/../lib/gcc/arm-none-eabi/10.3.1/../../../../arm-none-eabi/lib/thumb/v7e-m/nofp\libg.a(lib_a-memset.o)
 .debug_frame   0x00003294       0x5c f:/work/arm-none-eabi-gcc/gcc-arm-none-eabi-10.3-2021.10-win32/gcc-arm-none-eabi-10.3-2021.10/bin/../lib/gcc/arm-none-eabi/10.3.1/../../../../arm-none-eabi/lib/thumb/v7e-m/nofp\libg.a(lib_a-__call_atexit.o)
 .debug_frame   0x000032f0       0x20 f:/work/arm-none-eabi-gcc/gcc-arm-none-eabi-10.3-2021.10-win32/gcc-arm-none-eabi-10.3-2021.10/bin/../lib/gcc/arm-none-eabi/10.3.1/../../../../arm-none-eabi/lib/thumb/v7e-m/nofp\libg.a(lib_a-atexit.o)
 .debug_frame   0x00003310       0x34 f:/work/arm-none-eabi-gcc/gcc-arm-none-eabi-10.3-2021.10-win32/gcc-arm-none-eabi-10.3-2021.10/bin/../lib/gcc/arm-none-eabi/10.3.1/../../../../arm-none-eabi/lib/thumb/v7e-m/nofp\libg.a(lib_a-fini.o)
 .debug_frame   0x00003344       0xb0 f:/work/arm-none-eabi-gcc/gcc-arm-none-eabi-10.3-2021.10-win32/gcc-arm-none-eabi-10.3-2021.10/bin/../lib/gcc/arm-none-eabi/10.3.1/../../../../arm-none-eabi/lib/thumb/v7e-m/nofp\libg.a(lib_a-lock.o)
 .debug_frame   0x000033f4       0x34 f:/work/arm-none-eabi-gcc/gcc-arm-none-eabi-10.3-2021.10-win32/gcc-arm-none-eabi-10.3-2021.10/bin/../lib/gcc/arm-none-eabi/10.3.1/../../../../arm-none-eabi/lib/thumb/v7e-m/nofp\libg.a(lib_a-__atexit.o)
