<html>
<body>
<pre>
<h1>µVision Build Log</h1>
<h2>Tool Versions:</h2>
IDE-Version: ¦ÌVision V5.38.0.0
Copyright (C) 2022 ARM Ltd and ARM Germany GmbH. All rights reserved.
License Information: 1 1, 1, LIC=1WSKC-751NC-D30M3-ASH9T-0GQ9C-6C7JH
 
Tool Versions:
Toolchain:       MDK-ARM Professional  Version: 5.38.0.0
Toolchain Path:  D:\keil_v5\ARM\ARMCC\Bin
C Compiler:      Armcc.exe V5.06 update 7 (build 960)
Assembler:       Armasm.exe V5.06 update 7 (build 960)
Linker/Locator:  ArmLink.exe V5.06 update 7 (build 960)
Library Manager: ArmAr.exe V5.06 update 7 (build 960)
Hex Converter:   FromElf.exe V5.06 update 7 (build 960)
CPU DLL:         SARMCM3.DLL V5.38.0.0
Dialog DLL:      DCM.DLL V1.17.5.0
Target DLL:      CMSIS_AGDI.dll V1.33.15.0
Dialog DLL:      TCM.DLL V1.56.4.0
 
<h2>Project:</h2>
D:\cubecode\H750_AD9268-16bit\H750_AD9268-16bit\MDK-ARM\H750_SPI_AD9268.uvprojx
Project File Date:  06/17/2024

<h2>Output:</h2>
*** Using Compiler 'V5.06 update 7 (build 960)', folder: 'D:\keil_v5\ARM\ARMCC\Bin'
Build target 'H750_SPI_AD9268'
assembling startup_stm32h750xx.s...
compiling gpio.c...
compiling dma.c...
compiling main.c...
../Core/Inc/AD9268.h(11): warning:  #1295-D: Deprecated declaration Init_AD9268 - give arg types
  void Init_AD9268();
../Core/Src/main.c: 1 warning, 0 errors
compiling spi.c...
compiling usart.c...
compiling tim.c...
../Core/Inc/AD9268.h(11): warning:  #1295-D: Deprecated declaration Init_AD9268 - give arg types
  void Init_AD9268();
../Core/Src/tim.c: 1 warning, 0 errors
compiling stm32h7xx_it.c...
compiling stm32h7xx_hal_msp.c...
compiling stm32h7xx_hal_cortex.c...
compiling stm32h7xx_hal_spi_ex.c...
compiling stm32h7xx_hal_spi.c...
compiling stm32h7xx_hal_flash.c...
compiling stm32h7xx_hal_flash_ex.c...
compiling stm32h7xx_hal_rcc_ex.c...
compiling stm32h7xx_hal_rcc.c...
compiling stm32h7xx_hal_gpio.c...
compiling stm32h7xx_hal_hsem.c...
compiling stm32h7xx_hal_dma_ex.c...
compiling stm32h7xx_hal_dma.c...
compiling stm32h7xx_hal_mdma.c...
compiling stm32h7xx_hal_pwr.c...
compiling stm32h7xx_hal_pwr_ex.c...
compiling stm32h7xx_hal.c...
compiling stm32h7xx_hal_i2c_ex.c...
compiling stm32h7xx_hal_exti.c...
compiling stm32h7xx_hal_i2c.c...
compiling stm32h7xx_hal_tim_ex.c...
compiling stm32h7xx_hal_tim.c...
compiling stm32h7xx_hal_uart_ex.c...
compiling stm32h7xx_hal_uart.c...
compiling AD9268.c...
../Core/Inc/AD9268.h(11): warning:  #1295-D: Deprecated declaration Init_AD9268 - give arg types
  void Init_AD9268();
src\AD9268.c(22): warning:  #223-D: function "printf" declared implicitly
          printf("SPI Transmit Failed\r\n");
src\AD9268.c(37): warning:  #223-D: function "printf" declared implicitly
              printf("0x%02X ", ReadBuf[i]);
src\AD9268.c(39): warning:  #223-D: function "printf" declared implicitly
          printf("\r\n");
src\AD9268.c(42): warning:  #223-D: function "printf" declared implicitly
          printf("SPI Read Failed\r\n");
src\AD9268.c: 5 warnings, 0 errors
compiling system_stm32h7xx.c...
compiling Parallel_to_Serial.c...
linking...
Program Size: Code=34104 RO-data=760 RW-data=36 ZI-data=35932  
FromELF: creating hex file...
"H750_SPI_AD9268\H750_SPI_AD9268.axf" - 0 Error(s), 7 Warning(s).

<h2>Software Packages used:</h2>

Package Vendor: ARM
                http://www.keil.com/pack/ARM.CMSIS.5.9.0.pack
                ARM.CMSIS.5.9.0
                CMSIS (Common Microcontroller Software Interface Standard)
   * Component: CORE Version: 5.6.0

Package Vendor: Keil
                https://www.keil.com/pack/Keil.STM32H7xx_DFP.3.1.1.pack
                Keil.STM32H7xx_DFP.3.1.1
                STMicroelectronics STM32H7 Series Device Support and Examples

<h2>Collection of Component include folders:</h2>
  ./RTE/_H750_SPI_AD9268
  D:/keil_v5/ARM/Pack/ARM/CMSIS/5.9.0/CMSIS/Core/Include
  D:/keil_v5/ARM/Pack/Keil/STM32H7xx_DFP/3.1.1/Drivers/CMSIS/Device/ST/STM32H7xx/Include

<h2>Collection of Component Files used:</h2>

   * Component: ARM::CMSIS:CORE:5.6.0
Build Time Elapsed:  00:00:13
</pre>
</body>
</html>
