Component: ARM Compiler 5.06 update 7 (build 960) Tool: armlink [4d3601]

==============================================================================

Section Cross References

    startup_stm32h750xx.o(RESET) refers to startup_stm32h750xx.o(STACK) for __initial_sp
    startup_stm32h750xx.o(RESET) refers to startup_stm32h750xx.o(.text) for Reset_Handler
    startup_stm32h750xx.o(RESET) refers to stm32h7xx_it.o(i.NMI_Handler) for NMI_Handler
    startup_stm32h750xx.o(RESET) refers to stm32h7xx_it.o(i.HardFault_Handler) for HardFault_Handler
    startup_stm32h750xx.o(RESET) refers to stm32h7xx_it.o(i.MemManage_Handler) for MemManage_Handler
    startup_stm32h750xx.o(RESET) refers to stm32h7xx_it.o(i.BusFault_Handler) for BusFault_Handler
    startup_stm32h750xx.o(RESET) refers to stm32h7xx_it.o(i.UsageFault_Handler) for UsageFault_Handler
    startup_stm32h750xx.o(RESET) refers to stm32h7xx_it.o(i.SVC_Handler) for SVC_Handler
    startup_stm32h750xx.o(RESET) refers to stm32h7xx_it.o(i.DebugMon_Handler) for DebugMon_Handler
    startup_stm32h750xx.o(RESET) refers to stm32h7xx_it.o(i.PendSV_Handler) for PendSV_Handler
    startup_stm32h750xx.o(RESET) refers to stm32h7xx_it.o(i.SysTick_Handler) for SysTick_Handler
    startup_stm32h750xx.o(RESET) refers to stm32h7xx_it.o(i.EXTI1_IRQHandler) for EXTI1_IRQHandler
    startup_stm32h750xx.o(RESET) refers to stm32h7xx_it.o(i.TIM3_IRQHandler) for TIM3_IRQHandler
    startup_stm32h750xx.o(RESET) refers to stm32h7xx_it.o(i.USART1_IRQHandler) for USART1_IRQHandler
    startup_stm32h750xx.o(RESET) refers to stm32h7xx_it.o(i.OTG_HS_EP1_OUT_IRQHandler) for OTG_HS_EP1_OUT_IRQHandler
    startup_stm32h750xx.o(RESET) refers to stm32h7xx_it.o(i.OTG_HS_EP1_IN_IRQHandler) for OTG_HS_EP1_IN_IRQHandler
    startup_stm32h750xx.o(RESET) refers to stm32h7xx_it.o(i.OTG_HS_IRQHandler) for OTG_HS_IRQHandler
    startup_stm32h750xx.o(.text) refers to system_stm32h7xx.o(i.SystemInit) for SystemInit
    startup_stm32h750xx.o(.text) refers to entry.o(.ARM.Collect$$$$00000000) for __main
    main.o(i.PeriphCommonClock_Config) refers to memseta.o(.text) for __aeabi_memclr4
    main.o(i.PeriphCommonClock_Config) refers to stm32h7xx_hal_rcc_ex.o(i.HAL_RCCEx_PeriphCLKConfig) for HAL_RCCEx_PeriphCLKConfig
    main.o(i.PeriphCommonClock_Config) refers to main.o(i.Error_Handler) for Error_Handler
    main.o(i.SystemClock_Config) refers to memseta.o(.text) for __aeabi_memclr4
    main.o(i.SystemClock_Config) refers to stm32h7xx_hal_pwr_ex.o(i.HAL_PWREx_ConfigSupply) for HAL_PWREx_ConfigSupply
    main.o(i.SystemClock_Config) refers to stm32h7xx_hal_rcc.o(i.HAL_RCC_OscConfig) for HAL_RCC_OscConfig
    main.o(i.SystemClock_Config) refers to main.o(i.Error_Handler) for Error_Handler
    main.o(i.SystemClock_Config) refers to stm32h7xx_hal_rcc.o(i.HAL_RCC_ClockConfig) for HAL_RCC_ClockConfig
    main.o(i.data_shift) refers to main.o(.bss) for average_value
    main.o(i.data_shift) refers to main.o(.data) for enc2
    main.o(i.fgetc) refers to stm32h7xx_hal_uart.o(i.HAL_UART_Receive) for HAL_UART_Receive
    main.o(i.fgetc) refers to usart.o(.bss) for huart1
    main.o(i.fputc) refers to stm32h7xx_hal_uart.o(i.HAL_UART_Transmit) for HAL_UART_Transmit
    main.o(i.fputc) refers to usart.o(.bss) for huart1
    main.o(i.main) refers to stm32h7xx_hal.o(i.HAL_Init) for HAL_Init
    main.o(i.main) refers to main.o(i.SystemClock_Config) for SystemClock_Config
    main.o(i.main) refers to main.o(i.PeriphCommonClock_Config) for PeriphCommonClock_Config
    main.o(i.main) refers to gpio.o(i.MX_GPIO_Init) for MX_GPIO_Init
    main.o(i.main) refers to tim.o(i.MX_TIM2_Init) for MX_TIM2_Init
    main.o(i.main) refers to usart.o(i.MX_USART1_UART_Init) for MX_USART1_UART_Init
    main.o(i.main) refers to spi.o(i.MX_SPI1_Init) for MX_SPI1_Init
    main.o(i.main) refers to tim.o(i.MX_TIM3_Init) for MX_TIM3_Init
    main.o(i.main) refers to usb_device.o(i.MX_USB_DEVICE_Init) for MX_USB_DEVICE_Init
    main.o(i.main) refers to ad9268.o(i.Init_AD9268) for Init_AD9268
    main.o(i.main) refers to stm32h7xx_hal.o(i.HAL_Delay) for HAL_Delay
    main.o(i.main) refers to stm32h7xx_hal_tim.o(i.HAL_TIM_PWM_Start) for HAL_TIM_PWM_Start
    main.o(i.main) refers to stm32h7xx_hal_tim.o(i.HAL_TIM_Encoder_Start) for HAL_TIM_Encoder_Start
    main.o(i.main) refers to main.o(i.data_shift) for data_shift
    main.o(i.main) refers to usbd_cdc_if.o(i.CDC_Transmit_HS) for CDC_Transmit_HS
    main.o(i.main) refers to tim.o(.bss) for htim2
    main.o(i.main) refers to main.o(.data) for measure_f
    main.o(i.main) refers to main.o(.bss) for average_value
    gpio.o(i.MX_GPIO_Init) refers to memseta.o(.text) for __aeabi_memclr4
    gpio.o(i.MX_GPIO_Init) refers to stm32h7xx_hal_gpio.o(i.HAL_GPIO_WritePin) for HAL_GPIO_WritePin
    gpio.o(i.MX_GPIO_Init) refers to stm32h7xx_hal_gpio.o(i.HAL_GPIO_Init) for HAL_GPIO_Init
    gpio.o(i.MX_GPIO_Init) refers to stm32h7xx_hal_cortex.o(i.HAL_NVIC_SetPriority) for HAL_NVIC_SetPriority
[...]
    _printf_i                                0x00000000   Number         0  stubs.o ABSOLUTE
    _printf_int_dec                          0x00000000   Number         0  stubs.o ABSOLUTE
    _printf_l                                0x00000000   Number         0  stubs.o ABSOLUTE
    _printf_lc                               0x00000000   Number         0  stubs.o ABSOLUTE
    _printf_ll                               0x00000000   Number         0  stubs.o ABSOLUTE
    _printf_lld                              0x00000000   Number         0  stubs.o ABSOLUTE
    _printf_lli                              0x00000000   Number         0  stubs.o ABSOLUTE
    _printf_llo                              0x00000000   Number         0  stubs.o ABSOLUTE
    _printf_llu                              0x00000000   Number         0  stubs.o ABSOLUTE
    _printf_llx                              0x00000000   Number         0  stubs.o ABSOLUTE
    _printf_longlong_dec                     0x00000000   Number         0  stubs.o ABSOLUTE
    _printf_longlong_hex                     0x00000000   Number         0  stubs.o ABSOLUTE
    _printf_longlong_oct                     0x00000000   Number         0  stubs.o ABSOLUTE
    _printf_ls                               0x00000000   Number         0  stubs.o ABSOLUTE
    _printf_mbtowc                           0x00000000   Number         0  stubs.o ABSOLUTE
    _printf_n                                0x00000000   Number         0  stubs.o ABSOLUTE
    _printf_o                                0x00000000   Number         0  stubs.o ABSOLUTE
    _printf_p                                0x00000000   Number         0  stubs.o ABSOLUTE
    _printf_percent                          0x00000000   Number         0  stubs.o ABSOLUTE
    _printf_pre_padding                      0x00000000   Number         0  stubs.o ABSOLUTE
    _printf_return_value                     0x00000000   Number         0  stubs.o ABSOLUTE
    _printf_s                                0x00000000   Number         0  stubs.o ABSOLUTE
    _printf_sizespec                         0x00000000   Number         0  stubs.o ABSOLUTE
    _printf_str                              0x00000000   Number         0  stubs.o ABSOLUTE
    _printf_truncate_signed                  0x00000000   Number         0  stubs.o ABSOLUTE
    _printf_truncate_unsigned                0x00000000   Number         0  stubs.o ABSOLUTE
    _printf_u                                0x00000000   Number         0  stubs.o ABSOLUTE
    _printf_wc                               0x00000000   Number         0  stubs.o ABSOLUTE
    _printf_wctomb                           0x00000000   Number         0  stubs.o ABSOLUTE
    _printf_widthprec                        0x00000000   Number         0  stubs.o ABSOLUTE
    _printf_x                                0x00000000   Number         0  stubs.o ABSOLUTE
    __arm_fini_                               - Undefined Weak Reference
    __cpp_initialize__aeabi_                  - Undefined Weak Reference
    __cxa_finalize                            - Undefined Weak Reference
    _clock_init                               - Undefined Weak Reference
    _microlib_exit                            - Undefined Weak Reference
    __Vectors_Size                           0x00000298   Number         0  startup_stm32h750xx.o ABSOLUTE
    __Vectors                                0x08000000   Data           4  startup_stm32h750xx.o(RESET)
    __Vectors_End                            0x08000298   Data           0  startup_stm32h750xx.o(RESET)
    __main                                   0x08000299   Thumb Code     0  entry.o(.ARM.Collect$$$$00000000)
    _main_stk                                0x08000299   Thumb Code     0  entry2.o(.ARM.Collect$$$$00000001)
    _main_scatterload                        0x0800029d   Thumb Code     0  entry5.o(.ARM.Collect$$$$00000004)
    __main_after_scatterload                 0x080002a1   Thumb Code     0  entry5.o(.ARM.Collect$$$$00000004)
    _main_clock                              0x080002a1   Thumb Code     0  entry7b.o(.ARM.Collect$$$$00000008)
    _main_cpp_init                           0x080002a1   Thumb Code     0  entry8b.o(.ARM.Collect$$$$0000000A)
    _main_init                               0x080002a1   Thumb Code     0  entry9a.o(.ARM.Collect$$$$0000000B)
    __rt_lib_shutdown_fini                   0x080002a9   Thumb Code     0  entry12b.o(.ARM.Collect$$$$0000000E)
    __rt_final_cpp                           0x080002ad   Thumb Code     0  entry10a.o(.ARM.Collect$$$$0000000F)
    __rt_final_exit                          0x080002ad   Thumb Code     0  entry11a.o(.ARM.Collect$$$$00000011)
    Reset_Handler                            0x080002b1   Thumb Code     8  startup_stm32h750xx.o(.text)
    ADC3_IRQHandler                          0x080002cb   Thumb Code     0  startup_stm32h750xx.o(.text)
    ADC_IRQHandler                           0x080002cb   Thumb Code     0  startup_stm32h750xx.o(.text)
    BDMA_Channel0_IRQHandler                 0x080002cb   Thumb Code     0  startup_stm32h750xx.o(.text)
    BDMA_Channel1_IRQHandler                 0x080002cb   Thumb Code     0  startup_stm32h750xx.o(.text)
    BDMA_Channel2_IRQHandler                 0x080002cb   Thumb Code     0  startup_stm32h750xx.o(.text)
    BDMA_Channel3_IRQHandler                 0x080002cb   Thumb Code     0  startup_stm32h750xx.o(.text)
    BDMA_Channel4_IRQHandler                 0x080002cb   Thumb Code     0  startup_stm32h750xx.o(.text)
    BDMA_Channel5_IRQHandler                 0x080002cb   Thumb Code     0  startup_stm32h750xx.o(.text)
    BDMA_Channel6_IRQHandler                 0x080002cb   Thumb Code     0  startup_stm32h750xx.o(.text)
    BDMA_Channel7_IRQHandler                 0x080002cb   Thumb Code     0  startup_stm32h750xx.o(.text)
    CEC_IRQHandler                           0x080002cb   Thumb Code     0  startup_stm32h750xx.o(.text)
    COMP1_IRQHandler                         0x080002cb   Thumb Code     0  startup_stm32h750xx.o(.text)
    CRS_IRQHandler                           0x080002cb   Thumb Code     0  startup_stm32h750xx.o(.text)
    CRYP_IRQHandler                          0x080002cb   Thumb Code     0  startup_stm32h750xx.o(.text)
    DCMI_IRQHandler                          0x080002cb   Thumb Code     0  startup_stm32h750xx.o(.text)
    DFSDM1_FLT0_IRQHandler                   0x080002cb   Thumb Code     0  startup_stm32h750xx.o(.text)
    DFSDM1_FLT1_IRQHandler                   0x080002cb   Thumb Code     0  startup_stm32h750xx.o(.text)
    DFSDM1_FLT2_IRQHandler                   0x080002cb   Thumb Code     0  startup_stm32h750xx.o(.text)
    DFSDM1_FLT3_IRQHandler                   0x080002cb   Thumb Code     0  startup_stm32h750xx.o(.text)
    DMA1_Stream0_IRQHandler                  0x080002cb   Thumb Code     0  startup_stm32h750xx.o(.text)
    DMA1_Stream1_IRQHandler                  0x080002cb   Thumb Code     0  startup_stm32h750xx.o(.text)
    DMA1_Stream2_IRQHandler                  0x080002cb   Thumb Code     0  startup_stm32h750xx.o(.text)
    DMA1_Stream3_IRQHandler                  0x080002cb   Thumb Code     0  startup_stm32h750xx.o(.text)
    DMA1_Stream4_IRQHandler                  0x080002cb   Thumb Code     0  startup_stm32h750xx.o(.text)
    DMA1_Stream5_IRQHandler                  0x080002cb   Thumb Code     0  startup_stm32h750xx.o(.text)
    DMA1_Stream6_IRQHandler                  0x080002cb   Thumb Code     0  startup_stm32h750xx.o(.text)
    DMA1_Stream7_IRQHandler                  0x080002cb   Thumb Code     0  startup_stm32h750xx.o(.text)
    DMA2D_IRQHandler                         0x080002cb   Thumb Code     0  startup_stm32h750xx.o(.text)
    DMA2_Stream0_IRQHandler                  0x080002cb   Thumb Code     0  startup_stm32h750xx.o(.text)
    DMA2_Stream1_IRQHandler                  0x080002cb   Thumb Code     0  startup_stm32h750xx.o(.text)
    DMA2_Stream2_IRQHandler                  0x080002cb   Thumb Code     0  startup_stm32h750xx.o(.text)
    DMA2_Stream3_IRQHandler                  0x080002cb   Thumb Code     0  startup_stm32h750xx.o(.text)
    DMA2_Stream4_IRQHandler                  0x080002cb   Thumb Code     0  startup_stm32h750xx.o(.text)
    DMA2_Stream5_IRQHandler                  0x080002cb   Thumb Code     0  startup_stm32h750xx.o(.text)
    DMA2_Stream6_IRQHandler                  0x080002cb   Thumb Code     0  startup_stm32h750xx.o(.text)
    DMA2_Stream7_IRQHandler                  0x080002cb   Thumb Code     0  startup_stm32h750xx.o(.text)
    DMAMUX1_OVR_IRQHandler                   0x080002cb   Thumb Code     0  startup_stm32h750xx.o(.text)
    DMAMUX2_OVR_IRQHandler                   0x080002cb   Thumb Code     0  startup_stm32h750xx.o(.text)
    ECC_IRQHandler                           0x080002cb   Thumb Code     0  startup_stm32h750xx.o(.text)
    ETH_IRQHandler                           0x080002cb   Thumb Code     0  startup_stm32h750xx.o(.text)
    ETH_WKUP_IRQHandler                      0x080002cb   Thumb Code     0  startup_stm32h750xx.o(.text)
    EXTI0_IRQHandler                         0x080002cb   Thumb Code     0  startup_stm32h750xx.o(.text)
    EXTI15_10_IRQHandler                     0x080002cb   Thumb Code     0  startup_stm32h750xx.o(.text)
    EXTI2_IRQHandler                         0x080002cb   Thumb Code     0  startup_stm32h750xx.o(.text)
    EXTI3_IRQHandler                         0x080002cb   Thumb Code     0  startup_stm32h750xx.o(.text)
    EXTI4_IRQHandler                         0x080002cb   Thumb Code     0  startup_stm32h750xx.o(.text)
    EXTI9_5_IRQHandler                       0x080002cb   Thumb Code     0  startup_stm32h750xx.o(.text)
    FDCAN1_IT0_IRQHandler                    0x080002cb   Thumb Code     0  startup_stm32h750xx.o(.text)
    FDCAN1_IT1_IRQHandler                    0x080002cb   Thumb Code     0  startup_stm32h750xx.o(.text)
    FDCAN2_IT0_IRQHandler                    0x080002cb   Thumb Code     0  startup_stm32h750xx.o(.text)
    FDCAN2_IT1_IRQHandler                    0x080002cb   Thumb Code     0  startup_stm32h750xx.o(.text)
    FDCAN_CAL_IRQHandler                     0x080002cb   Thumb Code     0  startup_stm32h750xx.o(.text)
    FLASH_IRQHandler                         0x080002cb   Thumb Code     0  startup_stm32h750xx.o(.text)
    FMC_IRQHandler                           0x080002cb   Thumb Code     0  startup_stm32h750xx.o(.text)
    FPU_IRQHandler                           0x080002cb   Thumb Code     0  startup_stm32h750xx.o(.text)
    HASH_RNG_IRQHandler                      0x080002cb   Thumb Code     0  startup_stm32h750xx.o(.text)
    HRTIM1_FLT_IRQHandler                    0x080002cb   Thumb Code     0  startup_stm32h750xx.o(.text)
    HRTIM1_Master_IRQHandler                 0x080002cb   Thumb Code     0  startup_stm32h750xx.o(.text)
    HRTIM1_TIMA_IRQHandler                   0x080002cb   Thumb Code     0  startup_stm32h750xx.o(.text)
    HRTIM1_TIMB_IRQHandler                   0x080002cb   Thumb Code     0  startup_stm32h750xx.o(.text)
    HRTIM1_TIMC_IRQHandler                   0x080002cb   Thumb Code     0  startup_stm32h750xx.o(.text)
    HRTIM1_TIMD_IRQHandler                   0x080002cb   Thumb Code     0  startup_stm32h750xx.o(.text)
    HRTIM1_TIME_IRQHandler                   0x080002cb   Thumb Code     0  startup_stm32h750xx.o(.text)
    HSEM1_IRQHandler                         0x080002cb   Thumb Code     0  startup_stm32h750xx.o(.text)
    I2C1_ER_IRQHandler                       0x080002cb   Thumb Code     0  startup_stm32h750xx.o(.text)
    I2C1_EV_IRQHandler                       0x080002cb   Thumb Code     0  startup_stm32h750xx.o(.text)
    I2C2_ER_IRQHandler                       0x080002cb   Thumb Code     0  startup_stm32h750xx.o(.text)
    I2C2_EV_IRQHandler                       0x080002cb   Thumb Code     0  startup_stm32h750xx.o(.text)
    I2C3_ER_IRQHandler                       0x080002cb   Thumb Code     0  startup_stm32h750xx.o(.text)
    I2C3_EV_IRQHandler                       0x080002cb   Thumb Code     0  startup_stm32h750xx.o(.text)
    I2C4_ER_IRQHandler                       0x080002cb   Thumb Code     0  startup_stm32h750xx.o(.text)
    I2C4_EV_IRQHandler                       0x080002cb   Thumb Code     0  startup_stm32h750xx.o(.text)
    JPEG_IRQHandler                          0x080002cb   Thumb Code     0  startup_stm32h750xx.o(.text)
    LPTIM1_IRQHandler                        0x080002cb   Thumb Code     0  startup_stm32h750xx.o(.text)
    LPTIM2_IRQHandler                        0x080002cb   Thumb Code     0  startup_stm32h750xx.o(.text)
    LPTIM3_IRQHandler                        0x080002cb   Thumb Code     0  startup_stm32h750xx.o(.text)
    LPTIM4_IRQHandler                        0x080002cb   Thumb Code     0  startup_stm32h750xx.o(.text)
    LPTIM5_IRQHandler                        0x080002cb   Thumb Code     0  startup_stm32h750xx.o(.text)
    LPUART1_IRQHandler                       0x080002cb   Thumb Code     0  startup_stm32h750xx.o(.text)
    LTDC_ER_IRQHandler                       0x080002cb   Thumb Code     0  startup_stm32h750xx.o(.text)
    LTDC_IRQHandler                          0x080002cb   Thumb Code     0  startup_stm32h750xx.o(.text)
    MDIOS_IRQHandler                         0x080002cb   Thumb Code     0  startup_stm32h750xx.o(.text)
    MDIOS_WKUP_IRQHandler                    0x080002cb   Thumb Code     0  startup_stm32h750xx.o(.text)
    MDMA_IRQHandler                          0x080002cb   Thumb Code     0  startup_stm32h750xx.o(.text)
    OTG_FS_EP1_IN_IRQHandler                 0x080002cb   Thumb Code     0  startup_stm32h750xx.o(.text)
    OTG_FS_EP1_OUT_IRQHandler                0x080002cb   Thumb Code     0  startup_stm32h750xx.o(.text)
    OTG_FS_IRQHandler                        0x080002cb   Thumb Code     0  startup_stm32h750xx.o(.text)
    OTG_FS_WKUP_IRQHandler                   0x080002cb   Thumb Code     0  startup_stm32h750xx.o(.text)
    OTG_HS_WKUP_IRQHandler                   0x080002cb   Thumb Code     0  startup_stm32h750xx.o(.text)
    PVD_AVD_IRQHandler                       0x080002cb   Thumb Code     0  startup_stm32h750xx.o(.text)
    QUADSPI_IRQHandler                       0x080002cb   Thumb Code     0  startup_stm32h750xx.o(.text)
    RCC_IRQHandler                           0x080002cb   Thumb Code     0  startup_stm32h750xx.o(.text)
    RTC_Alarm_IRQHandler                     0x080002cb   Thumb Code     0  startup_stm32h750xx.o(.text)
    RTC_WKUP_IRQHandler                      0x080002cb   Thumb Code     0  startup_stm32h750xx.o(.text)
    SAI1_IRQHandler                          0x080002cb   Thumb Code     0  startup_stm32h750xx.o(.text)
    SAI2_IRQHandler                          0x080002cb   Thumb Code     0  startup_stm32h750xx.o(.text)
    SAI3_IRQHandler                          0x080002cb   Thumb Code     0  startup_stm32h750xx.o(.text)
    SAI4_IRQHandler                          0x080002cb   Thumb Code     0  startup_stm32h750xx.o(.text)
    SDMMC1_IRQHandler                        0x080002cb   Thumb Code     0  startup_stm32h750xx.o(.text)
    SDMMC2_IRQHandler                        0x080002cb   Thumb Code     0  startup_stm32h750xx.o(.text)
    SPDIF_RX_IRQHandler                      0x080002cb   Thumb Code     0  startup_stm32h750xx.o(.text)
    SPI1_IRQHandler                          0x080002cb   Thumb Code     0  startup_stm32h750xx.o(.text)
    SPI2_IRQHandler                          0x080002cb   Thumb Code     0  startup_stm32h750xx.o(.text)
    SPI3_IRQHandler                          0x080002cb   Thumb Code     0  startup_stm32h750xx.o(.text)
    SPI4_IRQHandler                          0x080002cb   Thumb Code     0  startup_stm32h750xx.o(.text)
    SPI5_IRQHandler                          0x080002cb   Thumb Code     0  startup_stm32h750xx.o(.text)
    SPI6_IRQHandler                          0x080002cb   Thumb Code     0  startup_stm32h750xx.o(.text)
    SWPMI1_IRQHandler                        0x080002cb   Thumb Code     0  startup_stm32h750xx.o(.text)
    TAMP_STAMP_IRQHandler                    0x080002cb   Thumb Code     0  startup_stm32h750xx.o(.text)
    TIM15_IRQHandler                         0x080002cb   Thumb Code     0  startup_stm32h750xx.o(.text)
    TIM16_IRQHandler                         0x080002cb   Thumb Code     0  startup_stm32h750xx.o(.text)
    TIM17_IRQHandler                         0x080002cb   Thumb Code     0  startup_stm32h750xx.o(.text)
    TIM1_BRK_IRQHandler                      0x080002cb   Thumb Code     0  startup_stm32h750xx.o(.text)
    TIM1_CC_IRQHandler                       0x080002cb   Thumb Code     0  startup_stm32h750xx.o(.text)
    TIM1_TRG_COM_IRQHandler                  0x080002cb   Thumb Code     0  startup_stm32h750xx.o(.text)
    TIM1_UP_IRQHandler                       0x080002cb   Thumb Code     0  startup_stm32h750xx.o(.text)
    TIM2_IRQHandler                          0x080002cb   Thumb Code     0  startup_stm32h750xx.o(.text)
    TIM4_IRQHandler                          0x080002cb   Thumb Code     0  startup_stm32h750xx.o(.text)
    TIM5_IRQHandler                          0x080002cb   Thumb Code     0  startup_stm32h750xx.o(.text)
    TIM6_DAC_IRQHandler                      0x080002cb   Thumb Code     0  startup_stm32h750xx.o(.text)
    TIM7_IRQHandler                          0x080002cb   Thumb Code     0  startup_stm32h750xx.o(.text)
    TIM8_BRK_TIM12_IRQHandler                0x080002cb   Thumb Code     0  startup_stm32h750xx.o(.text)
    TIM8_CC_IRQHandler                       0x080002cb   Thumb Code     0  startup_stm32h750xx.o(.text)
    TIM8_TRG_COM_TIM14_IRQHandler            0x080002cb   Thumb Code     0  startup_stm32h750xx.o(.text)
    TIM8_UP_TIM13_IRQHandler                 0x080002cb   Thumb Code     0  startup_stm32h750xx.o(.text)
    UART4_IRQHandler                         0x080002cb   Thumb Code     0  startup_stm32h750xx.o(.text)
    UART5_IRQHandler                         0x080002cb   Thumb Code     0  startup_stm32h750xx.o(.text)
    UART7_IRQHandler                         0x080002cb   Thumb Code     0  startup_stm32h750xx.o(.text)
    UART8_IRQHandler                         0x080002cb   Thumb Code     0  startup_stm32h750xx.o(.text)
    USART2_IRQHandler                        0x080002cb   Thumb Code     0  startup_stm32h750xx.o(.text)
    USART3_IRQHandler                        0x080002cb   Thumb Code     0  startup_stm32h750xx.o(.text)
    USART6_IRQHandler                        0x080002cb   Thumb Code     0  startup_stm32h750xx.o(.text)
    WAKEUP_PIN_IRQHandler                    0x080002cb   Thumb Code     0  startup_stm32h750xx.o(.text)
    WWDG_IRQHandler                          0x080002cb   Thumb Code     0  startup_stm32h750xx.o(.text)
    __aeabi_uldivmod                         0x080002d5   Thumb Code    98  uldiv.o(.text)
    __aeabi_memcpy                           0x08000337   Thumb Code    36  memcpya.o(.text)
    __aeabi_memcpy4                          0x08000337   Thumb Code     0  memcpya.o(.text)
    __aeabi_memcpy8                          0x08000337   Thumb Code     0  memcpya.o(.text)
    __aeabi_memset                           0x0800035b   Thumb Code    14  memseta.o(.text)
    __aeabi_memset4                          0x0800035b   Thumb Code     0  memseta.o(.text)
    __aeabi_memset8                          0x0800035b   Thumb Code     0  memseta.o(.text)
    __aeabi_memclr                           0x08000369   Thumb Code     4  memseta.o(.text)
    __aeabi_memclr4                          0x08000369   Thumb Code     0  memseta.o(.text)
    __aeabi_memclr8                          0x08000369   Thumb Code     0  memseta.o(.text)
    _memset$wrapper                          0x0800036d   Thumb Code    18  memseta.o(.text)
    __aeabi_llsl                             0x0800037f   Thumb Code    30  llshl.o(.text)
    _ll_shift_l                              0x0800037f   Thumb Code     0  llshl.o(.text)
    __aeabi_llsr                             0x0800039d   Thumb Code    32  llushr.o(.text)
    _ll_ushift_r                             0x0800039d   Thumb Code     0  llushr.o(.text)
    __scatterload                            0x080003bd   Thumb Code    28  init.o(.text)
    __scatterload_rt2                        0x080003bd   Thumb Code     0  init.o(.text)
    __decompress                             0x080003e1   Thumb Code     0  __dczerorl2.o(.text)
    __decompress1                            0x080003e1   Thumb Code    86  __dczerorl2.o(.text)
    AD9268_WriteByte                         0x08000439   Thumb Code    52  ad9268.o(i.AD9268_WriteByte)
    BusFault_Handler                         0x08000471   Thumb Code     4  stm32h7xx_it.o(i.BusFault_Handler)
    CDC_Transmit_HS                          0x080004c1   Thumb Code    40  usbd_cdc_if.o(i.CDC_Transmit_HS)
    DebugMon_Handler                         0x080004ed   Thumb Code     2  stm32h7xx_it.o(i.DebugMon_Handler)
    EXTI1_IRQHandler                         0x080004f1   Thumb Code    18  stm32h7xx_it.o(i.EXTI1_IRQHandler)
    Error_Handler                            0x08000509   Thumb Code     6  main.o(i.Error_Handler)
    HAL_DMA_Abort                            0x08000549   Thumb Code  1236  stm32h7xx_hal_dma.o(i.HAL_DMA_Abort)
    HAL_DMA_Abort_IT                         0x08000a25   Thumb Code   906  stm32h7xx_hal_dma.o(i.HAL_DMA_Abort_IT)
    HAL_Delay                                0x08000dbd   Thumb Code    36  stm32h7xx_hal.o(i.HAL_Delay)
    HAL_GPIO_EXTI_Callback                   0x08000de5   Thumb Code     2  stm32h7xx_hal_gpio.o(i.HAL_GPIO_EXTI_Callback)
    HAL_GPIO_EXTI_IRQHandler                 0x08000de9   Thumb Code    24  stm32h7xx_hal_gpio.o(i.HAL_GPIO_EXTI_IRQHandler)
    HAL_GPIO_Init                            0x08000e05   Thumb Code   456  stm32h7xx_hal_gpio.o(i.HAL_GPIO_Init)
    HAL_GPIO_WritePin                        0x08001001   Thumb Code    12  stm32h7xx_hal_gpio.o(i.HAL_GPIO_WritePin)
    HAL_GetREVID                             0x0800100d   Thumb Code     8  stm32h7xx_hal.o(i.HAL_GetREVID)
    HAL_GetTick                              0x08001019   Thumb Code     6  stm32h7xx_hal.o(i.HAL_GetTick)
    HAL_IncTick                              0x08001025   Thumb Code    16  stm32h7xx_hal.o(i.HAL_IncTick)
    HAL_Init                                 0x0800103d   Thumb Code    80  stm32h7xx_hal.o(i.HAL_Init)
    HAL_InitTick                             0x0800109d   Thumb Code    74  stm32h7xx_hal.o(i.HAL_InitTick)
    HAL_MspInit                              0x080010f5   Thumb Code    38  stm32h7xx_hal_msp.o(i.HAL_MspInit)
    HAL_NVIC_EnableIRQ                       0x08001121   Thumb Code    40  stm32h7xx_hal_cortex.o(i.HAL_NVIC_EnableIRQ)
    HAL_NVIC_SetPriority                     0x08001149   Thumb Code   122  stm32h7xx_hal_cortex.o(i.HAL_NVIC_SetPriority)
    HAL_NVIC_SetPriorityGrouping             0x080011c5   Thumb Code    32  stm32h7xx_hal_cortex.o(i.HAL_NVIC_SetPriorityGrouping)
    HAL_PCDEx_ActivateLPM                    0x080011ed   Thumb Code    36  stm32h7xx_hal_pcd_ex.o(i.HAL_PCDEx_ActivateLPM)
    HAL_PCDEx_LPM_Callback                   0x08001215   Thumb Code     2  stm32h7xx_hal_pcd_ex.o(i.HAL_PCDEx_LPM_Callback)
    HAL_PCDEx_SetRxFiFo                      0x08001217   Thumb Code    10  stm32h7xx_hal_pcd_ex.o(i.HAL_PCDEx_SetRxFiFo)
    HAL_PCDEx_SetTxFiFo                      0x08001221   Thumb Code    78  stm32h7xx_hal_pcd_ex.o(i.HAL_PCDEx_SetTxFiFo)
    HAL_PCD_ConnectCallback                  0x0800126f   Thumb Code     8  usbd_conf.o(i.HAL_PCD_ConnectCallback)
    HAL_PCD_DataInStageCallback              0x08001277   Thumb Code    18  usbd_conf.o(i.HAL_PCD_DataInStageCallback)
    HAL_PCD_DataOutStageCallback             0x08001289   Thumb Code    20  usbd_conf.o(i.HAL_PCD_DataOutStageCallback)
    HAL_PCD_DisconnectCallback               0x0800129d   Thumb Code     8  usbd_conf.o(i.HAL_PCD_DisconnectCallback)
    HAL_PCD_EP_Abort                         0x080012a5   Thumb Code    66  stm32h7xx_hal_pcd.o(i.HAL_PCD_EP_Abort)
    HAL_PCD_EP_Close                         0x080012e7   Thumb Code   106  stm32h7xx_hal_pcd.o(i.HAL_PCD_EP_Close)
    HAL_PCD_EP_ClrStall                      0x08001351   Thumb Code   124  stm32h7xx_hal_pcd.o(i.HAL_PCD_EP_ClrStall)
    HAL_PCD_EP_GetRxCount                    0x080013cd   Thumb Code    22  stm32h7xx_hal_pcd.o(i.HAL_PCD_EP_GetRxCount)
    HAL_PCD_EP_Open                          0x080013e3   Thumb Code   140  stm32h7xx_hal_pcd.o(i.HAL_PCD_EP_Open)
    HAL_PCD_EP_Receive                       0x0800146f   Thumb Code    70  stm32h7xx_hal_pcd.o(i.HAL_PCD_EP_Receive)
    HAL_PCD_EP_SetStall                      0x080014b5   Thumb Code   138  stm32h7xx_hal_pcd.o(i.HAL_PCD_EP_SetStall)
    HAL_PCD_EP_Transmit                      0x0800153f   Thumb Code    72  stm32h7xx_hal_pcd.o(i.HAL_PCD_EP_Transmit)
    HAL_PCD_IRQHandler                       0x08001587   Thumb Code  1806  stm32h7xx_hal_pcd.o(i.HAL_PCD_IRQHandler)
    HAL_PCD_ISOINIncompleteCallback          0x08001c95   Thumb Code     8  usbd_conf.o(i.HAL_PCD_ISOINIncompleteCallback)
    HAL_PCD_ISOOUTIncompleteCallback         0x08001c9d   Thumb Code     8  usbd_conf.o(i.HAL_PCD_ISOOUTIncompleteCallback)
    HAL_PCD_Init                             0x08001ca5   Thumb Code   370  stm32h7xx_hal_pcd.o(i.HAL_PCD_Init)
    HAL_PCD_MspInit                          0x08001e19   Thumb Code   272  usbd_conf.o(i.HAL_PCD_MspInit)
    HAL_PCD_ResetCallback                    0x08001f3d   Thumb Code    46  usbd_conf.o(i.HAL_PCD_ResetCallback)
    HAL_PCD_ResumeCallback                   0x08001f6b   Thumb Code     8  usbd_conf.o(i.HAL_PCD_ResumeCallback)
    HAL_PCD_SOFCallback                      0x08001f73   Thumb Code     8  usbd_conf.o(i.HAL_PCD_SOFCallback)
    HAL_PCD_SetAddress                       0x08001f7b   Thumb Code    54  stm32h7xx_hal_pcd.o(i.HAL_PCD_SetAddress)
    HAL_PCD_SetupStageCallback               0x08001fb1   Thumb Code    14  usbd_conf.o(i.HAL_PCD_SetupStageCallback)
    HAL_PCD_Start                            0x08001fbf   Thumb Code    76  stm32h7xx_hal_pcd.o(i.HAL_PCD_Start)
    HAL_PCD_SuspendCallback                  0x0800200d   Thumb Code    44  usbd_conf.o(i.HAL_PCD_SuspendCallback)
    HAL_PWREx_ConfigSupply                   0x0800203d   Thumb Code    90  stm32h7xx_hal_pwr_ex.o(i.HAL_PWREx_ConfigSupply)
    HAL_PWREx_EnableUSBVoltageDetector       0x0800209d   Thumb Code    14  stm32h7xx_hal_pwr_ex.o(i.HAL_PWREx_EnableUSBVoltageDetector)
    HAL_RCCEx_GetD3PCLK1Freq                 0x080020b1   Thumb Code    26  stm32h7xx_hal_rcc_ex.o(i.HAL_RCCEx_GetD3PCLK1Freq)
    HAL_RCCEx_GetPLL2ClockFreq               0x080020d5   Thumb Code   536  stm32h7xx_hal_rcc_ex.o(i.HAL_RCCEx_GetPLL2ClockFreq)
    HAL_RCCEx_GetPLL3ClockFreq               0x08002305   Thumb Code   536  stm32h7xx_hal_rcc_ex.o(i.HAL_RCCEx_GetPLL3ClockFreq)
    HAL_RCCEx_PeriphCLKConfig                0x08002535   Thumb Code  3432  stm32h7xx_hal_rcc_ex.o(i.HAL_RCCEx_PeriphCLKConfig)
    HAL_RCC_ClockConfig                      0x0800329d   Thumb Code   774  stm32h7xx_hal_rcc.o(i.HAL_RCC_ClockConfig)
    HAL_RCC_GetHCLKFreq                      0x080035bd   Thumb Code    60  stm32h7xx_hal_rcc.o(i.HAL_RCC_GetHCLKFreq)
    HAL_RCC_GetPCLK1Freq                     0x08003609   Thumb Code    26  stm32h7xx_hal_rcc.o(i.HAL_RCC_GetPCLK1Freq)
    HAL_RCC_GetPCLK2Freq                     0x0800362d   Thumb Code    26  stm32h7xx_hal_rcc.o(i.HAL_RCC_GetPCLK2Freq)
    HAL_RCC_GetSysClockFreq                  0x08003651   Thumb Code   524  stm32h7xx_hal_rcc.o(i.HAL_RCC_GetSysClockFreq)
    HAL_RCC_OscConfig                        0x0800387d   Thumb Code  2130  stm32h7xx_hal_rcc.o(i.HAL_RCC_OscConfig)
    HAL_SPI_Init                             0x080040d5   Thumb Code   420  stm32h7xx_hal_spi.o(i.HAL_SPI_Init)
    HAL_SPI_MspInit                          0x08004285   Thumb Code   196  spi.o(i.HAL_SPI_MspInit)
    HAL_SPI_Receive                          0x08004359   Thumb Code   576  stm32h7xx_hal_spi.o(i.HAL_SPI_Receive)
    HAL_SPI_Transmit                         0x08004599   Thumb Code   724  stm32h7xx_hal_spi.o(i.HAL_SPI_Transmit)
    HAL_SYSTICK_Config                       0x0800486d   Thumb Code    52  stm32h7xx_hal_cortex.o(i.HAL_SYSTICK_Config)
    HAL_TIMEx_Break2Callback                 0x080048a1   Thumb Code     2  stm32h7xx_hal_tim_ex.o(i.HAL_TIMEx_Break2Callback)
    HAL_TIMEx_BreakCallback                  0x080048a3   Thumb Code     2  stm32h7xx_hal_tim_ex.o(i.HAL_TIMEx_BreakCallback)
    HAL_TIMEx_CommutCallback                 0x080048a5   Thumb Code     2  stm32h7xx_hal_tim_ex.o(i.HAL_TIMEx_CommutCallback)
    HAL_TIMEx_MasterConfigSynchronization    0x080048a9   Thumb Code   174  stm32h7xx_hal_tim_ex.o(i.HAL_TIMEx_MasterConfigSynchronization)
    HAL_TIM_Base_Init                        0x08004975   Thumb Code   110  stm32h7xx_hal_tim.o(i.HAL_TIM_Base_Init)
    HAL_TIM_Base_MspInit                     0x080049e5   Thumb Code    40  tim.o(i.HAL_TIM_Base_MspInit)
    HAL_TIM_ConfigClockSource                0x08004a11   Thumb Code   304  stm32h7xx_hal_tim.o(i.HAL_TIM_ConfigClockSource)
    HAL_TIM_Encoder_Init                     0x08004b45   Thumb Code   198  stm32h7xx_hal_tim.o(i.HAL_TIM_Encoder_Init)
    HAL_TIM_Encoder_MspInit                  0x08004c11   Thumb Code   130  tim.o(i.HAL_TIM_Encoder_MspInit)
    HAL_TIM_Encoder_Start                    0x08004ca1   Thumb Code   204  stm32h7xx_hal_tim.o(i.HAL_TIM_Encoder_Start)
    HAL_TIM_IC_CaptureCallback               0x08004d6d   Thumb Code     2  stm32h7xx_hal_tim.o(i.HAL_TIM_IC_CaptureCallback)
    HAL_TIM_IRQHandler                       0x08004d6f   Thumb Code   440  stm32h7xx_hal_tim.o(i.HAL_TIM_IRQHandler)
    HAL_TIM_MspPostInit                      0x08004f29   Thumb Code    82  tim.o(i.HAL_TIM_MspPostInit)
    HAL_TIM_OC_DelayElapsedCallback          0x08004f85   Thumb Code     2  stm32h7xx_hal_tim.o(i.HAL_TIM_OC_DelayElapsedCallback)
    HAL_TIM_PWM_ConfigChannel                0x08004f87   Thumb Code   368  stm32h7xx_hal_tim.o(i.HAL_TIM_PWM_ConfigChannel)
    HAL_TIM_PWM_Init                         0x080050f7   Thumb Code   110  stm32h7xx_hal_tim.o(i.HAL_TIM_PWM_Init)
    HAL_TIM_PWM_MspInit                      0x08005165   Thumb Code     2  stm32h7xx_hal_tim.o(i.HAL_TIM_PWM_MspInit)
    HAL_TIM_PWM_PulseFinishedCallback        0x08005167   Thumb Code     2  stm32h7xx_hal_tim.o(i.HAL_TIM_PWM_PulseFinishedCallback)
    HAL_TIM_PWM_Start                        0x08005169   Thumb Code   314  stm32h7xx_hal_tim.o(i.HAL_TIM_PWM_Start)
    HAL_TIM_PeriodElapsedCallback            0x080052cd   Thumb Code     2  stm32h7xx_hal_tim.o(i.HAL_TIM_PeriodElapsedCallback)
    HAL_TIM_TriggerCallback                  0x080052cf   Thumb Code     2  stm32h7xx_hal_tim.o(i.HAL_TIM_TriggerCallback)
    HAL_UARTEx_DisableFifoMode               0x080052d1   Thumb Code    78  stm32h7xx_hal_uart_ex.o(i.HAL_UARTEx_DisableFifoMode)
    HAL_UARTEx_RxEventCallback               0x0800531f   Thumb Code     2  stm32h7xx_hal_uart.o(i.HAL_UARTEx_RxEventCallback)
    HAL_UARTEx_RxFifoFullCallback            0x08005321   Thumb Code     2  stm32h7xx_hal_uart_ex.o(i.HAL_UARTEx_RxFifoFullCallback)
    HAL_UARTEx_SetRxFifoThreshold            0x08005323   Thumb Code    94  stm32h7xx_hal_uart_ex.o(i.HAL_UARTEx_SetRxFifoThreshold)
    HAL_UARTEx_SetTxFifoThreshold            0x08005381   Thumb Code    94  stm32h7xx_hal_uart_ex.o(i.HAL_UARTEx_SetTxFifoThreshold)
    HAL_UARTEx_TxFifoEmptyCallback           0x080053df   Thumb Code     2  stm32h7xx_hal_uart_ex.o(i.HAL_UARTEx_TxFifoEmptyCallback)
    HAL_UARTEx_WakeupCallback                0x080053e1   Thumb Code     2  stm32h7xx_hal_uart_ex.o(i.HAL_UARTEx_WakeupCallback)
    HAL_UART_ErrorCallback                   0x080053e3   Thumb Code     2  stm32h7xx_hal_uart.o(i.HAL_UART_ErrorCallback)
    HAL_UART_IRQHandler                      0x080053e5   Thumb Code  1172  stm32h7xx_hal_uart.o(i.HAL_UART_IRQHandler)
    HAL_UART_Init                            0x08005879   Thumb Code   120  stm32h7xx_hal_uart.o(i.HAL_UART_Init)
    HAL_UART_MspInit                         0x080058f1   Thumb Code   160  usart.o(i.HAL_UART_MspInit)
    HAL_UART_Transmit                        0x0800599d   Thumb Code   194  stm32h7xx_hal_uart.o(i.HAL_UART_Transmit)
    HAL_UART_TxCpltCallback                  0x08005a5f   Thumb Code     2  stm32h7xx_hal_uart.o(i.HAL_UART_TxCpltCallback)
    HardFault_Handler                        0x08005a61   Thumb Code     4  stm32h7xx_it.o(i.HardFault_Handler)
    Init_AD9268                              0x08005a65   Thumb Code   466  ad9268.o(i.Init_AD9268)
    MX_GPIO_Init                             0x08005c95   Thumb Code   298  gpio.o(i.MX_GPIO_Init)
    MX_SPI1_Init                             0x08005dd1   Thumb Code    88  spi.o(i.MX_SPI1_Init)
    MX_TIM2_Init                             0x08005e31   Thumb Code   158  tim.o(i.MX_TIM2_Init)
    MX_TIM3_Init                             0x08005ed5   Thumb Code   122  tim.o(i.MX_TIM3_Init)
    MX_USART1_UART_Init                      0x08005f59   Thumb Code    96  usart.o(i.MX_USART1_UART_Init)
    MX_USB_DEVICE_Init                       0x08005fc5   Thumb Code    66  usb_device.o(i.MX_USB_DEVICE_Init)
    MemManage_Handler                        0x08006019   Thumb Code     4  stm32h7xx_it.o(i.MemManage_Handler)
    NMI_Handler                              0x0800601d   Thumb Code     4  stm32h7xx_it.o(i.NMI_Handler)
    OTG_HS_EP1_IN_IRQHandler                 0x08006021   Thumb Code    10  stm32h7xx_it.o(i.OTG_HS_EP1_IN_IRQHandler)
    OTG_HS_EP1_OUT_IRQHandler                0x08006031   Thumb Code    10  stm32h7xx_it.o(i.OTG_HS_EP1_OUT_IRQHandler)
    OTG_HS_IRQHandler                        0x08006041   Thumb Code    10  stm32h7xx_it.o(i.OTG_HS_IRQHandler)
    PendSV_Handler                           0x080062af   Thumb Code     2  stm32h7xx_it.o(i.PendSV_Handler)
    PeriphCommonClock_Config                 0x080062b1   Thumb Code    40  main.o(i.PeriphCommonClock_Config)
    SPI1_ReadBytes                           0x080065a1   Thumb Code   138  ad9268.o(i.SPI1_ReadBytes)
    SPI1_WriteBytes                          0x08006671   Thumb Code    72  ad9268.o(i.SPI1_WriteBytes)
    SVC_Handler                              0x080067f7   Thumb Code     2  stm32h7xx_it.o(i.SVC_Handler)
    SysTick_Handler                          0x080067f9   Thumb Code     8  stm32h7xx_it.o(i.SysTick_Handler)
    SystemClock_Config                       0x08006801   Thumb Code   308  main.o(i.SystemClock_Config)
    SystemInit                               0x08006941   Thumb Code   212  system_stm32h7xx.o(i.SystemInit)
    TIM3_IRQHandler                          0x08006a3d   Thumb Code    10  stm32h7xx_it.o(i.TIM3_IRQHandler)
    TIM_Base_SetConfig                       0x08006a4d   Thumb Code   170  stm32h7xx_hal_tim.o(i.TIM_Base_SetConfig)
    TIM_CCxChannelCmd                        0x08006b19   Thumb Code    34  stm32h7xx_hal_tim.o(i.TIM_CCxChannelCmd)
    TIM_ETR_SetConfig                        0x08006b3b   Thumb Code    22  stm32h7xx_hal_tim.o(i.TIM_ETR_SetConfig)
    TIM_OC2_SetConfig                        0x08006c15   Thumb Code   156  stm32h7xx_hal_tim.o(i.TIM_OC2_SetConfig)
    UART_AdvFeatureConfig                    0x08006f79   Thumb Code   248  stm32h7xx_hal_uart.o(i.UART_AdvFeatureConfig)
    UART_CheckIdleState                      0x08007071   Thumb Code   234  stm32h7xx_hal_uart.o(i.UART_CheckIdleState)
    UART_SetConfig                           0x08007211   Thumb Code  1402  stm32h7xx_hal_uart.o(i.UART_SetConfig)
    UART_WaitOnFlagUntilTimeout              0x0800779d   Thumb Code   162  stm32h7xx_hal_uart.o(i.UART_WaitOnFlagUntilTimeout)
    USART1_IRQHandler                        0x08007841   Thumb Code    10  stm32h7xx_it.o(i.USART1_IRQHandler)
    USBD_CDC_GetDeviceQualifierDescriptor    0x080079d5   Thumb Code     8  usbd_cdc.o(i.USBD_CDC_GetDeviceQualifierDescriptor)
    USBD_CDC_ReceivePacket                   0x08007bf9   Thumb Code    66  usbd_cdc.o(i.USBD_CDC_ReceivePacket)
    USBD_CDC_RegisterInterface               0x08007c41   Thumb Code    24  usbd_cdc.o(i.USBD_CDC_RegisterInterface)
    USBD_CDC_SetRxBuffer                     0x08007c59   Thumb Code    28  usbd_cdc.o(i.USBD_CDC_SetRxBuffer)
    USBD_CDC_SetTxBuffer                     0x08007c75   Thumb Code    32  usbd_cdc.o(i.USBD_CDC_SetTxBuffer)
    USBD_CDC_TransmitPacket                  0x08007da5   Thumb Code    80  usbd_cdc.o(i.USBD_CDC_TransmitPacket)
    USBD_ClrClassConfig                      0x08007df9   Thumb Code    20  usbd_core.o(i.USBD_ClrClassConfig)
    USBD_CoreFindEP                          0x08007e33   Thumb Code     4  usbd_core.o(i.USBD_CoreFindEP)
    USBD_CoreFindIF                          0x08007e37   Thumb Code     4  usbd_core.o(i.USBD_CoreFindIF)
    USBD_CtlContinueRx                       0x08007e3b   Thumb Code    16  usbd_ioreq.o(i.USBD_CtlContinueRx)
    USBD_CtlContinueSendData                 0x08007e4b   Thumb Code    16  usbd_ioreq.o(i.USBD_CtlContinueSendData)
    USBD_CtlError                            0x08007e5b   Thumb Code    24  usbd_ctlreq.o(i.USBD_CtlError)
    USBD_CtlPrepareRx                        0x08007e73   Thumb Code    30  usbd_ioreq.o(i.USBD_CtlPrepareRx)
    USBD_CtlReceiveStatus                    0x08007e91   Thumb Code    22  usbd_ioreq.o(i.USBD_CtlReceiveStatus)
    USBD_CtlSendData                         0x08007ea7   Thumb Code    26  usbd_ioreq.o(i.USBD_CtlSendData)
    USBD_CtlSendStatus                       0x08007ec1   Thumb Code    22  usbd_ioreq.o(i.USBD_CtlSendStatus)
    USBD_GetEpDesc                           0x080080bf   Thumb Code    60  usbd_core.o(i.USBD_GetEpDesc)
    USBD_GetNextDesc                         0x08008113   Thumb Code    14  usbd_core.o(i.USBD_GetNextDesc)
    USBD_GetString                           0x08008157   Thumb Code    68  usbd_ctlreq.o(i.USBD_GetString)
    USBD_Get_USB_Status                      0x0800819b   Thumb Code    36  usbd_conf.o(i.USBD_Get_USB_Status)
    USBD_HS_ConfigStrDescriptor              0x080081c1   Thumb Code    32  usbd_desc.o(i.USBD_HS_ConfigStrDescriptor)
    USBD_HS_DeviceDescriptor                 0x080081f1   Thumb Code     8  usbd_desc.o(i.USBD_HS_DeviceDescriptor)
    USBD_HS_InterfaceStrDescriptor           0x080081fd   Thumb Code    32  usbd_desc.o(i.USBD_HS_InterfaceStrDescriptor)
    USBD_HS_LangIDStrDescriptor              0x08008231   Thumb Code     8  usbd_desc.o(i.USBD_HS_LangIDStrDescriptor)
    USBD_HS_ManufacturerStrDescriptor        0x0800823d   Thumb Code    16  usbd_desc.o(i.USBD_HS_ManufacturerStrDescriptor)
    USBD_HS_ProductStrDescriptor             0x08008265   Thumb Code    32  usbd_desc.o(i.USBD_HS_ProductStrDescriptor)
    USBD_HS_SerialStrDescriptor              0x080082a1   Thumb Code    14  usbd_desc.o(i.USBD_HS_SerialStrDescriptor)
    USBD_Init                                0x080082b5   Thumb Code    40  usbd_core.o(i.USBD_Init)
    USBD_LL_ClearStallEP                     0x080082dd   Thumb Code    18  usbd_conf.o(i.USBD_LL_ClearStallEP)
    USBD_LL_CloseEP                          0x080082ef   Thumb Code    18  usbd_conf.o(i.USBD_LL_CloseEP)
    USBD_LL_DataInStage                      0x08008301   Thumb Code   220  usbd_core.o(i.USBD_LL_DataInStage)
    USBD_LL_DataOutStage                     0x080083dd   Thumb Code   208  usbd_core.o(i.USBD_LL_DataOutStage)
    USBD_LL_DevConnected                     0x080084ad   Thumb Code     4  usbd_core.o(i.USBD_LL_DevConnected)
    USBD_LL_DevDisconnected                  0x080084b1   Thumb Code    32  usbd_core.o(i.USBD_LL_DevDisconnected)
    USBD_LL_GetRxDataSize                    0x080084d1   Thumb Code     8  usbd_conf.o(i.USBD_LL_GetRxDataSize)
    USBD_LL_Init                             0x080084d9   Thumb Code    96  usbd_conf.o(i.USBD_LL_Init)
    USBD_LL_IsStallEP                        0x08008541   Thumb Code    34  usbd_conf.o(i.USBD_LL_IsStallEP)
    USBD_LL_IsoINIncomplete                  0x08008563   Thumb Code    42  usbd_core.o(i.USBD_LL_IsoINIncomplete)
    USBD_LL_IsoOUTIncomplete                 0x0800858d   Thumb Code    42  usbd_core.o(i.USBD_LL_IsoOUTIncomplete)
    USBD_LL_OpenEP                           0x080085b7   Thumb Code    24  usbd_conf.o(i.USBD_LL_OpenEP)
    USBD_LL_PrepareReceive                   0x080085cf   Thumb Code    18  usbd_conf.o(i.USBD_LL_PrepareReceive)
    USBD_LL_Reset                            0x080085e1   Thumb Code    96  usbd_core.o(i.USBD_LL_Reset)
    USBD_LL_Resume                           0x08008641   Thumb Code    20  usbd_core.o(i.USBD_LL_Resume)
    USBD_LL_SOF                              0x08008655   Thumb Code    26  usbd_core.o(i.USBD_LL_SOF)
    USBD_LL_SetSpeed                         0x0800866f   Thumb Code     6  usbd_core.o(i.USBD_LL_SetSpeed)
    USBD_LL_SetUSBAddress                    0x08008675   Thumb Code    18  usbd_conf.o(i.USBD_LL_SetUSBAddress)
    USBD_LL_SetupStage                       0x08008687   Thumb Code   100  usbd_core.o(i.USBD_LL_SetupStage)
    USBD_LL_StallEP                          0x080086eb   Thumb Code    18  usbd_conf.o(i.USBD_LL_StallEP)
    USBD_LL_Start                            0x080086fd   Thumb Code    18  usbd_conf.o(i.USBD_LL_Start)
    USBD_LL_Suspend                          0x0800870f   Thumb Code    26  usbd_core.o(i.USBD_LL_Suspend)
    USBD_LL_Transmit                         0x08008729   Thumb Code    18  usbd_conf.o(i.USBD_LL_Transmit)
    USBD_ParseSetupRequest                   0x0800873b   Thumb Code    50  usbd_ctlreq.o(i.USBD_ParseSetupRequest)
    USBD_RegisterClass                       0x0800876d   Thumb Code    58  usbd_core.o(i.USBD_RegisterClass)
    USBD_RunTestMode                         0x080087a7   Thumb Code     4  usbd_core.o(i.USBD_RunTestMode)
    USBD_SetClassConfig                      0x08008803   Thumb Code    20  usbd_core.o(i.USBD_SetClassConfig)
    USBD_Start                               0x08008919   Thumb Code     4  usbd_core.o(i.USBD_Start)
    USBD_StdDevReq                           0x0800891d   Thumb Code   118  usbd_ctlreq.o(i.USBD_StdDevReq)
    USBD_StdEPReq                            0x08008993   Thumb Code   558  usbd_ctlreq.o(i.USBD_StdEPReq)
    USBD_StdItfReq                           0x08008bc1   Thumb Code   142  usbd_ctlreq.o(i.USBD_StdItfReq)
    USBD_static_free                         0x08008c4f   Thumb Code     2  usbd_conf.o(i.USBD_static_free)
    USBD_static_malloc                       0x08008c51   Thumb Code     4  usbd_conf.o(i.USBD_static_malloc)
    USB_ActivateEndpoint                     0x08008c59   Thumb Code   202  stm32h7xx_ll_usb.o(i.USB_ActivateEndpoint)
    USB_ActivateSetup                        0x08008d29   Thumb Code    40  stm32h7xx_ll_usb.o(i.USB_ActivateSetup)
    USB_CoreInit                             0x08008d51   Thumb Code   142  stm32h7xx_ll_usb.o(i.USB_CoreInit)
    USB_DeactivateEndpoint                   0x08008e41   Thumb Code   318  stm32h7xx_ll_usb.o(i.USB_DeactivateEndpoint)
    USB_DevConnect                           0x08008f8d   Thumb Code    36  stm32h7xx_ll_usb.o(i.USB_DevConnect)
    USB_DevDisconnect                        0x08008fb1   Thumb Code    36  stm32h7xx_ll_usb.o(i.USB_DevDisconnect)
    USB_DevInit                              0x08008fd5   Thumb Code   464  stm32h7xx_ll_usb.o(i.USB_DevInit)
    USB_DisableGlobalInt                     0x080091ad   Thumb Code    14  stm32h7xx_ll_usb.o(i.USB_DisableGlobalInt)
    USB_EP0_OutStart                         0x080091bd   Thumb Code   106  stm32h7xx_ll_usb.o(i.USB_EP0_OutStart)
    USB_EPClearStall                         0x0800922d   Thumb Code   142  stm32h7xx_ll_usb.o(i.USB_EPClearStall)
    USB_EPSetStall                           0x080092bb   Thumb Code   154  stm32h7xx_ll_usb.o(i.USB_EPSetStall)
    USB_EPStartXfer                          0x08009355   Thumb Code   944  stm32h7xx_ll_usb.o(i.USB_EPStartXfer)
    USB_EPStopXfer                           0x08009709   Thumb Code   236  stm32h7xx_ll_usb.o(i.USB_EPStopXfer)
    USB_EnableGlobalInt                      0x080097f5   Thumb Code    14  stm32h7xx_ll_usb.o(i.USB_EnableGlobalInt)
    USB_FlushRxFifo                          0x08009805   Thumb Code    80  stm32h7xx_ll_usb.o(i.USB_FlushRxFifo)
    USB_FlushTxFifo                          0x08009859   Thumb Code    84  stm32h7xx_ll_usb.o(i.USB_FlushTxFifo)
    USB_GetDevSpeed                          0x080098b1   Thumb Code    38  stm32h7xx_ll_usb.o(i.USB_GetDevSpeed)
    USB_GetMode                              0x080098d7   Thumb Code    10  stm32h7xx_ll_usb.o(i.USB_GetMode)
    USB_ReadDevAllInEpInterrupt              0x080098e1   Thumb Code    20  stm32h7xx_ll_usb.o(i.USB_ReadDevAllInEpInterrupt)
    USB_ReadDevAllOutEpInterrupt             0x080098f5   Thumb Code    20  stm32h7xx_ll_usb.o(i.USB_ReadDevAllOutEpInterrupt)
    USB_ReadDevInEPInterrupt                 0x08009909   Thumb Code    50  stm32h7xx_ll_usb.o(i.USB_ReadDevInEPInterrupt)
    USB_ReadDevOutEPInterrupt                0x0800993b   Thumb Code    26  stm32h7xx_ll_usb.o(i.USB_ReadDevOutEPInterrupt)
    USB_ReadInterrupts                       0x08009955   Thumb Code    10  stm32h7xx_ll_usb.o(i.USB_ReadInterrupts)
    USB_ReadPacket                           0x0800995f   Thumb Code    96  stm32h7xx_ll_usb.o(i.USB_ReadPacket)
    USB_SetCurrentMode                       0x080099bf   Thumb Code   104  stm32h7xx_ll_usb.o(i.USB_SetCurrentMode)
    USB_SetDevAddress                        0x08009a27   Thumb Code    42  stm32h7xx_ll_usb.o(i.USB_SetDevAddress)
    USB_SetDevSpeed                          0x08009a51   Thumb Code    18  stm32h7xx_ll_usb.o(i.USB_SetDevSpeed)
    USB_SetTurnaroundTime                    0x08009a65   Thumb Code   192  stm32h7xx_ll_usb.o(i.USB_SetTurnaroundTime)
    USB_WritePacket                          0x08009b4d   Thumb Code    68  stm32h7xx_ll_usb.o(i.USB_WritePacket)
    UsageFault_Handler                       0x08009b91   Thumb Code     4  stm32h7xx_it.o(i.UsageFault_Handler)
    __0printf$8                              0x08009b95   Thumb Code    22  printf8.o(i.__0printf$8)
    __1printf$8                              0x08009b95   Thumb Code     0  printf8.o(i.__0printf$8)
    __2printf                                0x08009b95   Thumb Code     0  printf8.o(i.__0printf$8)
    __scatterload_copy                       0x08009bed   Thumb Code    14  handlers.o(i.__scatterload_copy)
    __scatterload_null                       0x08009bfb   Thumb Code     2  handlers.o(i.__scatterload_null)
    __scatterload_zeroinit                   0x08009bfd   Thumb Code    14  handlers.o(i.__scatterload_zeroinit)
    data_shift                               0x0800a065   Thumb Code   192  main.o(i.data_shift)
    delay_us                                 0x0800a135   Thumb Code    92  ad9268.o(i.delay_us)
    fputc                                    0x0800a195   Thumb Code    22  main.o(i.fputc)
    main                                     0x0800a1b1   Thumb Code   612  main.o(i.main)
    UARTPrescTable                           0x0800a444   Data          24  stm32h7xx_hal_uart.o(.constdata)
    D1CorePrescTable                         0x0800a46c   Data          16  system_stm32h7xx.o(.constdata)
    Region$$Table$$Base                      0x0800a47c   Number         0  anon$$obj.o(Region$$Table)
    Region$$Table$$Limit                     0x0800a49c   Number         0  anon$$obj.o(Region$$Table)
    adc_value                                0x24000000   Data           2  main.o(.data)
    enc1                                     0x24000004   Data           4  main.o(.data)
    enc0                                     0x24000008   Data           4  main.o(.data)
    enc2                                     0x2400000c   Data           4  main.o(.data)
    buf1                                     0x24000010   Data          29  main.o(.data)
    adc_array_size                           0x24000030   Data           4  main.o(.data)
    measure_f                                0x24000034   Data           4  main.o(.data)
    uwTick                                   0x24000038   Data           4  stm32h7xx_hal.o(.data)
    uwTickPrio                               0x2400003c   Data           4  stm32h7xx_hal.o(.data)
    uwTickFreq                               0x24000040   Data           1  stm32h7xx_hal.o(.data)
    SystemCoreClock                          0x24000044   Data           4  system_stm32h7xx.o(.data)
    SystemD2Clock                            0x24000048   Data           4  system_stm32h7xx.o(.data)
    HS_Desc                                  0x2400004c   Data          28  usbd_desc.o(.data)
    USBD_LangIDDesc                          0x24000068   Data           4  usbd_desc.o(.data)
    USBD_HS_DeviceDesc                       0x2400006c   Data          18  usbd_desc.o(.data)
    USBD_StringSerial                        0x24000080   Data          26  usbd_desc.o(.data)
    USBD_Interface_fops_HS                   0x2400009c   Data          20  usbd_cdc_if.o(.data)
    USBD_CDC                                 0x24000108   Data          56  usbd_cdc.o(.data)
    __stdout                                 0x24000140   Data           4  stdout.o(.data)
    buf                                      0x24000144   Data        2900  main.o(.bss)
    average_value                            0x24000c98   Data       160000  main.o(.bss)
    enc3                                     0x24027d98   Data       160000  main.o(.bss)
    adc_array                                0x2404ee98   Data        3040  main.o(.bss)
    ev_co                                    0x2404fa78   Data        3040  main.o(.bss)
    track_array                              0x24050658   Data        1600  main.o(.bss)
    hspi1                                    0x24050c98   Data         136  spi.o(.bss)
    htim2                                    0x24050d20   Data          76  tim.o(.bss)
    htim3                                    0x24050d6c   Data          76  tim.o(.bss)
    huart1                                   0x24050db8   Data         148  usart.o(.bss)
    SPI_TxBuf                                0x24050e4c   Data         256  ad9268.o(.bss)
    SPI_RxBuf                                0x24050f4c   Data          16  ad9268.o(.bss)
    hUsbDeviceHS                             0x24050f5c   Data         732  usb_device.o(.bss)
    USBD_StrDesc                             0x24051238   Data         512  usbd_desc.o(.bss)
    UserRxBufferHS                           0x24051438   Data        2048  usbd_cdc_if.o(.bss)
    UserTxBufferHS                           0x24051c38   Data        2048  usbd_cdc_if.o(.bss)
    hpcd_USB_OTG_HS                          0x24052658   Data        1292  usbd_conf.o(.bss)
    __initial_sp                             0x24052f68   Data           0  startup_stm32h750xx.o(STACK)



==============================================================================

Memory Map of the image

  Image Entry point : 0x08000299

  Load Region LR_IROM1 (Base: 0x08000000, Size: 0x0000a5e0, Max: 0x00020000, ABSOLUTE, COMPRESSED[0x0000a560])

    Execution Region ER_IROM1 (Exec base: 0x08000000, Load base: 0x08000000, Size: 0x0000a49c, Max: 0x00020000, ABSOLUTE)

    Exec Addr    Load Addr    Size         Type   Attr      Idx    E Section Name        Object

    0x08000000   0x08000000   0x00000298   Data   RO            3    RESET               startup_stm32h750xx.o
    0x08000298   0x08000298   0x00000000   Code   RO         6527  * .ARM.Collect$$$$00000000  mc_w.l(entry.o)
    0x08000298   0x08000298   0x00000004   Code   RO         6799    .ARM.Collect$$$$00000001  mc_w.l(entry2.o)
    0x0800029c   0x0800029c   0x00000004   Code   RO         6802    .ARM.Collect$$$$00000004  mc_w.l(entry5.o)
    0x080002a0   0x080002a0   0x00000000   Code   RO         6804    .ARM.Collect$$$$00000008  mc_w.l(entry7b.o)
    0x080002a0   0x080002a0   0x00000000   Code   RO         6806    .ARM.Collect$$$$0000000A  mc_w.l(entry8b.o)
    0x080002a0   0x080002a0   0x00000008   Code   RO         6807    .ARM.Collect$$$$0000000B  mc_w.l(entry9a.o)
    0x080002a8   0x080002a8   0x00000004   Code   RO         6814    .ARM.Collect$$$$0000000E  mc_w.l(entry12b.o)
    0x080002ac   0x080002ac   0x00000000   Code   RO         6809    .ARM.Collect$$$$0000000F  mc_w.l(entry10a.o)
    0x080002ac   0x080002ac   0x00000000   Code   RO         6811    .ARM.Collect$$$$00000011  mc_w.l(entry11a.o)
    0x080002ac   0x080002ac   0x00000004   Code   RO         6800    .ARM.Collect$$$$00002712  mc_w.l(entry2.o)
    0x080002b0   0x080002b0   0x00000024   Code   RO            4    .text               startup_stm32h750xx.o
    0x080002d4   0x080002d4   0x00000062   Code   RO         6530    .text               mc_w.l(uldiv.o)
    0x08000336   0x08000336   0x00000024   Code   RO         6532    .text               mc_w.l(memcpya.o)
    0x0800035a   0x0800035a   0x00000024   Code   RO         6534    .text               mc_w.l(memseta.o)
    0x0800037e   0x0800037e   0x0000001e   Code   RO         6818    .text               mc_w.l(llshl.o)
    0x0800039c   0x0800039c   0x00000020   Code   RO         6820    .text               mc_w.l(llushr.o)
    0x080003bc   0x080003bc   0x00000024   Code   RO         6833    .text               mc_w.l(init.o)
    0x080003e0   0x080003e0   0x00000056   Code   RO         6847    .text               mc_w.l(__dczerorl2.o)
    0x08000436   0x08000436   0x00000002   PAD
    0x08000438   0x08000438   0x00000038   Code   RO         5611    i.AD9268_WriteByte  ad9268.o
    0x08000470   0x08000470   0x00000004   Code   RO          455    i.BusFault_Handler  stm32h7xx_it.o
    0x08000474   0x08000474   0x00000008   Code   RO         5816    i.CDC_Control_HS    usbd_cdc_if.o
    0x0800047c   0x0800047c   0x00000004   Code   RO         5817    i.CDC_DeInit_HS     usbd_cdc_if.o
    0x08000480   0x08000480   0x00000024   Code   RO         5818    i.CDC_Init_HS       usbd_cdc_if.o
    0x080004a4   0x080004a4   0x00000018   Code   RO         5819    i.CDC_Receive_HS    usbd_cdc_if.o
    0x080004bc   0x080004bc   0x00000004   Code   RO         5820    i.CDC_TransmitCplt_HS  usbd_cdc_if.o
    0x080004c0   0x080004c0   0x0000002c   Code   RO         5821    i.CDC_Transmit_HS   usbd_cdc_if.o
    0x080004ec   0x080004ec   0x00000002   Code   RO          456    i.DebugMon_Handler  stm32h7xx_it.o
    0x080004ee   0x080004ee   0x00000002   PAD
    0x080004f0   0x080004f0   0x00000018   Code   RO          457    i.EXTI1_IRQHandler  stm32h7xx_it.o
    0x08000508   0x08000508   0x00000006   Code   RO           13    i.Error_Handler     main.o
    0x0800050e   0x0800050e   0x00000002   PAD
    0x08000510   0x08000510   0x00000038   Code   RO         5725    i.Get_SerialNum     usbd_desc.o
    0x08000548   0x08000548   0x000004dc   Code   RO         1916    i.HAL_DMA_Abort     stm32h7xx_hal_dma.o
    0x08000a24   0x08000a24   0x00000398   Code   RO         1917    i.HAL_DMA_Abort_IT  stm32h7xx_hal_dma.o
    0x08000dbc   0x08000dbc   0x00000028   Code   RO         2771    i.HAL_Delay         stm32h7xx_hal.o
    0x08000de4   0x08000de4   0x00000002   Code   RO         1762    i.HAL_GPIO_EXTI_Callback  stm32h7xx_hal_gpio.o
    0x08000de6   0x08000de6   0x00000002   PAD
    0x08000de8   0x08000de8   0x0000001c   Code   RO         1763    i.HAL_GPIO_EXTI_IRQHandler  stm32h7xx_hal_gpio.o
    0x08000e04   0x08000e04   0x000001fc   Code   RO         1764    i.HAL_GPIO_Init     stm32h7xx_hal_gpio.o
    0x08001000   0x08001000   0x0000000c   Code   RO         1768    i.HAL_GPIO_WritePin  stm32h7xx_hal_gpio.o
    0x0800100c   0x0800100c   0x0000000c   Code   RO         2782    i.HAL_GetREVID      stm32h7xx_hal.o
    0x08001018   0x08001018   0x0000000c   Code   RO         2783    i.HAL_GetTick       stm32h7xx_hal.o
    0x08001024   0x08001024   0x00000018   Code   RO         2789    i.HAL_IncTick       stm32h7xx_hal.o
    0x0800103c   0x0800103c   0x00000060   Code   RO         2790    i.HAL_Init          stm32h7xx_hal.o
    0x0800109c   0x0800109c   0x00000058   Code   RO         2791    i.HAL_InitTick      stm32h7xx_hal.o
    0x080010f4   0x080010f4   0x0000002c   Code   RO          567    i.HAL_MspInit       stm32h7xx_hal_msp.o
    0x08001120   0x08001120   0x00000028   Code   RO         2624    i.HAL_NVIC_EnableIRQ  stm32h7xx_hal_cortex.o
    0x08001148   0x08001148   0x0000007a   Code   RO         2630    i.HAL_NVIC_SetPriority  stm32h7xx_hal_cortex.o
    0x080011c2   0x080011c2   0x00000002   PAD
    0x080011c4   0x080011c4   0x00000028   Code   RO         2631    i.HAL_NVIC_SetPriorityGrouping  stm32h7xx_hal_cortex.o
    0x080011ec   0x080011ec   0x00000028   Code   RO          829    i.HAL_PCDEx_ActivateLPM  stm32h7xx_hal_pcd_ex.o
    0x08001214   0x08001214   0x00000002   Code   RO          834    i.HAL_PCDEx_LPM_Callback  stm32h7xx_hal_pcd_ex.o
    0x08001216   0x08001216   0x0000000a   Code   RO          835    i.HAL_PCDEx_SetRxFiFo  stm32h7xx_hal_pcd_ex.o
    0x08001220   0x08001220   0x0000004e   Code   RO          836    i.HAL_PCDEx_SetTxFiFo  stm32h7xx_hal_pcd_ex.o
    0x0800126e   0x0800126e   0x00000008   Code   RO         5877    i.HAL_PCD_ConnectCallback  usbd_conf.o
    0x08001276   0x08001276   0x00000012   Code   RO         5878    i.HAL_PCD_DataInStageCallback  usbd_conf.o
    0x08001288   0x08001288   0x00000014   Code   RO         5879    i.HAL_PCD_DataOutStageCallback  usbd_conf.o
    0x0800129c   0x0800129c   0x00000008   Code   RO         5880    i.HAL_PCD_DisconnectCallback  usbd_conf.o
    0x080012a4   0x080012a4   0x00000042   Code   RO          600    i.HAL_PCD_EP_Abort  stm32h7xx_hal_pcd.o
    0x080012e6   0x080012e6   0x0000006a   Code   RO          601    i.HAL_PCD_EP_Close  stm32h7xx_hal_pcd.o
    0x08001350   0x08001350   0x0000007c   Code   RO          602    i.HAL_PCD_EP_ClrStall  stm32h7xx_hal_pcd.o
    0x080013cc   0x080013cc   0x00000016   Code   RO          604    i.HAL_PCD_EP_GetRxCount  stm32h7xx_hal_pcd.o
    0x080013e2   0x080013e2   0x0000008c   Code   RO          605    i.HAL_PCD_EP_Open   stm32h7xx_hal_pcd.o
    0x0800146e   0x0800146e   0x00000046   Code   RO          606    i.HAL_PCD_EP_Receive  stm32h7xx_hal_pcd.o
    0x080014b4   0x080014b4   0x0000008a   Code   RO          607    i.HAL_PCD_EP_SetStall  stm32h7xx_hal_pcd.o
    0x0800153e   0x0800153e   0x00000048   Code   RO          608    i.HAL_PCD_EP_Transmit  stm32h7xx_hal_pcd.o
    0x08001586   0x08001586   0x0000070e   Code   RO          610    i.HAL_PCD_IRQHandler  stm32h7xx_hal_pcd.o
    0x08001c94   0x08001c94   0x00000008   Code   RO         5881    i.HAL_PCD_ISOINIncompleteCallback  usbd_conf.o
    0x08001c9c   0x08001c9c   0x00000008   Code   RO         5882    i.HAL_PCD_ISOOUTIncompleteCallback  usbd_conf.o
    0x08001ca4   0x08001ca4   0x00000172   Code   RO          613    i.HAL_PCD_Init      stm32h7xx_hal_pcd.o
    0x08001e16   0x08001e16   0x00000002   PAD
    0x08001e18   0x08001e18   0x00000124   Code   RO         5884    i.HAL_PCD_MspInit   usbd_conf.o
    0x08001f3c   0x08001f3c   0x0000002e   Code   RO         5885    i.HAL_PCD_ResetCallback  usbd_conf.o
    0x08001f6a   0x08001f6a   0x00000008   Code   RO         5886    i.HAL_PCD_ResumeCallback  usbd_conf.o
    0x08001f72   0x08001f72   0x00000008   Code   RO         5887    i.HAL_PCD_SOFCallback  usbd_conf.o
    0x08001f7a   0x08001f7a   0x00000036   Code   RO          619    i.HAL_PCD_SetAddress  stm32h7xx_hal_pcd.o
    0x08001fb0   0x08001fb0   0x0000000e   Code   RO         5888    i.HAL_PCD_SetupStageCallback  usbd_conf.o
    0x08001fbe   0x08001fbe   0x0000004c   Code   RO          622    i.HAL_PCD_Start     stm32h7xx_hal_pcd.o
    0x0800200a   0x0800200a   0x00000002   PAD
    0x0800200c   0x0800200c   0x00000030   Code   RO         5889    i.HAL_PCD_SuspendCallback  usbd_conf.o
    0x0800203c   0x0800203c   0x00000060   Code   RO         2365    i.HAL_PWREx_ConfigSupply  stm32h7xx_hal_pwr_ex.o
    0x0800209c   0x0800209c   0x00000014   Code   RO         2382    i.HAL_PWREx_EnableUSBVoltageDetector  stm32h7xx_hal_pwr_ex.o
    0x080020b0   0x080020b0   0x00000024   Code   RO         1327    i.HAL_RCCEx_GetD3PCLK1Freq  stm32h7xx_hal_rcc_ex.o
    0x080020d4   0x080020d4   0x00000230   Code   RO         1329    i.HAL_RCCEx_GetPLL2ClockFreq  stm32h7xx_hal_rcc_ex.o
    0x08002304   0x08002304   0x00000230   Code   RO         1330    i.HAL_RCCEx_GetPLL3ClockFreq  stm32h7xx_hal_rcc_ex.o
    0x08002534   0x08002534   0x00000d68   Code   RO         1336    i.HAL_RCCEx_PeriphCLKConfig  stm32h7xx_hal_rcc_ex.o
    0x0800329c   0x0800329c   0x00000320   Code   RO         1212    i.HAL_RCC_ClockConfig  stm32h7xx_hal_rcc.o
    0x080035bc   0x080035bc   0x0000004c   Code   RO         1217    i.HAL_RCC_GetHCLKFreq  stm32h7xx_hal_rcc.o
    0x08003608   0x08003608   0x00000024   Code   RO         1219    i.HAL_RCC_GetPCLK1Freq  stm32h7xx_hal_rcc.o
    0x0800362c   0x0800362c   0x00000024   Code   RO         1220    i.HAL_RCC_GetPCLK2Freq  stm32h7xx_hal_rcc.o
    0x08003650   0x08003650   0x0000022c   Code   RO         1221    i.HAL_RCC_GetSysClockFreq  stm32h7xx_hal_rcc.o
    0x0800387c   0x0800387c   0x00000858   Code   RO         1224    i.HAL_RCC_OscConfig  stm32h7xx_hal_rcc.o
    0x080040d4   0x080040d4   0x000001b0   Code   RO         3685    i.HAL_SPI_Init      stm32h7xx_hal_spi.o
    0x08004284   0x08004284   0x000000d4   Code   RO          301    i.HAL_SPI_MspInit   spi.o
    0x08004358   0x08004358   0x00000240   Code   RO         3688    i.HAL_SPI_Receive   stm32h7xx_hal_spi.o
    0x08004598   0x08004598   0x000002d4   Code   RO         3694    i.HAL_SPI_Transmit  stm32h7xx_hal_spi.o
    0x0800486c   0x0800486c   0x00000034   Code   RO         2635    i.HAL_SYSTICK_Config  stm32h7xx_hal_cortex.o
    0x080048a0   0x080048a0   0x00000002   Code   RO         4735    i.HAL_TIMEx_Break2Callback  stm32h7xx_hal_tim_ex.o
    0x080048a2   0x080048a2   0x00000002   Code   RO         4736    i.HAL_TIMEx_BreakCallback  stm32h7xx_hal_tim_ex.o
    0x080048a4   0x080048a4   0x00000002   Code   RO         4737    i.HAL_TIMEx_CommutCallback  stm32h7xx_hal_tim_ex.o
    0x080048a6   0x080048a6   0x00000002   PAD
    0x080048a8   0x080048a8   0x000000cc   Code   RO         4757    i.HAL_TIMEx_MasterConfigSynchronization  stm32h7xx_hal_tim_ex.o
    0x08004974   0x08004974   0x0000006e   Code   RO         4010    i.HAL_TIM_Base_Init  stm32h7xx_hal_tim.o
    0x080049e2   0x080049e2   0x00000002   PAD
    0x080049e4   0x080049e4   0x0000002c   Code   RO          343    i.HAL_TIM_Base_MspInit  tim.o
    0x08004a10   0x08004a10   0x00000134   Code   RO         4019    i.HAL_TIM_ConfigClockSource  stm32h7xx_hal_tim.o
    0x08004b44   0x08004b44   0x000000cc   Code   RO         4031    i.HAL_TIM_Encoder_Init  stm32h7xx_hal_tim.o
    0x08004c10   0x08004c10   0x00000090   Code   RO          345    i.HAL_TIM_Encoder_MspInit  tim.o
    0x08004ca0   0x08004ca0   0x000000cc   Code   RO         4034    i.HAL_TIM_Encoder_Start  stm32h7xx_hal_tim.o
    0x08004d6c   0x08004d6c   0x00000002   Code   RO         4044    i.HAL_TIM_IC_CaptureCallback  stm32h7xx_hal_tim.o
    0x08004d6e   0x08004d6e   0x000001b8   Code   RO         4058    i.HAL_TIM_IRQHandler  stm32h7xx_hal_tim.o
    0x08004f26   0x08004f26   0x00000002   PAD
    0x08004f28   0x08004f28   0x0000005c   Code   RO          346    i.HAL_TIM_MspPostInit  tim.o
    0x08004f84   0x08004f84   0x00000002   Code   RO         4061    i.HAL_TIM_OC_DelayElapsedCallback  stm32h7xx_hal_tim.o
    0x08004f86   0x08004f86   0x00000170   Code   RO         4082    i.HAL_TIM_PWM_ConfigChannel  stm32h7xx_hal_tim.o
    0x080050f6   0x080050f6   0x0000006e   Code   RO         4085    i.HAL_TIM_PWM_Init  stm32h7xx_hal_tim.o
    0x08005164   0x08005164   0x00000002   Code   RO         4087    i.HAL_TIM_PWM_MspInit  stm32h7xx_hal_tim.o
    0x08005166   0x08005166   0x00000002   Code   RO         4088    i.HAL_TIM_PWM_PulseFinishedCallback  stm32h7xx_hal_tim.o
    0x08005168   0x08005168   0x00000164   Code   RO         4090    i.HAL_TIM_PWM_Start  stm32h7xx_hal_tim.o
    0x080052cc   0x080052cc   0x00000002   Code   RO         4096    i.HAL_TIM_PeriodElapsedCallback  stm32h7xx_hal_tim.o
    0x080052ce   0x080052ce   0x00000002   Code   RO         4101    i.HAL_TIM_TriggerCallback  stm32h7xx_hal_tim.o
    0x080052d0   0x080052d0   0x0000004e   Code   RO         5451    i.HAL_UARTEx_DisableFifoMode  stm32h7xx_hal_uart_ex.o
    0x0800531e   0x0800531e   0x00000002   Code   RO         5035    i.HAL_UARTEx_RxEventCallback  stm32h7xx_hal_uart.o
    0x08005320   0x08005320   0x00000002   Code   RO         5459    i.HAL_UARTEx_RxFifoFullCallback  stm32h7xx_hal_uart_ex.o
    0x08005322   0x08005322   0x0000005e   Code   RO         5460    i.HAL_UARTEx_SetRxFifoThreshold  stm32h7xx_hal_uart_ex.o
    0x08005380   0x08005380   0x0000005e   Code   RO         5461    i.HAL_UARTEx_SetTxFifoThreshold  stm32h7xx_hal_uart_ex.o
    0x080053de   0x080053de   0x00000002   Code   RO         5463    i.HAL_UARTEx_TxFifoEmptyCallback  stm32h7xx_hal_uart_ex.o
    0x080053e0   0x080053e0   0x00000002   Code   RO         5464    i.HAL_UARTEx_WakeupCallback  stm32h7xx_hal_uart_ex.o
    0x080053e2   0x080053e2   0x00000002   Code   RO         5051    i.HAL_UART_ErrorCallback  stm32h7xx_hal_uart.o
    0x080053e4   0x080053e4   0x00000494   Code   RO         5054    i.HAL_UART_IRQHandler  stm32h7xx_hal_uart.o
    0x08005878   0x08005878   0x00000078   Code   RO         5055    i.HAL_UART_Init     stm32h7xx_hal_uart.o
    0x080058f0   0x080058f0   0x000000ac   Code   RO          414    i.HAL_UART_MspInit  usart.o
    0x0800599c   0x0800599c   0x000000c2   Code   RO         5064    i.HAL_UART_Transmit  stm32h7xx_hal_uart.o
    0x08005a5e   0x08005a5e   0x00000002   Code   RO         5067    i.HAL_UART_TxCpltCallback  stm32h7xx_hal_uart.o
    0x08005a60   0x08005a60   0x00000004   Code   RO          458    i.HardFault_Handler  stm32h7xx_it.o
    0x08005a64   0x08005a64   0x000001f0   Code   RO         5612    i.Init_AD9268       ad9268.o
    0x08005c54   0x08005c54   0x0000003e   Code   RO         5726    i.IntToUnicode      usbd_desc.o
    0x08005c92   0x08005c92   0x00000002   PAD
    0x08005c94   0x08005c94   0x0000013c   Code   RO          272    i.MX_GPIO_Init      gpio.o
    0x08005dd0   0x08005dd0   0x00000060   Code   RO          302    i.MX_SPI1_Init      spi.o
    0x08005e30   0x08005e30   0x000000a4   Code   RO          347    i.MX_TIM2_Init      tim.o
    0x08005ed4   0x08005ed4   0x00000084   Code   RO          348    i.MX_TIM3_Init      tim.o
    0x08005f58   0x08005f58   0x0000006c   Code   RO          415    i.MX_USART1_UART_Init  usart.o
    0x08005fc4   0x08005fc4   0x00000054   Code   RO         5690    i.MX_USB_DEVICE_Init  usb_device.o
    0x08006018   0x08006018   0x00000004   Code   RO          459    i.MemManage_Handler  stm32h7xx_it.o
    0x0800601c   0x0800601c   0x00000004   Code   RO          460    i.NMI_Handler       stm32h7xx_it.o
    0x08006020   0x08006020   0x00000010   Code   RO          461    i.OTG_HS_EP1_IN_IRQHandler  stm32h7xx_it.o
    0x08006030   0x08006030   0x00000010   Code   RO          462    i.OTG_HS_EP1_OUT_IRQHandler  stm32h7xx_it.o
    0x08006040   0x08006040   0x00000010   Code   RO          463    i.OTG_HS_IRQHandler  stm32h7xx_it.o
    0x08006050   0x08006050   0x00000064   Code   RO          625    i.PCD_EP_OutSetupPacket_int  stm32h7xx_hal_pcd.o
    0x080060b4   0x080060b4   0x00000144   Code   RO          626    i.PCD_EP_OutXfrComplete_int  stm32h7xx_hal_pcd.o
    0x080061f8   0x080061f8   0x000000b6   Code   RO          627    i.PCD_WriteEmptyTxFifo  stm32h7xx_hal_pcd.o
    0x080062ae   0x080062ae   0x00000002   Code   RO          464    i.PendSV_Handler    stm32h7xx_it.o
    0x080062b0   0x080062b0   0x00000028   Code   RO           14    i.PeriphCommonClock_Config  main.o
    0x080062d8   0x080062d8   0x00000164   Code   RO         1339    i.RCCEx_PLL2_Config  stm32h7xx_hal_rcc_ex.o
    0x0800643c   0x0800643c   0x00000164   Code   RO         1340    i.RCCEx_PLL3_Config  stm32h7xx_hal_rcc_ex.o
    0x080065a0   0x080065a0   0x000000d0   Code   RO         5613    i.SPI1_ReadBytes    ad9268.o
    0x08006670   0x08006670   0x00000054   Code   RO         5614    i.SPI1_WriteBytes   ad9268.o
    0x080066c4   0x080066c4   0x000000d6   Code   RO         3705    i.SPI_CloseTransfer  stm32h7xx_hal_spi.o
    0x0800679a   0x0800679a   0x0000001a   Code   RO         3716    i.SPI_GetPacketSize  stm32h7xx_hal_spi.o
    0x080067b4   0x080067b4   0x00000042   Code   RO         3723    i.SPI_WaitOnFlagUntilTimeout  stm32h7xx_hal_spi.o
    0x080067f6   0x080067f6   0x00000002   Code   RO          465    i.SVC_Handler       stm32h7xx_it.o
    0x080067f8   0x080067f8   0x00000008   Code   RO          466    i.SysTick_Handler   stm32h7xx_it.o
    0x08006800   0x08006800   0x00000140   Code   RO           15    i.SystemClock_Config  main.o
    0x08006940   0x08006940   0x000000fc   Code   RO         5575    i.SystemInit        system_stm32h7xx.o
    0x08006a3c   0x08006a3c   0x00000010   Code   RO          467    i.TIM3_IRQHandler   stm32h7xx_it.o
    0x08006a4c   0x08006a4c   0x000000cc   Code   RO         4103    i.TIM_Base_SetConfig  stm32h7xx_hal_tim.o
    0x08006b18   0x08006b18   0x00000022   Code   RO         4104    i.TIM_CCxChannelCmd  stm32h7xx_hal_tim.o
    0x08006b3a   0x08006b3a   0x00000016   Code   RO         4114    i.TIM_ETR_SetConfig  stm32h7xx_hal_tim.o
    0x08006b50   0x08006b50   0x00000018   Code   RO         4115    i.TIM_ITRx_SetConfig  stm32h7xx_hal_tim.o
    0x08006b68   0x08006b68   0x000000ac   Code   RO         4116    i.TIM_OC1_SetConfig  stm32h7xx_hal_tim.o
    0x08006c14   0x08006c14   0x000000b4   Code   RO         4117    i.TIM_OC2_SetConfig  stm32h7xx_hal_tim.o
    0x08006cc8   0x08006cc8   0x000000b4   Code   RO         4118    i.TIM_OC3_SetConfig  stm32h7xx_hal_tim.o
    0x08006d7c   0x08006d7c   0x00000074   Code   RO         4119    i.TIM_OC4_SetConfig  stm32h7xx_hal_tim.o
    0x08006df0   0x08006df0   0x00000070   Code   RO         4120    i.TIM_OC5_SetConfig  stm32h7xx_hal_tim.o
    0x08006e60   0x08006e60   0x00000070   Code   RO         4121    i.TIM_OC6_SetConfig  stm32h7xx_hal_tim.o
    0x08006ed0   0x08006ed0   0x00000026   Code   RO         4123    i.TIM_TI1_ConfigInputStage  stm32h7xx_hal_tim.o
    0x08006ef6   0x08006ef6   0x00000028   Code   RO         4125    i.TIM_TI2_ConfigInputStage  stm32h7xx_hal_tim.o
    0x08006f1e   0x08006f1e   0x00000002   PAD
    0x08006f20   0x08006f20   0x00000058   Code   RO         5465    i.UARTEx_SetNbDataToProcess  stm32h7xx_hal_uart_ex.o
    0x08006f78   0x08006f78   0x000000f8   Code   RO         5069    i.UART_AdvFeatureConfig  stm32h7xx_hal_uart.o
    0x08007070   0x08007070   0x000000ea   Code   RO         5070    i.UART_CheckIdleState  stm32h7xx_hal_uart.o
    0x0800715a   0x0800715a   0x00000018   Code   RO         5071    i.UART_DMAAbortOnError  stm32h7xx_hal_uart.o
    0x08007172   0x08007172   0x00000002   PAD
    0x08007174   0x08007174   0x0000006c   Code   RO         5081    i.UART_EndRxTransfer  stm32h7xx_hal_uart.o
    0x080071e0   0x080071e0   0x00000030   Code   RO         5082    i.UART_EndTransmit_IT  stm32h7xx_hal_uart.o
    0x08007210   0x08007210   0x0000058c   Code   RO         5088    i.UART_SetConfig    stm32h7xx_hal_uart.o
    0x0800779c   0x0800779c   0x000000a2   Code   RO         5095    i.UART_WaitOnFlagUntilTimeout  stm32h7xx_hal_uart.o
    0x0800783e   0x0800783e   0x00000002   PAD
    0x08007840   0x08007840   0x00000010   Code   RO          468    i.USART1_IRQHandler  stm32h7xx_it.o
    0x08007850   0x08007850   0x00000078   Code   RO         6420    i.USBD_CDC_DataIn   usbd_cdc.o
    0x080078c8   0x080078c8   0x0000003e   Code   RO         6421    i.USBD_CDC_DataOut  usbd_cdc.o
    0x08007906   0x08007906   0x00000002   PAD
    0x08007908   0x08007908   0x00000094   Code   RO         6422    i.USBD_CDC_DeInit   usbd_cdc.o
    0x0800799c   0x0800799c   0x00000038   Code   RO         6423    i.USBD_CDC_EP0_RxReady  usbd_cdc.o
    0x080079d4   0x080079d4   0x0000000c   Code   RO         6424    i.USBD_CDC_GetDeviceQualifierDescriptor  usbd_cdc.o
    0x080079e0   0x080079e0   0x0000003c   Code   RO         6425    i.USBD_CDC_GetFSCfgDesc  usbd_cdc.o
    0x08007a1c   0x08007a1c   0x00000040   Code   RO         6426    i.USBD_CDC_GetHSCfgDesc  usbd_cdc.o
    0x08007a5c   0x08007a5c   0x0000003c   Code   RO         6427    i.USBD_CDC_GetOtherSpeedCfgDesc  usbd_cdc.o
    0x08007a98   0x08007a98   0x00000160   Code   RO         6428    i.USBD_CDC_Init     usbd_cdc.o
    0x08007bf8   0x08007bf8   0x00000048   Code   RO         6429    i.USBD_CDC_ReceivePacket  usbd_cdc.o
    0x08007c40   0x08007c40   0x00000018   Code   RO         6430    i.USBD_CDC_RegisterInterface  usbd_cdc.o
    0x08007c58   0x08007c58   0x0000001c   Code   RO         6431    i.USBD_CDC_SetRxBuffer  usbd_cdc.o
    0x08007c74   0x08007c74   0x00000020   Code   RO         6432    i.USBD_CDC_SetTxBuffer  usbd_cdc.o
    0x08007c94   0x08007c94   0x00000110   Code   RO         6433    i.USBD_CDC_Setup    usbd_cdc.o
    0x08007da4   0x08007da4   0x00000054   Code   RO         6434    i.USBD_CDC_TransmitPacket  usbd_cdc.o
    0x08007df8   0x08007df8   0x00000014   Code   RO         6088    i.USBD_ClrClassConfig  usbd_core.o
    0x08007e0c   0x08007e0c   0x00000026   Code   RO         6254    i.USBD_ClrFeature   usbd_ctlreq.o
    0x08007e32   0x08007e32   0x00000004   Code   RO         6089    i.USBD_CoreFindEP   usbd_core.o
    0x08007e36   0x08007e36   0x00000004   Code   RO         6090    i.USBD_CoreFindIF   usbd_core.o
    0x08007e3a   0x08007e3a   0x00000010   Code   RO         6356    i.USBD_CtlContinueRx  usbd_ioreq.o
    0x08007e4a   0x08007e4a   0x00000010   Code   RO         6357    i.USBD_CtlContinueSendData  usbd_ioreq.o
    0x08007e5a   0x08007e5a   0x00000018   Code   RO         6255    i.USBD_CtlError     usbd_ctlreq.o
    0x08007e72   0x08007e72   0x0000001e   Code   RO         6358    i.USBD_CtlPrepareRx  usbd_ioreq.o
    0x08007e90   0x08007e90   0x00000016   Code   RO         6359    i.USBD_CtlReceiveStatus  usbd_ioreq.o
    0x08007ea6   0x08007ea6   0x0000001a   Code   RO         6360    i.USBD_CtlSendData  usbd_ioreq.o
    0x08007ec0   0x08007ec0   0x00000016   Code   RO         6361    i.USBD_CtlSendStatus  usbd_ioreq.o
    0x08007ed6   0x08007ed6   0x00000034   Code   RO         6256    i.USBD_GetConfig    usbd_ctlreq.o
    0x08007f0a   0x08007f0a   0x000001b4   Code   RO         6257    i.USBD_GetDescriptor  usbd_ctlreq.o
    0x080080be   0x080080be   0x0000003c   Code   RO         6092    i.USBD_GetEpDesc    usbd_core.o
    0x080080fa   0x080080fa   0x00000018   Code   RO         6258    i.USBD_GetLen       usbd_ctlreq.o
    0x08008112   0x08008112   0x0000000e   Code   RO         6093    i.USBD_GetNextDesc  usbd_core.o
    0x08008120   0x08008120   0x00000036   Code   RO         6259    i.USBD_GetStatus    usbd_ctlreq.o
    0x08008156   0x08008156   0x00000044   Code   RO         6260    i.USBD_GetString    usbd_ctlreq.o
    0x0800819a   0x0800819a   0x00000024   Code   RO         5890    i.USBD_Get_USB_Status  usbd_conf.o
    0x080081be   0x080081be   0x00000002   PAD
    0x080081c0   0x080081c0   0x00000030   Code   RO         5727    i.USBD_HS_ConfigStrDescriptor  usbd_desc.o
    0x080081f0   0x080081f0   0x0000000c   Code   RO         5728    i.USBD_HS_DeviceDescriptor  usbd_desc.o
    0x080081fc   0x080081fc   0x00000034   Code   RO         5729    i.USBD_HS_InterfaceStrDescriptor  usbd_desc.o
    0x08008230   0x08008230   0x0000000c   Code   RO         5730    i.USBD_HS_LangIDStrDescriptor  usbd_desc.o
    0x0800823c   0x0800823c   0x00000028   Code   RO         5731    i.USBD_HS_ManufacturerStrDescriptor  usbd_desc.o
    0x08008264   0x08008264   0x0000003c   Code   RO         5732    i.USBD_HS_ProductStrDescriptor  usbd_desc.o
    0x080082a0   0x080082a0   0x00000014   Code   RO         5733    i.USBD_HS_SerialStrDescriptor  usbd_desc.o
    0x080082b4   0x080082b4   0x00000028   Code   RO         6094    i.USBD_Init         usbd_core.o
    0x080082dc   0x080082dc   0x00000012   Code   RO         5891    i.USBD_LL_ClearStallEP  usbd_conf.o
    0x080082ee   0x080082ee   0x00000012   Code   RO         5892    i.USBD_LL_CloseEP   usbd_conf.o
    0x08008300   0x08008300   0x000000dc   Code   RO         6095    i.USBD_LL_DataInStage  usbd_core.o
    0x080083dc   0x080083dc   0x000000d0   Code   RO         6096    i.USBD_LL_DataOutStage  usbd_core.o
    0x080084ac   0x080084ac   0x00000004   Code   RO         6097    i.USBD_LL_DevConnected  usbd_core.o
    0x080084b0   0x080084b0   0x00000020   Code   RO         6098    i.USBD_LL_DevDisconnected  usbd_core.o
    0x080084d0   0x080084d0   0x00000008   Code   RO         5896    i.USBD_LL_GetRxDataSize  usbd_conf.o
    0x080084d8   0x080084d8   0x00000068   Code   RO         5897    i.USBD_LL_Init      usbd_conf.o
    0x08008540   0x08008540   0x00000022   Code   RO         5898    i.USBD_LL_IsStallEP  usbd_conf.o
    0x08008562   0x08008562   0x0000002a   Code   RO         6099    i.USBD_LL_IsoINIncomplete  usbd_core.o
    0x0800858c   0x0800858c   0x0000002a   Code   RO         6100    i.USBD_LL_IsoOUTIncomplete  usbd_core.o
    0x080085b6   0x080085b6   0x00000018   Code   RO         5899    i.USBD_LL_OpenEP    usbd_conf.o
    0x080085ce   0x080085ce   0x00000012   Code   RO         5900    i.USBD_LL_PrepareReceive  usbd_conf.o
    0x080085e0   0x080085e0   0x00000060   Code   RO         6101    i.USBD_LL_Reset     usbd_core.o
    0x08008640   0x08008640   0x00000014   Code   RO         6102    i.USBD_LL_Resume    usbd_core.o
    0x08008654   0x08008654   0x0000001a   Code   RO         6103    i.USBD_LL_SOF       usbd_core.o
    0x0800866e   0x0800866e   0x00000006   Code   RO         6104    i.USBD_LL_SetSpeed  usbd_core.o
    0x08008674   0x08008674   0x00000012   Code   RO         5901    i.USBD_LL_SetUSBAddress  usbd_conf.o
    0x08008686   0x08008686   0x00000064   Code   RO         6105    i.USBD_LL_SetupStage  usbd_core.o
    0x080086ea   0x080086ea   0x00000012   Code   RO         5902    i.USBD_LL_StallEP   usbd_conf.o
    0x080086fc   0x080086fc   0x00000012   Code   RO         5903    i.USBD_LL_Start     usbd_conf.o
    0x0800870e   0x0800870e   0x0000001a   Code   RO         6106    i.USBD_LL_Suspend   usbd_core.o
    0x08008728   0x08008728   0x00000012   Code   RO         5905    i.USBD_LL_Transmit  usbd_conf.o
    0x0800873a   0x0800873a   0x00000032   Code   RO         6261    i.USBD_ParseSetupRequest  usbd_ctlreq.o
    0x0800876c   0x0800876c   0x0000003a   Code   RO         6107    i.USBD_RegisterClass  usbd_core.o
    0x080087a6   0x080087a6   0x00000004   Code   RO         6108    i.USBD_RunTestMode  usbd_core.o
    0x080087aa   0x080087aa   0x00000058   Code   RO         6262    i.USBD_SetAddress   usbd_ctlreq.o
    0x08008802   0x08008802   0x00000014   Code   RO         6109    i.USBD_SetClassConfig  usbd_core.o
    0x08008816   0x08008816   0x00000002   PAD
    0x08008818   0x08008818   0x000000dc   Code   RO         6263    i.USBD_SetConfig    usbd_ctlreq.o
    0x080088f4   0x080088f4   0x00000024   Code   RO         6264    i.USBD_SetFeature   usbd_ctlreq.o
    0x08008918   0x08008918   0x00000004   Code   RO         6110    i.USBD_Start        usbd_core.o
    0x0800891c   0x0800891c   0x00000076   Code   RO         6265    i.USBD_StdDevReq    usbd_ctlreq.o
    0x08008992   0x08008992   0x0000022e   Code   RO         6266    i.USBD_StdEPReq     usbd_ctlreq.o
    0x08008bc0   0x08008bc0   0x0000008e   Code   RO         6267    i.USBD_StdItfReq    usbd_ctlreq.o
    0x08008c4e   0x08008c4e   0x00000002   Code   RO         5906    i.USBD_static_free  usbd_conf.o
    0x08008c50   0x08008c50   0x00000008   Code   RO         5907    i.USBD_static_malloc  usbd_conf.o
    0x08008c58   0x08008c58   0x000000d0   Code   RO          901    i.USB_ActivateEndpoint  stm32h7xx_ll_usb.o
    0x08008d28   0x08008d28   0x00000028   Code   RO          903    i.USB_ActivateSetup  stm32h7xx_ll_usb.o
    0x08008d50   0x08008d50   0x00000098   Code   RO          905    i.USB_CoreInit      stm32h7xx_ll_usb.o
    0x08008de8   0x08008de8   0x00000058   Code   RO          906    i.USB_CoreReset     stm32h7xx_ll_usb.o
    0x08008e40   0x08008e40   0x0000014c   Code   RO          909    i.USB_DeactivateEndpoint  stm32h7xx_ll_usb.o
    0x08008f8c   0x08008f8c   0x00000024   Code   RO          910    i.USB_DevConnect    stm32h7xx_ll_usb.o
    0x08008fb0   0x08008fb0   0x00000024   Code   RO          911    i.USB_DevDisconnect  stm32h7xx_ll_usb.o
    0x08008fd4   0x08008fd4   0x000001d8   Code   RO          912    i.USB_DevInit       stm32h7xx_ll_usb.o
    0x080091ac   0x080091ac   0x0000000e   Code   RO          913    i.USB_DisableGlobalInt  stm32h7xx_ll_usb.o
    0x080091ba   0x080091ba   0x00000002   PAD
    0x080091bc   0x080091bc   0x00000070   Code   RO          916    i.USB_EP0_OutStart  stm32h7xx_ll_usb.o
    0x0800922c   0x0800922c   0x0000008e   Code   RO          917    i.USB_EPClearStall  stm32h7xx_ll_usb.o
    0x080092ba   0x080092ba   0x0000009a   Code   RO          918    i.USB_EPSetStall    stm32h7xx_ll_usb.o
    0x08009354   0x08009354   0x000003b4   Code   RO          919    i.USB_EPStartXfer   stm32h7xx_ll_usb.o
    0x08009708   0x08009708   0x000000ec   Code   RO          920    i.USB_EPStopXfer    stm32h7xx_ll_usb.o
    0x080097f4   0x080097f4   0x0000000e   Code   RO          921    i.USB_EnableGlobalInt  stm32h7xx_ll_usb.o
    0x08009802   0x08009802   0x00000002   PAD
    0x08009804   0x08009804   0x00000054   Code   RO          922    i.USB_FlushRxFifo   stm32h7xx_ll_usb.o
    0x08009858   0x08009858   0x00000058   Code   RO          923    i.USB_FlushTxFifo   stm32h7xx_ll_usb.o
    0x080098b0   0x080098b0   0x00000026   Code   RO          925    i.USB_GetDevSpeed   stm32h7xx_ll_usb.o
    0x080098d6   0x080098d6   0x0000000a   Code   RO          927    i.USB_GetMode       stm32h7xx_ll_usb.o
    0x080098e0   0x080098e0   0x00000014   Code   RO          935    i.USB_ReadDevAllInEpInterrupt  stm32h7xx_ll_usb.o
    0x080098f4   0x080098f4   0x00000014   Code   RO          936    i.USB_ReadDevAllOutEpInterrupt  stm32h7xx_ll_usb.o
    0x08009908   0x08009908   0x00000032   Code   RO          937    i.USB_ReadDevInEPInterrupt  stm32h7xx_ll_usb.o
    0x0800993a   0x0800993a   0x0000001a   Code   RO          938    i.USB_ReadDevOutEPInterrupt  stm32h7xx_ll_usb.o
    0x08009954   0x08009954   0x0000000a   Code   RO          939    i.USB_ReadInterrupts  stm32h7xx_ll_usb.o
    0x0800995e   0x0800995e   0x00000060   Code   RO          940    i.USB_ReadPacket    stm32h7xx_ll_usb.o
    0x080099be   0x080099be   0x00000068   Code   RO          942    i.USB_SetCurrentMode  stm32h7xx_ll_usb.o
    0x08009a26   0x08009a26   0x0000002a   Code   RO          943    i.USB_SetDevAddress  stm32h7xx_ll_usb.o
    0x08009a50   0x08009a50   0x00000012   Code   RO          944    i.USB_SetDevSpeed   stm32h7xx_ll_usb.o
    0x08009a62   0x08009a62   0x00000002   PAD
    0x08009a64   0x08009a64   0x000000e8   Code   RO          945    i.USB_SetTurnaroundTime  stm32h7xx_ll_usb.o
    0x08009b4c   0x08009b4c   0x00000044   Code   RO          948    i.USB_WritePacket   stm32h7xx_ll_usb.o
    0x08009b90   0x08009b90   0x00000004   Code   RO          469    i.UsageFault_Handler  stm32h7xx_it.o
    0x08009b94   0x08009b94   0x00000020   Code   RO         6745    i.__0printf$8       mc_w.l(printf8.o)
    0x08009bb4   0x08009bb4   0x00000010   Code   RO         2637    i.__NVIC_GetPriorityGrouping  stm32h7xx_hal_cortex.o
    0x08009bc4   0x08009bc4   0x00000028   Code   RO         2638    i.__NVIC_SetPriority  stm32h7xx_hal_cortex.o
    0x08009bec   0x08009bec   0x0000000e   Code   RO         6841    i.__scatterload_copy  mc_w.l(handlers.o)
    0x08009bfa   0x08009bfa   0x00000002   Code   RO         6842    i.__scatterload_null  mc_w.l(handlers.o)
    0x08009bfc   0x08009bfc   0x0000000e   Code   RO         6843    i.__scatterload_zeroinit  mc_w.l(handlers.o)
    0x08009c0a   0x08009c0a   0x00000002   PAD
    0x08009c0c   0x08009c0c   0x00000404   Code   RO         6752    i._printf_core      mc_w.l(printf8.o)
    0x0800a010   0x0800a010   0x00000024   Code   RO         6753    i._printf_post_padding  mc_w.l(printf8.o)
    0x0800a034   0x0800a034   0x0000002e   Code   RO         6754    i._printf_pre_padding  mc_w.l(printf8.o)
    0x0800a062   0x0800a062   0x00000002   PAD
    0x0800a064   0x0800a064   0x000000d0   Code   RO           17    i.data_shift        main.o
    0x0800a134   0x0800a134   0x00000060   Code   RO         5616    i.delay_us          ad9268.o
    0x0800a194   0x0800a194   0x0000001c   Code   RO           19    i.fputc             main.o
    0x0800a1b0   0x0800a1b0   0x00000294   Code   RO           20    i.main              main.o
    0x0800a444   0x0800a444   0x00000018   Data   RO         5096    .constdata          stm32h7xx_hal_uart.o
    0x0800a45c   0x0800a45c   0x00000010   Data   RO         5467    .constdata          stm32h7xx_hal_uart_ex.o
    0x0800a46c   0x0800a46c   0x00000010   Data   RO         5576    .constdata          system_stm32h7xx.o
    0x0800a47c   0x0800a47c   0x00000020   Data   RO         6839    Region$$Table       anon$$obj.o


    Execution Region RW_IRAM1 (Exec base: 0x20000000, Load base: 0x0800a49c, Size: 0x00000000, Max: 0x00020000, ABSOLUTE)

    **** No section assigned to this execution region ****


    Execution Region RW_IRAM2 (Exec base: 0x24000000, Load base: 0x0800a49c, Size: 0x00052f68, Max: 0x00080000, ABSOLUTE, COMPRESSED[0x000000c4])

    Exec Addr    Load Addr    Size         Type   Attr      Idx    E Section Name        Object

    0x24000000   COMPRESSED   0x00000038   Data   RW           22    .data               main.o
    0x24000038   COMPRESSED   0x00000009   Data   RW         2812    .data               stm32h7xx_hal.o
    0x24000041   COMPRESSED   0x00000003   PAD
    0x24000044   COMPRESSED   0x00000008   Data   RW         5577    .data               system_stm32h7xx.o
    0x2400004c   COMPRESSED   0x0000001c   Data   RW         5735    .data               usbd_desc.o
    0x24000068   COMPRESSED   0x00000032   Data   RW         5736    .data               usbd_desc.o
    0x2400009a   COMPRESSED   0x00000002   PAD
    0x2400009c   COMPRESSED   0x00000014   Data   RW         5823    .data               usbd_cdc_if.o
    0x240000b0   COMPRESSED   0x00000001   Data   RW         6268    .data               usbd_ctlreq.o
    0x240000b1   COMPRESSED   0x00000003   PAD
    0x240000b4   COMPRESSED   0x00000053   Data   RW         6435    .data               usbd_cdc.o
    0x24000107   COMPRESSED   0x00000001   PAD
    0x24000108   COMPRESSED   0x00000038   Data   RW         6436    .data               usbd_cdc.o
    0x24000140   COMPRESSED   0x00000004   Data   RW         6815    .data               mc_w.l(stdout.o)
    0x24000144        -       0x00050b54   Zero   RW           21    .bss                main.o
    0x24050c98        -       0x00000088   Zero   RW          303    .bss                spi.o
    0x24050d20        -       0x00000098   Zero   RW          349    .bss                tim.o
    0x24050db8        -       0x00000094   Zero   RW          416    .bss                usart.o
    0x24050e4c        -       0x00000110   Zero   RW         5617    .bss                ad9268.o
    0x24050f5c        -       0x000002dc   Zero   RW         5691    .bss                usb_device.o
    0x24051238        -       0x00000200   Zero   RW         5734    .bss                usbd_desc.o
    0x24051438        -       0x00001000   Zero   RW         5822    .bss                usbd_cdc_if.o
    0x24052438        -       0x0000072c   Zero   RW         5908    .bss                usbd_conf.o
    0x24052b64   COMPRESSED   0x00000004   PAD
    0x24052b68        -       0x00000400   Zero   RW            1    STACK               startup_stm32h750xx.o


==============================================================================

Image component sizes


      Code (inc. data)   RO Data    RW Data    ZI Data      Debug   Object Name

       940        120          0          0        272       4281   ad9268.o
       316         18          0          0          0       1195   gpio.o
      1262         82          0         56     330580    1354449   main.o
       308         24          0          0        136       1873   spi.o
        36          8        664          0       1024        828   startup_stm32h750xx.o
       272         52          0          9          0      23324   stm32h7xx_hal.o
       310         22          0          0          0      39979   stm32h7xx_hal_cortex.o
      2164         34          0          0          0       4303   stm32h7xx_hal_dma.o
       550         56          0          0          0       3396   stm32h7xx_hal_gpio.o
        44          6          0          0          0        918   stm32h7xx_hal_msp.o
      3650         16          0          0          0      13808   stm32h7xx_hal_pcd.o
       130          4          0          0          0       3165   stm32h7xx_hal_pcd_ex.o
       116         12          0          0          0       1326   stm32h7xx_hal_pwr_ex.o
      3640        114          0          0          0       6956   stm32h7xx_hal_rcc.o
      5300        108          0          0          0       7329   stm32h7xx_hal_rcc_ex.o
      2038         12          0          0          0       6312   stm32h7xx_hal_spi.o
      3346        250          0          0          0      19811   stm32h7xx_hal_tim.o
       210         30          0          0          0       3216   stm32h7xx_hal_tim_ex.o
      3736        148         24          0          0      31528   stm32h7xx_hal_uart.o
       360         10         16          0          0       5478   stm32h7xx_hal_uart_ex.o
       138         36          0          0          0       7082   stm32h7xx_it.o
      3890        100          0          0          0      22628   stm32h7xx_ll_usb.o
       252         40         16          8          0       1378   system_stm32h7xx.o
       576         44          0          0        152       4001   tim.o
       280         24          0          0        148       1874   usart.o
        84         18          0          0        732        780   usb_device.o
      1446         40          0        139          0      14665   usbd_cdc.o
       120         20          0         20       4096       4176   usbd_cdc_if.o
       828         36          0          0       1836      16944   usbd_conf.o
      1050          0          0          0          0      16293   usbd_core.o
      1908         28          0          1          0      18060   usbd_ctlreq.o
       362        110          0         78        512       6973   usbd_desc.o
       132          0          0          0          0       4580   usbd_ioreq.o

    ----------------------------------------------------------------------
     39832       1622        752        320     339492    1652909   Object Totals
         0          0         32          0          0          0   (incl. Generated)
        38          0          0          9          4          0   (incl. Padding)

    ----------------------------------------------------------------------

      Code (inc. data)   RO Data    RW Data    ZI Data      Debug   Library Member Name

        86          0          0          0          0          0   __dczerorl2.o
         0          0          0          0          0          0   entry.o
         0          0          0          0          0          0   entry10a.o
         0          0          0          0          0          0   entry11a.o
         4          0          0          0          0          0   entry12b.o
         8          4          0          0          0          0   entry2.o
         4          0          0          0          0          0   entry5.o
         0          0          0          0          0          0   entry7b.o
         0          0          0          0          0          0   entry8b.o
         8          4          0          0          0          0   entry9a.o
        30          0          0          0          0          0   handlers.o
        36          8          0          0          0         68   init.o
        30          0          0          0          0         68   llshl.o
        32          0          0          0          0         68   llushr.o
        36          0          0          0          0         68   memcpya.o
        36          0          0          0          0        108   memseta.o
      1142         54          0          0          0        352   printf8.o
         0          0          0          4          0          0   stdout.o
        98          0          0          0          0         92   uldiv.o

    ----------------------------------------------------------------------
      1556         70          0          4          0        824   Library Totals
         6          0          0          0          0          0   (incl. Padding)

    ----------------------------------------------------------------------

      Code (inc. data)   RO Data    RW Data    ZI Data      Debug   Library Name

      1550         70          0          4          0        824   mc_w.l

    ----------------------------------------------------------------------
      1556         70          0          4          0        824   Library Totals

    ----------------------------------------------------------------------

==============================================================================


      Code (inc. data)   RO Data    RW Data    ZI Data      Debug   

     41388       1692        752        324     339492    1626953   Grand Totals
     41388       1692        752        196     339492    1626953   ELF Image Totals (compressed)
     41388       1692        752        196          0          0   ROM Totals

==============================================================================

    Total RO  Size (Code + RO Data)                42140 (  41.15kB)
    Total RW  Size (RW Data + ZI Data)            339816 ( 331.85kB)
    Total ROM Size (Code + RO Data + RW Data)      42336 (  41.34kB)

==============================================================================

